 zlibwapi

 Timestamp is 627863cc (Sun May  8 19:43:56 2022)

 Preferred load address is 10000000

 Start         Length     Name                   Class
 0001:00000000 00054badH .text$mn                CODE
 0001:00054bad 00000097H .text$x                 CODE
 0002:00000000 00000150H .idata$5                DATA
 0002:00000150 0000000cH .00cfg                  DATA
 0002:0000015c 00000004H .CRT$XCA                DATA
 0002:00000160 00000004H .CRT$XCZ                DATA
 0002:00000164 00000004H .CRT$XIA                DATA
 0002:00000168 00000010H .CRT$XIC                DATA
 0002:00000178 00000004H .CRT$XIZ                DATA
 0002:0000017c 00000004H .CRT$XPA                DATA
 0002:00000180 00000008H .CRT$XPX                DATA
 0002:00000188 00000004H .CRT$XPXA               DATA
 0002:0000018c 00000004H .CRT$XPZ                DATA
 0002:00000190 00000004H .CRT$XTA                DATA
 0002:00000194 0000000cH .CRT$XTZ                DATA
 0002:00000198 00000000H .gfids$y                DATA
 0002:000001a0 0000c4a0H .rdata                  DATA
 0002:0000c640 00000040H .rdata$CastGuardVftablesA DATA
 0002:0000c680 00000040H .rdata$CastGuardVftablesC DATA
 0002:0000c6c0 000002a0H .rdata$r                DATA
 0002:0000c960 0000011cH .rdata$voltmd           DATA
 0002:0000ca7c 00000378H .rdata$zzzdbg           DATA
 0002:0000cdf4 00000004H .rtc$IAA                DATA
 0002:0000cdf8 00000004H .rtc$IZZ                DATA
 0002:0000cdfc 00000004H .rtc$TAA                DATA
 0002:0000ce00 00000008H .rtc$TZZ                DATA
 0002:0000ce08 00000aa8H .xdata$x                DATA
 0002:0000d8b0 00000cfcH .edata                  DATA
 0002:0000e5ac 00000014H .idata$2                DATA
 0002:0000e5c0 00000014H .idata$3                DATA
 0002:0000e5d4 00000150H .idata$4                DATA
 0002:0000e724 0000061cH .idata$6                DATA
 0003:00000000 000008b0H .data                   DATA
 0003:000008b0 00000058H .data$r                 DATA
 0003:00000908 000000b8H .data$rs                DATA
 0003:000009c0 000012c8H .bss                    DATA
 0004:00000000 00000060H .rsrc$01                DATA
 0004:00000060 00000338H .rsrc$02                DATA

  Address         Publics by Value              Rva+Base       Lib:Object

 0000:00000000       ___hybrid_code_map_count   00000000     <absolute>
 0000:00000000       ___guard_fids_table        00000000     <absolute>
 0000:00000000       ___x64_code_ranges_to_entry_points 00000000     <absolute>
 0000:00000000       ___safe_se_handler_count   00000000     <absolute>
 0000:00000000       ___guard_eh_cont_table     00000000     <absolute>
 0000:00000000       ___AbsoluteZero            00000000     <absolute>
 0000:00000000       ___arm64x_native_entrypoint 00000000     <absolute>
 0000:00000000       ___guard_iat_count         00000000     <absolute>
 0000:00000000       __except_list              00000000     <absolute>
 0000:00000000       ___enclave_config          00000000     <absolute>
 0000:00000000       ___arm64x_extra_rfe_table_size 00000000     <absolute>
 0000:00000000       ___safe_se_handler_table   00000000     <absolute>
 0000:00000000       ___guard_fids_count        00000000     <absolute>
 0000:00000000       ___guard_iat_table         00000000     <absolute>
 0000:00000000       ___dynamic_value_reloc_table 00000000     <absolute>
 0000:00000000       ___arm64x_redirection_metadata 00000000     <absolute>
 0000:00000000       ___x64_code_ranges_to_entry_points_count 00000000     <absolute>
 0000:00000000       ___guard_longjmp_table     00000000     <absolute>
 0000:00000000       ___hybrid_code_map         00000000     <absolute>
 0000:00000000       ___hybrid_auxiliary_iat    00000000     <absolute>
 0000:00000000       ___guard_longjmp_count     00000000     <absolute>
 0000:00000000       ___guard_eh_cont_count     00000000     <absolute>
 0000:00000000       ___hybrid_auxiliary_iat_copy 00000000     <absolute>
 0000:00000000       ___arm64x_extra_rfe_table  00000000     <absolute>
 0000:00000000       ___guard_check_icall_a64n_fptr 00000000     <absolute>
 0000:00000000       ___arm64x_redirection_metadata_count 00000000     <absolute>
 0000:00000100       ___guard_flags             00000100     <absolute>
 0000:00000000       ___ImageBase               10000000     <linker-defined>
 0001:00000000       _adler32_z@12              10001000 f   adler32.obj
 0001:00000280       _adler32@12                10001280 f   adler32.obj
 0001:000003c0       _adler32_combine@12        100013c0 f   adler32.obj
 0001:000003e0       _compress2@20              100013e0 f   compress.obj
 0001:000004c0       _compress@16               100014c0 f   compress.obj
 0001:000004e0       _compressBound@4           100014e0 f   compress.obj
 0001:00000500       _get_crc_table@0           10001500 f   crc32.obj
 0001:00000510       _crc32_z@12                10001510 f   crc32.obj
 0001:00000540       _crc32@12                  10001540 f   crc32.obj
 0001:00000c10       _crc32_combine@12          10001c10 f   crc32.obj
 0001:00000ca0       _deflateInit_@16           10001ca0 f   deflate.obj
 0001:00000cc0       _deflateInit2_@32          10001cc0 f   deflate.obj
 0001:00000f60       _deflateSetDictionary@12   10001f60 f   deflate.obj
 0001:00001100       _deflateGetDictionary@12   10002100 f   deflate.obj
 0001:00001160       _deflateResetKeep@4        10002160 f   deflate.obj
 0001:00001200       _deflateReset@4            10002200 f   deflate.obj
 0001:00001230       _deflateSetHeader@8        10002230 f   deflate.obj
 0001:00001260       _deflatePending@12         10002260 f   deflate.obj
 0001:000012a0       _deflatePrime@12           100022a0 f   deflate.obj
 0001:00001340       _deflateParams@12          10002340 f   deflate.obj
 0001:000014a0       _deflateTune@20            100024a0 f   deflate.obj
 0001:000014f0       _deflateBound@8            100024f0 f   deflate.obj
 0001:00001660       _deflate@8                 10002660 f   deflate.obj
 0001:00001f70       _deflateEnd@4              10002f70 f   deflate.obj
 0001:00002020       _deflateCopy@8             10003020 f   deflate.obj
 0001:000032f0       _gzclose@4                 100042f0 f   gzclose.obj
 0001:00003320       ___local_stdio_printf_options 10004320 f i gzlib.obj
 0001:00003330       _vsnprintf                 10004330 f i gzlib.obj
 0001:00003370       _snprintf                  10004370 f i gzlib.obj
 0001:00003720       _gzopen@8                  10004720 f   gzlib.obj
 0001:00003740       _gzdopen@8                 10004740 f   gzlib.obj
 0001:000037a0       _gzopen_w@8                100047a0 f   gzlib.obj
 0001:000037c0       _gzbuffer@8                100047c0 f   gzlib.obj
 0001:00003810       _gzrewind@4                10004810 f   gzlib.obj
 0001:00003870       _gzseek64@16               10004870 f   gzlib.obj
 0001:00003a20       _gzseek@12                 10004a20 f   gzlib.obj
 0001:00003a60       _gztell64@4                10004a60 f   gzlib.obj
 0001:00003ac0       _gztell@4                  10004ac0 f   gzlib.obj
 0001:00003af0       _gzoffset64@4              10004af0 f   gzlib.obj
 0001:00003b40       _gzoffset@4                10004b40 f   gzlib.obj
 0001:00003b70       _gzeof@4                   10004b70 f   gzlib.obj
 0001:00003ba0       _gzerror@8                 10004ba0 f   gzlib.obj
 0001:00003bf0       _gzclearerr@4              10004bf0 f   gzlib.obj
 0001:00003c40       _gz_error                  10004c40 f   gzlib.obj
 0001:00004310       _gzread@12                 10005310 f   gzread.obj
 0001:00004380       _gzfread@16                10005380 f   gzread.obj
 0001:00004400       _gzgetc@4                  10005400 f   gzread.obj
 0001:00004470       _gzgetc_@4                 10005470 f   gzread.obj
 0001:00004480       _gzungetc@8                10005480 f   gzread.obj
 0001:00004580       _gzgets@12                 10005580 f   gzread.obj
 0001:000046a0       _gzdirect@4                100056a0 f   gzread.obj
 0001:000046e0       _gzclose_r@4               100056e0 f   gzread.obj
 0001:00004b50       _gzwrite@12                10005b50 f   gzwrite.obj
 0001:00004ba0       _gzfwrite@16               10005ba0 f   gzwrite.obj
 0001:00004c10       _gzputc@8                  10005c10 f   gzwrite.obj
 0001:00004cd0       _gzputs@8                  10005cd0 f   gzwrite.obj
 0001:00004d20       _gzvprintf                 10005d20 f   gzwrite.obj
 0001:00004e50       _gzprintf                  10005e50 f   gzwrite.obj
 0001:00004e70       _gzflush@8                 10005e70 f   gzwrite.obj
 0001:00004ee0       _gzsetparams@12            10005ee0 f   gzwrite.obj
 0001:00004fa0       _gzclose_w@4               10005fa0 f   gzwrite.obj
 0001:00005070       _inflateBackInit_@20       10006070 f   infback.obj
 0001:00005170       _inflateBack@20            10006170 f   infback.obj
 0001:00005f20       _inflateBackEnd@4          10006f20 f   infback.obj
 0001:00005fa0       _inflateResetKeep@4        10006fa0 f   inflate.obj
 0001:00006040       _inflateReset@4            10007040 f   inflate.obj
 0001:00006080       _inflateReset2@8           10007080 f   inflate.obj
 0001:00006110       _inflateInit2_@16          10007110 f   inflate.obj
 0001:000061e0       _inflateInit_@12           100071e0 f   inflate.obj
 0001:00006200       _inflatePrime@12           10007200 f   inflate.obj
 0001:00006390       _inflate@8                 10007390 f   inflate.obj
 0001:00007b30       _inflateEnd@4              10008b30 f   inflate.obj
 0001:00007b90       _inflateGetDictionary@12   10008b90 f   inflate.obj
 0001:00007c00       _inflateSetDictionary@12   10008c00 f   inflate.obj
 0001:00007ca0       _inflateGetHeader@8        10008ca0 f   inflate.obj
 0001:00007d60       _inflateSync@4             10008d60 f   inflate.obj
 0001:00007e60       _inflateSyncPoint@4        10008e60 f   inflate.obj
 0001:00007ea0       _inflateCopy@8             10008ea0 f   inflate.obj
 0001:00008000       _inflateUndermine@8        10009000 f   inflate.obj
 0001:00008030       _inflateValidate@8         10009030 f   inflate.obj
 0001:00008070       _inflateMark@4             10009070 f   inflate.obj
 0001:000080e0       _inflateCodesUsed@4        100090e0 f   inflate.obj
 0001:00008110       _inflate_table             10009110 f   inftrees.obj
 0001:000085f0       _call_zopen64              100095f0 f   ioapi.obj
 0001:00008610       _call_zseek64              10009610 f   ioapi.obj
 0001:00008660       _call_ztell64              10009660 f   ioapi.obj
 0001:00008690       _fill_zlib_filefunc64_32_def_from_filefunc32 10009690 f   ioapi.obj
 0001:000088a0       _fill_fopen64_filefunc     100098a0 f   ioapi.obj
 0001:00008990       _win32_open64_file_func    10009990 f   iowin32.obj
 0001:000089f0       _win32_open64_file_funcA   100099f0 f   iowin32.obj
 0001:00008a50       _win32_open64_file_funcW   10009a50 f   iowin32.obj
 0001:00008ab0       _win32_open_file_func      10009ab0 f   iowin32.obj
 0001:00008b10       _win32_read_file_func      10009b10 f   iowin32.obj
 0001:00008b60       _win32_write_file_func     10009b60 f   iowin32.obj
 0001:00008c10       _win32_tell_file_func      10009c10 f   iowin32.obj
 0001:00008c60       _win32_tell64_file_func    10009c60 f   iowin32.obj
 0001:00008cc0       _win32_seek_file_func      10009cc0 f   iowin32.obj
 0001:00008d30       _win32_seek64_file_func    10009d30 f   iowin32.obj
 0001:00008db0       _win32_close_file_func     10009db0 f   iowin32.obj
 0001:00008de0       _win32_error_file_func     10009de0 f   iowin32.obj
 0001:00008e00       _fill_win32_filefunc       10009e00 f   iowin32.obj
 0001:00008e40       _fill_win32_filefunc64     10009e40 f   iowin32.obj
 0001:00008e80       _fill_win32_filefunc64A    10009e80 f   iowin32.obj
 0001:00008ec0       _fill_win32_filefunc64W    10009ec0 f   iowin32.obj
 0001:00008f10       __tr_init                  10009f10 f   trees.obj
 0001:00009ef0       __tr_stored_block          1000aef0 f   trees.obj
 0001:00009ff0       __tr_flush_bits            1000aff0 f   trees.obj
 0001:0000a000       __tr_align                 1000b000 f   trees.obj
 0001:0000a0e0       __tr_flush_block           1000b0e0 f   trees.obj
 0001:0000a8c0       _uncompress2@16            1000b8c0 f   uncompr.obj
 0001:0000a9f0       _uncompress@16             1000b9f0 f   uncompr.obj
 0001:0000ad70       _unzStringFileNameCompare@12 1000bd70 f   unzip.obj
 0001:0000b650       _unzOpen2@8                1000c650 f   unzip.obj
 0001:0000b6a0       _unzOpen2_64@8             1000c6a0 f   unzip.obj
 0001:0000b700       _unzOpen@4                 1000c700 f   unzip.obj
 0001:0000b720       _unzOpen64@4               1000c720 f   unzip.obj
 0001:0000b740       _unzClose@4                1000c740 f   unzip.obj
 0001:0000b780       _unzGetGlobalInfo64@8      1000c780 f   unzip.obj
 0001:0000b7b0       _unzGetGlobalInfo@8        1000c7b0 f   unzip.obj
 0001:0000be30       _unzGetCurrentFileInfo64@32 1000ce30 f   unzip.obj
 0001:0000be60       _unzGetCurrentFileInfo@32  1000ce60 f   unzip.obj
 0001:0000bf20       _unzGoToFirstFile@4        1000cf20 f   unzip.obj
 0001:0000bf90       _unzGoToNextFile@4         1000cf90 f   unzip.obj
 0001:0000c040       _unzLocateFile@12          1000d040 f   unzip.obj
 0001:0000c1f0       _unzGetFilePos64@8         1000d1f0 f   unzip.obj
 0001:0000c240       _unzGetFilePos@8           1000d240 f   unzip.obj
 0001:0000c270       _unzGoToFilePos64@8        1000d270 f   unzip.obj
 0001:0000c2e0       _unzGoToFilePos@8          1000d2e0 f   unzip.obj
 0001:0000c580       _unzOpenCurrentFile3@20    1000d580 f   unzip.obj
 0001:0000c800       _unzOpenCurrentFile@4      1000d800 f   unzip.obj
 0001:0000c820       _unzOpenCurrentFilePassword@8 1000d820 f   unzip.obj
 0001:0000c840       _unzOpenCurrentFile2@16    1000d840 f   unzip.obj
 0001:0000c860       _unzGetCurrentFileZStreamPos64@4 1000d860 f   unzip.obj
 0001:0000c8a0       _unzReadCurrentFile@12     1000d8a0 f   unzip.obj
 0001:0000cb60       _unztell@4                 1000db60 f   unzip.obj
 0001:0000cb90       _unztell64@4               1000db90 f   unzip.obj
 0001:0000cbc0       _unzeof@4                  1000dbc0 f   unzip.obj
 0001:0000cc00       _unzGetLocalExtrafield@12  1000dc00 f   unzip.obj
 0001:0000ccd0       _unzCloseCurrentFile@4     1000dcd0 f   unzip.obj
 0001:0000cd60       _unzGetGlobalComment@12    1000dd60 f   unzip.obj
 0001:0000d970       _LoadCentralDirectoryRecord 1000e970 f   zip.obj
 0001:0000de30       _zipOpen3@16               1000ee30 f   zip.obj
 0001:0000dfa0       _zipOpen2@16               1000efa0 f   zip.obj
 0001:0000dff0       _zipOpen2_64@16            1000eff0 f   zip.obj
 0001:0000e050       _zipOpen@8                 1000f050 f   zip.obj
 0001:0000e070       _zipOpen64@8               1000f070 f   zip.obj
 0001:0000e090       _Write_LocalFileHeader     1000f090 f   zip.obj
 0001:0000e2d0       _zipOpenNewFileInZip4_64@76 1000f2d0 f   zip.obj
 0001:0000e820       _zipOpenNewFileInZip3@64   1000f820 f   zip.obj
 0001:0000e870       _zipOpenNewFileInZip3_64@68 1000f870 f   zip.obj
 0001:0000e8c0       _zipOpenNewFileInZip2@44   1000f8c0 f   zip.obj
 0001:0000e900       _zipOpenNewFileInZip2_64@48 1000f900 f   zip.obj
 0001:0000e940       _zipOpenNewFileInZip64@44  1000f940 f   zip.obj
 0001:0000e980       _zipOpenNewFileInZip@40    1000f980 f   zip.obj
 0001:0000ea80       _zipWriteInFileInZip@12    1000fa80 f   zip.obj
 0001:0000ebd0       _zipCloseFileInZipRaw@12   1000fbd0 f   zip.obj
 0001:0000ebf0       _zipCloseFileInZipRaw64@16 1000fbf0 f   zip.obj
 0001:0000f140       _zipCloseFileInZip@4       10010140 f   zip.obj
 0001:0000f160       _Write_Zip64EndOfCentralDirectoryLocator 10010160 f   zip.obj
 0001:0000f1e0       _Write_Zip64EndOfCentralDirectoryRecord 100101e0 f   zip.obj
 0001:0000f300       _Write_EndOfCentralDirectoryRecord 10010300 f   zip.obj
 0001:0000f430       _Write_GlobalComment       10010430 f   zip.obj
 0001:0000f4a0       _zipClose@8                100104a0 f   zip.obj
 0001:0000f630       _zlibVersion@0             10010630 f   zutil.obj
 0001:0000f640       _zlibCompileFlags@0        10010640 f   zutil.obj
 0001:0000f650       _zError@4                  10010650 f   zutil.obj
 0001:0000f670       _zcalloc                   10010670 f   zutil.obj
 0001:0000f690       _zcfree                    10010690 f   zutil.obj
 0001:0000f6a0       _longest_match             100106a0 f   match686.obj
 0001:0000f884       _match_init                10010884 f   match686.obj
 0001:0000f990       _inflate_fast              10010990 f   inffas32.obj
 0001:00010023       _ReadFile@20               10011023 f   kernel32:KERNEL32.dll
 0001:00010029       _WriteFile@20              10011029 f   kernel32:KERNEL32.dll
 0001:0001002f       _SetFilePointer@16         1001102f f   kernel32:KERNEL32.dll
 0001:00010035       _CreateFileW@28            10011035 f   kernel32:KERNEL32.dll
 0001:0001003b       _GetLastError@0            1001103b f   kernel32:KERNEL32.dll
 0001:00010041       _CreateFileA@28            10011041 f   kernel32:KERNEL32.dll
 0001:00010047       _CloseHandle@4             10011047 f   kernel32:KERNEL32.dll
 0001:0001038d       __CRT_INIT@12              1001138d f   LIBCMT:dll_dllmain.obj
 0001:00010396       __DllMainCRTStartup@12     10011396 f   LIBCMT:dll_dllmain.obj
 0001:00010406       ___security_init_cookie    10011406 f   LIBCMT:gs_support.obj
 0001:00010451       _DllMain@12                10011451 f   LIBCMT:dll_dllmain_stub.obj
 0001:00010457       ?__scrt_initialize_type_info@@YAXXZ 10011457 f   LIBCMT:tncleanup.obj
 0001:00010463       ?__scrt_uninitialize_type_info@@YAXXZ 10011463 f   LIBCMT:tncleanup.obj
 0001:0001046f       ___local_stdio_scanf_options 1001146f f i LIBCMT:default_local_stdio_options.obj
 0001:00010475       ___scrt_initialize_default_local_stdio_options 10011475 f   LIBCMT:default_local_stdio_options.obj
 0001:00010492       ?configure_argv@__scrt_narrow_argv_policy@@SAHXZ 10011492 f i LIBCMT:utility.obj
 0001:000104e3       ?initialize_environment@__scrt_narrow_environment_policy@@SAHXZ 100114e3 f i LIBCMT:utility.obj
 0001:0001051b       _NtCurrentTeb              1001151b f i LIBCMT:utility.obj
 0001:00010522       ___scrt_acquire_startup_lock 10011522 f   LIBCMT:utility.obj
 0001:00010554       ___scrt_dllmain_after_initialize_c 10011554 f   LIBCMT:utility.obj
 0001:0001057f       ___scrt_dllmain_before_initialize_c 1001157f f   LIBCMT:utility.obj
 0001:0001058d       ___scrt_dllmain_crt_thread_attach 1001158d f   LIBCMT:utility.obj
 0001:000105ac       ___scrt_dllmain_crt_thread_detach 100115ac f   LIBCMT:utility.obj
 0001:000105b9       ___scrt_dllmain_exception_filter 100115b9 f   LIBCMT:utility.obj
 0001:000105ed       ___scrt_dllmain_uninitialize_c 100115ed f   LIBCMT:utility.obj
 0001:00010610       ___scrt_dllmain_uninitialize_critical 10011610 f   LIBCMT:utility.obj
 0001:0001061d       ___scrt_initialize_crt     1001161d f   LIBCMT:utility.obj
 0001:00010656       ___scrt_initialize_onexit_tables 10011656 f   LIBCMT:utility.obj
 0001:000106dd       ___scrt_is_nonwritable_in_current_image 100116dd f   LIBCMT:utility.obj
 0001:00010771       ___scrt_release_startup_lock 10011771 f   LIBCMT:utility.obj
 0001:0001078e       ___scrt_uninitialize_crt   1001178e f   LIBCMT:utility.obj
 0001:000107b6       __onexit                   100117b6 f   LIBCMT:utility.obj
 0001:000107e3       _at_quick_exit             100117e3 f   LIBCMT:utility.obj
 0001:00010806       _atexit                    10011806 f   LIBCMT:utility.obj
 0001:0001081b       ___scrt_get_dyn_tls_init_callback 1001181b f   LIBCMT:dyn_tls_init.obj
 0001:00010821       ___scrt_fastfail           10011821 f   LIBCMT:utility_desktop.obj
 0001:0001093c       ___scrt_get_show_window_mode 1001193c f   LIBCMT:utility_desktop.obj
 0001:0001096d       ___scrt_initialize_mta     1001196d f   LIBCMT:utility_desktop.obj
 0001:00010972       ___scrt_initialize_winrt   10011972 f   LIBCMT:utility_desktop.obj
 0001:00010975       ___scrt_is_managed_app     10011975 f   LIBCMT:utility_desktop.obj
 0001:000109b7       ___scrt_set_unhandled_exception_filter 100119b7 f   LIBCMT:utility_desktop.obj
 0001:000109c3       ___scrt_exe_initialize_mta 100119c3 f   LIBCMT:utility_desktop.obj
 0001:000109c3       ___scrt_stub_for_initialize_mta 100119c3 f   LIBCMT:utility_desktop.obj
 0001:000109c6       ___scrt_unhandled_exception_filter@4 100119c6 f   LIBCMT:utility_desktop.obj
 0001:00010a1c       __crt_debugger_hook        10011a1c f   LIBCMT:utility_desktop.obj
 0001:00010a24       __RTC_Initialize           10011a24 f   LIBCMT:initsect.obj
 0001:00010a50       __RTC_Terminate            10011a50 f   LIBCMT:initsect.obj
 0001:00010a80       __SEH_prolog4              10011a80 f   LIBCMT:sehprolg4.obj
 0001:00010ad0       __SEH_epilog4              10011ad0 f   LIBCMT:sehprolg4.obj
 0001:00010ae4       @_guard_check_icall_nop@4  10011ae4 f i LIBCMT:guard_support.obj
 0001:00010ae7       _ReadNoFence               10011ae7 f i LIBCMT:guard_support.obj
 0001:00010af1       _ReadPointerNoFence        10011af1 f i LIBCMT:guard_support.obj
 0001:00010afb       ___castguard_check_failure_debugbreak 10011afb f i LIBCMT:guard_support.obj
 0001:00010b16       ___castguard_check_failure_fastfail 10011b16 f i LIBCMT:guard_support.obj
 0001:00010b35       ___castguard_check_failure_nop 10011b35 f i LIBCMT:guard_support.obj
 0001:00010b38       ___castguard_check_failure_os_handled 10011b38 f i LIBCMT:guard_support.obj
 0001:00010b94       ___castguard_slow_path_check_debugbreak 10011b94 f i LIBCMT:guard_support.obj
 0001:00010bc1       ___castguard_slow_path_check_fastfail 10011bc1 f i LIBCMT:guard_support.obj
 0001:00010bf2       ___castguard_slow_path_check_nop 10011bf2 f i LIBCMT:guard_support.obj
 0001:00010bf5       ___castguard_slow_path_check_os_handled 10011bf5 f i LIBCMT:guard_support.obj
 0001:00010c50       __guard_icall_checks_enforced 10011c50 f i LIBCMT:guard_support.obj
 0001:00010c62       ___isa_available_init      10011c62 f   LIBCMT:cpu_disp.obj
 0001:00010e36       __get_startup_argv_mode    10011e36 f   LIBCMT:argv_mode.obj
 0001:00010e3a       ___scrt_is_ucrt_dll_in_use 10011e3a f   LIBCMT:ucrt_detection.obj
 0001:00010e46       @__security_check_cookie@4 10011e46 f   LIBCMT:secchk.obj
 0001:00010e54       ___raise_securityfailure   10011e54 f   LIBCMT:gs_report.obj
 0001:00010e7c       ___report_gsfailure        10011e7c f   LIBCMT:gs_report.obj
 0001:00010f76       ___report_rangecheckfailure 10011f76 f   LIBCMT:gs_report.obj
 0001:00010f82       ___report_securityfailure  10011f82 f   LIBCMT:gs_report.obj
 0001:00011051       ___report_securityfailureEx 10012051 f   LIBCMT:gs_report.obj
 0001:000111b0       __except_handler4          100121b0 f   libvcruntime:chandler4.obj
 0001:0001131c       ??$?RD@__crt_internal_free_policy@@QBEXQBD@Z 1001231c f i libvcruntime:std_type_info.obj
 0001:0001132c       ??$?RX@__crt_internal_free_policy@@QBEXQBX@Z 1001232c f i libvcruntime:std_type_info.obj
 0001:0001133c       ??$__crt_interlocked_compare_exchange_pointer@$$CBDPAD$$T@@YAPBDPDSBDQAD$$T@Z 1001233c f i libvcruntime:std_type_info.obj
 0001:0001134e       ??$__crt_interlocked_read_pointer@$$CBD@@YAPBDPDSBD@Z 1001234e f i libvcruntime:std_type_info.obj
 0001:00011359       ??0?$__crt_unique_heap_ptr@DU__crt_internal_free_policy@@@@QAE@QAD@Z 10012359 f i libvcruntime:std_type_info.obj
 0001:00011367       ??0?$__crt_unique_heap_ptr@XU__crt_internal_free_policy@@@@QAE@QAX@Z 10012367 f i libvcruntime:std_type_info.obj
 0001:00011375       ??1?$__crt_unique_heap_ptr@DU__crt_internal_free_policy@@@@QAE@XZ 10012375 f i libvcruntime:std_type_info.obj
 0001:00011385       ??1?$__crt_unique_heap_ptr@XU__crt_internal_free_policy@@@@QAE@XZ 10012385 f i libvcruntime:std_type_info.obj
 0001:00011395       ??B?$__crt_unique_heap_ptr@DU__crt_internal_free_policy@@@@QBE_NXZ 10012395 f i libvcruntime:std_type_info.obj
 0001:0001139c       ??B?$__crt_unique_heap_ptr@XU__crt_internal_free_policy@@@@QBE_NXZ 1001239c f i libvcruntime:std_type_info.obj
 0001:000113cf       ?__crt_interlocked_read_32@@YAHPDH@Z 100123cf f i libvcruntime:std_type_info.obj
 0001:000113da       ?detach@?$__crt_unique_heap_ptr@XU__crt_internal_free_policy@@@@QAEPAXXZ 100123da f i libvcruntime:std_type_info.obj
 0001:000113e0       ?get@?$__crt_unique_heap_ptr@DU__crt_internal_free_policy@@@@QBEPADXZ 100123e0 f i libvcruntime:std_type_info.obj
 0001:000113e3       ?get@?$__crt_unique_heap_ptr@XU__crt_internal_free_policy@@@@QBEPAXXZ 100123e3 f i libvcruntime:std_type_info.obj
 0001:000113e6       ?is_valid@?$__crt_unique_heap_ptr@DU__crt_internal_free_policy@@@@QBE_NXZ 100123e6 f i libvcruntime:std_type_info.obj
 0001:000113ed       ?is_valid@?$__crt_unique_heap_ptr@XU__crt_internal_free_policy@@@@QBE_NXZ 100123ed f i libvcruntime:std_type_info.obj
 0001:000113f4       ?release@?$__crt_unique_heap_ptr@DU__crt_internal_free_policy@@@@QAEXXZ 100123f4 f i libvcruntime:std_type_info.obj
 0001:00011404       ?release@?$__crt_unique_heap_ptr@XU__crt_internal_free_policy@@@@QAEXXZ 10012404 f i libvcruntime:std_type_info.obj
 0001:00011414       ___std_type_info_compare   10012414 f   libvcruntime:std_type_info.obj
 0001:00011450       ___std_type_info_destroy_list 10012450 f   libvcruntime:std_type_info.obj
 0001:00011473       ___std_type_info_hash      10012473 f   libvcruntime:std_type_info.obj
 0001:00011499       ___std_type_info_name      10012499 f   libvcruntime:std_type_info.obj
 0001:0001155f       ___vcrt_initialize         1001255f f   libvcruntime:initialization.obj
 0001:0001157e       ___vcrt_thread_attach      1001257e f   libvcruntime:initialization.obj
 0001:00011589       ___vcrt_thread_detach      10012589 f   libvcruntime:initialization.obj
 0001:00011594       ___vcrt_uninitialize       10012594 f   libvcruntime:initialization.obj
 0001:000115ab       ___vcrt_uninitialize_critical 100125ab f   libvcruntime:initialization.obj
 0001:000115b6       ___DestructExceptionObject 100125b6 f   libvcruntime:ehhelpers.obj
 0001:00011657       ?_CallMemberFunction0@@YGXQAX0@Z 10012657 f i libvcruntime:ehhelpers.obj
 0001:000116bc       ?raw_name@type_info@@QBEPBDXZ 100126bc f i libvcruntime:ehhelpers.obj
 0001:000116c0       __IsExceptionObjectToBeDestroyed 100126c0 f   libvcruntime:ehhelpers.obj
 0001:000116e6       __SetWinRTOutOfMemoryExceptionCallback 100126e6 f   libvcruntime:ehhelpers.obj
 0001:000116f3       ___AdjustPointer           100126f3 f   libvcruntime:ehhelpers.obj
 0001:00011718       ___FrameUnwindFilter       10012718 f   libvcruntime:ehhelpers.obj
 0001:0001176e       ___GetPlatformExceptionInfo 1001276e f   libvcruntime:ehhelpers.obj
 0001:000117ba       ___current_exception       100127ba f   libvcruntime:ehhelpers.obj
 0001:000117c3       ___current_exception_context 100127c3 f   libvcruntime:ehhelpers.obj
 0001:000117cc       ___processing_throw        100127cc f   libvcruntime:ehhelpers.obj
 0001:000117d5       ___std_terminate           100127d5 f   libvcruntime:ehhelpers.obj
 0001:000117da       __is_exception_typeof      100127da f   libvcruntime:ehhelpers.obj
 0001:00011880       _memset                    10012880 f   libvcruntime:memset.obj
 0001:000119e0       __local_unwind4            100129e0 f   libvcruntime:exsup4.obj
 0001:00011ad0       __seh_longjmp_unwind4@4    10012ad0 f   libvcruntime:exsup4.obj
 0001:00011b00       @_EH4_CallFilterFunc@8     10012b00 f   libvcruntime:exsup4.obj
 0001:00011b20       @_EH4_TransferToHandler@8  10012b20 f   libvcruntime:exsup4.obj
 0001:00011b40       @_EH4_GlobalUnwind2@8      10012b40 f   libvcruntime:exsup4.obj
 0001:00011b60       @_EH4_LocalUnwind@16       10012b60 f   libvcruntime:exsup4.obj
 0001:00011b82       ___except_validate_context_record 10012b82 f   libvcruntime:jbcxrval.obj
 0001:00011bb2       ___except_validate_jump_buffer 10012bb2 f   libvcruntime:jbcxrval.obj
 0001:00011bdf       ___except_validate_jump_buffer_common 10012bdf f i libvcruntime:jbcxrval.obj
 0001:00011c18       ??$?0$00@DName@@QAE@PBDU?$StringLifeSelector@$00@@@Z 10012c18 f i libvcruntime:undname.obj
 0001:00011c4b       ??$?0$00@pcharNode@@QAE@PBDHU?$StringLifeSelector@$00@@@Z 10012c4b f i libvcruntime:undname.obj
 0001:00011c66       ??$?0$01@DName@@QAE@PBDU?$StringLifeSelector@$01@@@Z 10012c66 f i libvcruntime:undname.obj
 0001:00011c99       ??$?0$01@pcharNode@@QAE@PBDHU?$StringLifeSelector@$01@@@Z 10012c99 f i libvcruntime:undname.obj
 0001:00011cd9       ??$?0$0A@@DName@@QAE@PBDU?$StringLifeSelector@$0A@@@@Z 10012cd9 f i libvcruntime:undname.obj
 0001:00011d0c       ??$?0$0A@@pcharNode@@QAE@PBDHU?$StringLifeSelector@$0A@@@@Z 10012d0c f i libvcruntime:undname.obj
 0001:00011d4c       ??$?0_K$0A@@?$optional@_K@std@@QAE@$$QA_K@Z 10012d4c f i libvcruntime:undname.obj
 0001:00011d66       ??$?0_K@?$_Optional_construct_base@_K@std@@QAE@Uin_place_t@1@$$QA_K@Z 10012d66 f i libvcruntime:undname.obj
 0001:00011d80       ??$?0_K@?$_Optional_destruct_base@_K$00@std@@QAE@Uin_place_t@1@$$QA_K@Z 10012d80 f i libvcruntime:undname.obj
 0001:00011d9a       ??$append@VDNameNode@@@DName@@AAEXPBVDNameNode@@@Z 10012d9a f i libvcruntime:undname.obj
 0001:00011ddb       ??$append@VDNameStatusNode@@@DName@@AAEXPBVDNameStatusNode@@@Z 10012ddb f i libvcruntime:undname.obj
 0001:00011e1c       ??$append@VcharNode@@@DName@@AAEXPBVcharNode@@@Z 10012e1c f i libvcruntime:undname.obj
 0001:00011e5d       ??$append@VpDNameNode@@@DName@@AAEXPBVpDNameNode@@@Z 10012e5d f i libvcruntime:undname.obj
 0001:00011e9e       ??$append@VpcharNode@@@DName@@AAEXPBVpcharNode@@@Z 10012e9e f i libvcruntime:undname.obj
 0001:00011edf       ??$doPchar@$00@DName@@AAEXPBDH@Z 10012edf f i libvcruntime:undname.obj
 0001:00011f4a       ??$doPchar@$01@DName@@AAEXPBDH@Z 10012f4a f i libvcruntime:undname.obj
 0001:00011fbb       ??$doPchar@$0A@@DName@@AAEXPBDH@Z 10012fbb f i libvcruntime:undname.obj
 0001:0001202c       ??$forward@_K@std@@YA$$QA_KAA_K@Z 1001302c f i libvcruntime:undname.obj
 0001:000120f0       ??$size@D$04@std@@YAIAAY04$$CBD@Z 100130f0 f i libvcruntime:undname.obj
 0001:000120f4       ??0?$_Optional_construct_base@_K@std@@QAE@XZ 100130f4 f i libvcruntime:undname.obj
 0001:000120fb       ??0?$_Optional_destruct_base@_K$00@std@@QAE@XZ 100130fb f i libvcruntime:undname.obj
 0001:00012102       ??0?$optional@_K@std@@QAE@XZ 10013102 f i libvcruntime:undname.obj
 0001:00012109       ??0Block@_HeapManager@@QAE@XZ 10013109 f i libvcruntime:undname.obj
 0001:0001210f       ??0DName@@QAE@AAPBDD@Z     1001310f f   libvcruntime:undname.obj
 0001:0001218f       ??0DName@@QAE@ABUStringLiteral@@@Z 1001318f f   libvcruntime:undname.obj
 0001:000121b6       ??0DName@@QAE@ABV0@@Z      100131b6 f i libvcruntime:undname.obj
 0001:000121cc       ??0DName@@QAE@D@Z          100131cc f   libvcruntime:undname.obj
 0001:000121e8       ??0DName@@QAE@PAV0@@Z      100131e8 f   libvcruntime:undname.obj
 0001:00012231       ??0DName@@QAE@W4DNameStatus@@@Z 10013231 f   libvcruntime:undname.obj
 0001:00012271       ??0DName@@QAE@XZ           10013271 f i libvcruntime:undname.obj
 0001:0001227b       ??0DName@@QAE@_J@Z         1001327b f   libvcruntime:undname.obj
 0001:0001230e       ??0DName@@QAE@_K@Z         1001330e f   libvcruntime:undname.obj
 0001:00012380       ??0DNameNode@@IAE@XZ       10013380 f i libvcruntime:undname.obj
 0001:00012389       ??0Replicator@@QAE@XZ      10013389 f i libvcruntime:undname.obj
 0001:00012398       ??0UnDecorator@@QAE@PBDP6APADJ@ZK@Z 10013398 f i libvcruntime:undname.obj
 0001:000123e4       ??0_Nontrivial_dummy_type@std@@QAE@XZ 100133e4 f i libvcruntime:undname.obj
 0001:000123e7       ??0charNode@@QAE@D@Z       100133e7 f i libvcruntime:undname.obj
 0001:000123fc       ??0pDNameNode@@QAE@PAVDName@@@Z 100133fc f   libvcruntime:undname.obj
 0001:00012424       ??0pairNode@@QAE@PBVDNameNode@@0@Z 10013424 f i libvcruntime:undname.obj
 0001:0001244a       ??2@YAPAXIAAV_HeapManager@@H@Z 1001344a f   libvcruntime:undname.obj
 0001:00012469       ??4DName@@QAEAAV0@ABUStringLiteral@@@Z 10013469 f   libvcruntime:undname.obj
 0001:0001248a       ??4DName@@QAEAAV0@ABV0@@Z  1001348a f   libvcruntime:undname.obj
 0001:000124a0       ??4DName@@QAEAAV0@D@Z      100134a0 f i libvcruntime:undname.obj
 0001:000124bc       ??4DName@@QAEAAV0@PAV0@@Z  100134bc f   libvcruntime:undname.obj
 0001:000124ff       ??4DName@@QAEAAV0@W4DNameStatus@@@Z 100134ff f   libvcruntime:undname.obj
 0001:00012531       ??AReplicator@@QBE?AVDName@@H@Z 10013531 f   libvcruntime:undname.obj
 0001:0001256d       ??B?$optional@_K@std@@QBE_NXZ 1001356d f i libvcruntime:undname.obj
 0001:00012571       ??D?$optional@_K@std@@QGAEAA_KXZ 10013571 f i libvcruntime:undname.obj
 0001:00012574       ??H@YA?AVDName@@ABUStringLiteral@@ABV0@@Z 10013574 f i libvcruntime:undname.obj
 0001:00012596       ??H@YA?AVDName@@DABV0@@Z   10013596 f i libvcruntime:undname.obj
 0001:000125c1       ??H@YA?AVDName@@W4DNameStatus@@ABV0@@Z 100135c1 f i libvcruntime:undname.obj
 0001:000125e3       ??HDName@@QBE?AV0@ABUStringLiteral@@@Z 100135e3 f   libvcruntime:undname.obj
 0001:00012605       ??HDName@@QBE?AV0@ABV0@@Z  10013605 f   libvcruntime:undname.obj
 0001:00012627       ??HDName@@QBE?AV0@D@Z      10013627 f   libvcruntime:undname.obj
 0001:00012649       ??HDName@@QBE?AV0@PAV0@@Z  10013649 f   libvcruntime:undname.obj
 0001:0001266b       ??HDName@@QBE?AV0@W4DNameStatus@@@Z 1001366b f   libvcruntime:undname.obj
 0001:0001268d       ??HStringLiteral@@QBE?AU0@H@Z 1001368d f i libvcruntime:undname.obj
 0001:000126a7       ??YDName@@QAEAAV0@ABUStringLiteral@@@Z 100136a7 f   libvcruntime:undname.obj
 0001:000126ff       ??YDName@@QAEAAV0@ABV0@@Z  100136ff f   libvcruntime:undname.obj
 0001:00012756       ??YDName@@QAEAAV0@D@Z      10013756 f   libvcruntime:undname.obj
 0001:000127ab       ??YDName@@QAEAAV0@PAV0@@Z  100137ab f   libvcruntime:undname.obj
 0001:0001280f       ??YDName@@QAEAAV0@W4DNameStatus@@@Z 1001380f f   libvcruntime:undname.obj
 0001:0001284f       ??YReplicator@@QAEAAV0@ABVDName@@@Z 1001384f f   libvcruntime:undname.obj
 0001:0001288f       ??_5DName@@QAEAAV0@ABV0@@Z 1001388f f   libvcruntime:undname.obj
 0001:000128ab       ??__K_l@@YA?AUStringLiteral@@PBDI@Z 100138ab f i libvcruntime:undname.obj
 0001:000128b6       ?Constructor@_HeapManager@@QAEXP6APAXI@ZP6AXPAX@Z@Z 100138b6 f i libvcruntime:undname.obj
 0001:000128d3       ?Destructor@_HeapManager@@QAEXXZ 100138d3 f i libvcruntime:undname.obj
 0001:00012917       ?UScore@UnDecorator@@SA?AUStringLiteral@@W4Tokens@@@Z 10013917 f   libvcruntime:undname.obj
 0001:0001293e       ?composeDeclaration@UnDecorator@@CA?AVDName@@ABV2@@Z 1001393e f i libvcruntime:undname.obj
 0001:00013636       ?doAccessSpecifiers@UnDecorator@@SAHXZ 10014636 f i libvcruntime:undname.obj
 0001:00013644       ?doAllocationLanguage@UnDecorator@@SAHXZ 10014644 f i libvcruntime:undname.obj
 0001:00013652       ?doAllocationModel@UnDecorator@@SAHXZ 10014652 f i libvcruntime:undname.obj
 0001:00013660       ?doEcsu@UnDecorator@@SAHXZ 10014660 f i libvcruntime:undname.obj
 0001:0001366e       ?doEllipsis@UnDecorator@@SAHXZ 1001466e f i libvcruntime:undname.obj
 0001:0001367c       ?doFunctionReturns@UnDecorator@@SAHXZ 1001467c f i libvcruntime:undname.obj
 0001:0001368a       ?doMSKeywords@UnDecorator@@SAHXZ 1001468a f i libvcruntime:undname.obj
 0001:00013697       ?doMemberTypes@UnDecorator@@SAHXZ 10014697 f i libvcruntime:undname.obj
 0001:000136a5       ?doNameOnly@UnDecorator@@SAHXZ 100146a5 f i libvcruntime:undname.obj
 0001:000136b0       ?doNoIdentCharCheck@UnDecorator@@SAHXZ 100146b0 f i libvcruntime:undname.obj
 0001:000136bb       ?doPchar@DName@@AAEXD@Z    100146bb f   libvcruntime:undname.obj
 0001:000136f3       ?doPtr64@UnDecorator@@SAHXZ 100146f3 f i libvcruntime:undname.obj
 0001:00013701       ?doRestrictionSpec@UnDecorator@@SAHXZ 10014701 f i libvcruntime:undname.obj
 0001:0001370f       ?doThisTypes@UnDecorator@@SAHXZ 1001470f f i libvcruntime:undname.obj
 0001:00013721       ?doThrowTypes@UnDecorator@@SAHXZ 10014721 f i libvcruntime:undname.obj
 0001:0001372f       ?doTypeOnly@UnDecorator@@SAHXZ 1001472f f i libvcruntime:undname.obj
 0001:0001373a       ?doUnderScore@UnDecorator@@SAHXZ 1001473a f i libvcruntime:undname.obj
 0001:00013745       ?getAddressOf@UnDecorator@@CA?AVDName@@XZ 10014745 f   libvcruntime:undname.obj
 0001:000137ad       ?getArgumentList@UnDecorator@@CA?AVDName@@XZ 100147ad f   libvcruntime:undname.obj
 0001:000138ba       ?getArgumentTypes@UnDecorator@@CA?AVDName@@XZ 100148ba f   libvcruntime:undname.obj
 0001:000139c2       ?getArrayAccess@UnDecorator@@CA?AVDName@@XZ 100149c2 f   libvcruntime:undname.obj
 0001:00013a36       ?getArrayObject@UnDecorator@@CA?AVDName@@XZ 10014a36 f   libvcruntime:undname.obj
 0001:00013ac1       ?getArrayType@UnDecorator@@CA?AVDName@@ABV2@@Z 10014ac1 f i libvcruntime:undname.obj
 0001:00013c5e       ?getBasedType@UnDecorator@@CA?AVDName@@XZ 10014c5e f   libvcruntime:undname.obj
 0001:00013d14       ?getBasicDataType@UnDecorator@@CA?AVDName@@ABV2@@Z 10014d14 f   libvcruntime:undname.obj
 0001:00014248       ?getCHPEName@UnDecorator@@QAEPADPADH@Z 10015248 f i libvcruntime:undname.obj
 0001:00014325       ?getCallIndex@UnDecorator@@CA?AVDName@@XZ 10015325 f i libvcruntime:undname.obj
 0001:00014339       ?getCallingConvention@UnDecorator@@CA?AVDName@@XZ 10015339 f   libvcruntime:undname.obj
 0001:0001440e       ?getDataIndirectType@UnDecorator@@CA?AVDName@@ABV2@W4IndirectionKind@@0H@Z 1001540e f   libvcruntime:undname.obj
 0001:00014aac       ?getDataIndirectType@UnDecorator@@CA?AVDName@@XZ 10015aac f i libvcruntime:undname.obj
 0001:00014ada       ?getDataType@UnDecorator@@CA?AVDName@@PAV2@@Z 10015ada f   libvcruntime:undname.obj
 0001:00014bb1       ?getDecoratedName@UnDecorator@@CA?AVDName@@XZ 10015bb1 f   libvcruntime:undname.obj
 0001:00014e05       ?getDimension@UnDecorator@@CA?AVDName@@_N@Z 10015e05 f   libvcruntime:undname.obj
 0001:00014f13       ?getDispatchTarget@UnDecorator@@CA?AVDName@@XZ 10015f13 f   libvcruntime:undname.obj
 0001:00014f66       ?getDisplacement@UnDecorator@@CA?AVDName@@XZ 10015f66 f i libvcruntime:undname.obj
 0001:00014f7a       ?getECSUDataType@UnDecorator@@CA?AVDName@@XZ 10015f7a f   libvcruntime:undname.obj
 0001:0001510c       ?getECSUName@UnDecorator@@CA?AVDName@@XZ 1001610c f i libvcruntime:undname.obj
 0001:0001511d       ?getEnumType@UnDecorator@@CA?AVDName@@XZ 1001611d f i libvcruntime:undname.obj
 0001:00015231       ?getExtendedDataIndirectType@UnDecorator@@CA?AVDName@@AAW4IndirectionKind@@AA_NH@Z 10016231 f   libvcruntime:undname.obj
 0001:000153dc       ?getExternalDataType@UnDecorator@@CA?AVDName@@ABV2@@Z 100163dc f i libvcruntime:undname.obj
 0001:00015441       ?getFloatingPoint@UnDecorator@@CA?AVDName@@H@Z 10016441 f   libvcruntime:undname.obj
 0001:000154ff       ?getFunctionIndirectType@UnDecorator@@CA?AVDName@@ABV2@@Z 100164ff f   libvcruntime:undname.obj
 0001:000158a9       ?getGuardNumber@UnDecorator@@CA?AVDName@@XZ 100168a9 f i libvcruntime:undname.obj
 0001:000158bd       ?getLastChar@DName@@QBEDXZ 100168bd f i libvcruntime:undname.obj
 0001:000158dd       ?getLastChar@DNameStatusNode@@UBEDXZ 100168dd f i libvcruntime:undname.obj
 0001:000158e9       ?getLastChar@charNode@@UBEDXZ 100168e9 f i libvcruntime:undname.obj
 0001:000158ed       ?getLastChar@pDNameNode@@UBEDXZ 100168ed f i libvcruntime:undname.obj
 0001:000158fb       ?getLastChar@pairNode@@UBEDXZ 100168fb f i libvcruntime:undname.obj
 0001:00015930       ?getLastChar@pcharNode@@UBEDXZ 10016930 f i libvcruntime:undname.obj
 0001:00015942       ?getLexicalFrame@UnDecorator@@CA?AVDName@@XZ 10016942 f i libvcruntime:undname.obj
 0001:00015973       ?getMemberAccess@UnDecorator@@CA?AVDName@@XZ 10016973 f   libvcruntime:undname.obj
 0001:000159e3       ?getMemoryWithBuffer@_HeapManager@@QAEPAXI@Z 100169e3 f   libvcruntime:undname.obj
 0001:00015a4d       ?getMemoryWithoutBuffer@_HeapManager@@QAEPAXI@Z 10016a4d f   libvcruntime:undname.obj
 0001:00015a6d       ?getNoexcept@UnDecorator@@CA?AVDName@@XZ 10016a6d f   libvcruntime:undname.obj
 0001:00015ac1       ?getNumberOfDimensions@UnDecorator@@CAHXZ 10016ac1 f   libvcruntime:undname.obj
 0001:00015b23       ?getOperatorName@UnDecorator@@CA?AVDName@@_NPA_N@Z 10016b23 f i libvcruntime:undname.obj
 0001:0001625d       ?getPointerToMember@UnDecorator@@CA?AVDName@@XZ 1001725d f   libvcruntime:undname.obj
 0001:00016319       ?getPointerType@UnDecorator@@CA?AVDName@@ABV2@0@Z 10017319 f i libvcruntime:undname.obj
 0001:00016334       ?getPointerTypeArray@UnDecorator@@CA?AVDName@@ABV2@0@Z 10017334 f i libvcruntime:undname.obj
 0001:0001634f       ?getPrimaryDataType@UnDecorator@@CA?AVDName@@ABV2@@Z 1001734f f   libvcruntime:undname.obj
 0001:0001659d       ?getPtrRefDataType@UnDecorator@@CA?AVDName@@ABV2@H@Z 1001759d f   libvcruntime:undname.obj
 0001:0001670a       ?getPtrRefType@UnDecorator@@CA?AVDName@@ABV2@0W4IndirectionKind@@@Z 1001770a f   libvcruntime:undname.obj
 0001:0001681b       ?getReferenceType@UnDecorator@@CA?AVDName@@ABV2@0W4IndirectionKind@@@Z 1001781b f i libvcruntime:undname.obj
 0001:00016837       ?getRestrictionSpec@UnDecorator@@CA?AVDName@@XZ 10017837 f   libvcruntime:undname.obj
 0001:0001695c       ?getReturnType@UnDecorator@@CA?AVDName@@PAV2@@Z 1001795c f   libvcruntime:undname.obj
 0001:0001698b       ?getScope@UnDecorator@@CA?AVDName@@XZ 1001798b f   libvcruntime:undname.obj
 0001:00016d49       ?getScopedName@UnDecorator@@CA?AVDName@@XZ 10017d49 f   libvcruntime:undname.obj
 0001:00016e3c       ?getSignedDimension@UnDecorator@@CA?AVDName@@XZ 10017e3c f   libvcruntime:undname.obj
 0001:00016e8d       ?getStorageConvention@UnDecorator@@CA?AVDName@@XZ 10017e8d f i libvcruntime:undname.obj
 0001:00016e9e       ?getString@DName@@QBEPADPAD0@Z 10017e9e f i libvcruntime:undname.obj
 0001:00016ecb       ?getString@DName@@QBEPADPADH@Z 10017ecb f i libvcruntime:undname.obj
 0001:00016f20       ?getString@DNameStatusNode@@UBEPADPAD0@Z 10017f20 f i libvcruntime:undname.obj
 0001:00016f67       ?getString@charNode@@UBEPADPAD0@Z 10017f67 f i libvcruntime:undname.obj
 0001:00016f7c       ?getString@pDNameNode@@UBEPADPAD0@Z 10017f7c f i libvcruntime:undname.obj
 0001:00016f93       ?getString@pairNode@@UBEPADPAD0@Z 10017f93 f i libvcruntime:undname.obj
 0001:00016fd9       ?getString@pcharNode@@UBEPADPAD0@Z 10017fd9 f i libvcruntime:undname.obj
 0001:00016ff4       ?getStringEncoding@UnDecorator@@CA?AVDName@@W4PrefixKind@@H@Z 10017ff4 f   libvcruntime:undname.obj
 0001:00017091       ?getStringHelper@@YAPADPADPBD1H@Z 10018091 f i libvcruntime:undname.obj
 0001:000170bb       ?getStringObject@UnDecorator@@CA?AVDName@@XZ 100180bb f   libvcruntime:undname.obj
 0001:00017106       ?getSymbolName@UnDecorator@@CA?AVDName@@XZ 10018106 f i libvcruntime:undname.obj
 0001:0001714e       ?getTemplateArgumentList@UnDecorator@@CA?AVDName@@XZ 1001814e f   libvcruntime:undname.obj
 0001:000172fe       ?getTemplateName@UnDecorator@@CA?AVDName@@_N@Z 100182fe f   libvcruntime:undname.obj
 0001:0001745e       ?getTemplateNonTypeArgument@UnDecorator@@CA?AVDName@@XZ 1001845e f   libvcruntime:undname.obj
 0001:0001782e       ?getTemplateTypeArgument@UnDecorator@@CA?AVDName@@XZ 1001882e f   libvcruntime:undname.obj
 0001:00017934       ?getThisType@UnDecorator@@CA?AVDName@@XZ 10018934 f i libvcruntime:undname.obj
 0001:00017963       ?getThrowTypes@UnDecorator@@CA?AVDName@@XZ 10018963 f   libvcruntime:undname.obj
 0001:00017986       ?getTypeEncoding@UnDecorator@@CAHXZ 10018986 f i libvcruntime:undname.obj
 0001:00017cbe       ?getUndecoratedName@UnDecorator@@QAEPADPADH@Z 10018cbe f i libvcruntime:undname.obj
 0001:00017ddd       ?getUnionObject@UnDecorator@@CA?AVDName@@XZ 10018ddd f   libvcruntime:undname.obj
 0001:00017e84       ?getVCallThunkType@UnDecorator@@CA?AVDName@@XZ 10018e84 f i libvcruntime:undname.obj
 0001:00017ece       ?getValue@UnDecorator@@CA?AV?$optional@_K@std@@XZ 10018ece f   libvcruntime:undname.obj
 0001:00017f56       ?getValueObject@UnDecorator@@CA?AVDName@@XZ 10018f56 f   libvcruntime:undname.obj
 0001:00018050       ?getVbTableType@UnDecorator@@CA?AVDName@@ABV2@@Z 10019050 f i libvcruntime:undname.obj
 0001:00018065       ?getVdispMapType@UnDecorator@@CA?AVDName@@ABV2@@Z 10019065 f i libvcruntime:undname.obj
 0001:000180c6       ?getVfTableType@UnDecorator@@CA?AVDName@@ABV2@@Z 100190c6 f i libvcruntime:undname.obj
 0001:0001821a       ?getZName@UnDecorator@@CA?AVDName@@_N0@Z 1001921a f   libvcruntime:undname.obj
 0001:0001842f       ?haveTemplateParameters@UnDecorator@@SAHXZ 1001942f f i libvcruntime:undname.obj
 0001:0001843a       ?isArray@DName@@QBEHXZ     1001943a f i libvcruntime:undname.obj
 0001:00018444       ?isComArray@DName@@QBEHXZ  10019444 f i libvcruntime:undname.obj
 0001:0001844e       ?isEmpty@DName@@QBEHXZ     1001944e f i libvcruntime:undname.obj
 0001:00018456       ?isFull@Replicator@@QBEHXZ 10019456 f i libvcruntime:undname.obj
 0001:0001845f       ?isNoTE@DName@@QBEHXZ      1001945f f i libvcruntime:undname.obj
 0001:00018469       ?isPinPtr@DName@@QBEHXZ    10019469 f i libvcruntime:undname.obj
 0001:00018473       ?isPtrRef@DName@@QBEHXZ    10019473 f i libvcruntime:undname.obj
 0001:0001847d       ?isUDC@DName@@QBEHXZ       1001947d f i libvcruntime:undname.obj
 0001:0001848e       ?isUDTThunk@DName@@QBEHXZ  1001948e f i libvcruntime:undname.obj
 0001:0001849f       ?isVCallThunk@DName@@QBEHXZ 1001949f f i libvcruntime:undname.obj
 0001:000184a9       ?isValid@DName@@QBEHXZ     100194a9 f i libvcruntime:undname.obj
 0001:000184b3       ?length@DName@@QBEHXZ      100194b3 f i libvcruntime:undname.obj
 0001:000184d2       ?length@DNameStatusNode@@UBEHXZ 100194d2 f i libvcruntime:undname.obj
 0001:000184d6       ?length@charNode@@UBEHXZ   100194d6 f i libvcruntime:undname.obj
 0001:000184da       ?length@pDNameNode@@UBEHXZ 100194da f i libvcruntime:undname.obj
 0001:000184e8       ?length@pairNode@@UBEHXZ   100194e8 f i libvcruntime:undname.obj
 0001:00018531       ?length@pcharNode@@UBEHXZ  10019531 f i libvcruntime:undname.obj
 0001:00018535       ?make@DNameStatusNode@@SAPBV1@W4DNameStatus@@@Z 10019535 f i libvcruntime:undname.obj
 0001:00018551       ?parseDecoratedName@UnDecorator@@CA?AVDName@@XZ 10019551 f   libvcruntime:undname.obj
 0001:0001864b       ?raw_length@DNameStatusNode@@UBEHXZ 1001964b f i libvcruntime:undname.obj
 0001:0001864f       ?raw_length@charNode@@UBEHXZ 1001964f f i libvcruntime:undname.obj
 0001:00018653       ?raw_length@pDNameNode@@UBEHXZ 10019653 f i libvcruntime:undname.obj
 0001:00018657       ?raw_length@pairNode@@UBEHXZ 10019657 f i libvcruntime:undname.obj
 0001:0001865b       ?raw_length@pcharNode@@UBEHXZ 1001965b f i libvcruntime:undname.obj
 0001:0001865f       ?setIsArray@DName@@QAEXXZ  1001965f f i libvcruntime:undname.obj
 0001:00018667       ?setIsComArray@DName@@QAEXXZ 10019667 f i libvcruntime:undname.obj
 0001:0001866f       ?setIsNoTE@DName@@QAEXXZ   1001966f f i libvcruntime:undname.obj
 0001:00018677       ?setIsPinPtr@DName@@QAEXXZ 10019677 f i libvcruntime:undname.obj
 0001:0001867f       ?setIsUDC@DName@@QAEXXZ    1001967f f i libvcruntime:undname.obj
 0001:0001868c       ?setIsVCallThunk@DName@@QAEXXZ 1001968c f i libvcruntime:undname.obj
 0001:00018694       ?setPtrRef@DName@@QAEAAV1@XZ 10019694 f i libvcruntime:undname.obj
 0001:0001869e       ?status@DName@@QBE?AW4DNameStatus@@XZ 1001969e f i libvcruntime:undname.obj
 0001:0001870a       ___unDName                 1001970a f   libvcruntime:undname.obj
 0001:0001872d       ___unDNameEx               1001972d f   libvcruntime:undname.obj
 0001:000187cc       __vsprintf_s_l             100197cc f i libvcruntime:undname.obj
 0001:000187f9       _sprintf_s                 100197f9 f i libvcruntime:undname.obj
 0001:00018815       _unDNameGenerateCHPE       10019815 f   libvcruntime:undname.obj
 0001:000188b2       ??$?RU__vcrt_ptd@@@__crt_internal_free_policy@@QBEXQBU__vcrt_ptd@@@Z 100198b2 f i libvcruntime:per_thread_data.obj
 0001:000188c2       ??0?$__crt_unique_heap_ptr@U__vcrt_ptd@@U__crt_internal_free_policy@@@@QAE@QAU__vcrt_ptd@@@Z 100198c2 f i libvcruntime:per_thread_data.obj
 0001:000188df       ??1?$__crt_unique_heap_ptr@U__vcrt_ptd@@U__crt_internal_free_policy@@@@QAE@XZ 100198df f i libvcruntime:per_thread_data.obj
 0001:000188f8       ??B?$__crt_unique_heap_ptr@U__vcrt_ptd@@U__crt_internal_free_policy@@@@QBE_NXZ 100198f8 f i libvcruntime:per_thread_data.obj
 0001:000188ff       ?detach@?$__crt_unique_heap_ptr@U__vcrt_ptd@@U__crt_internal_free_policy@@@@QAEPAU__vcrt_ptd@@XZ 100198ff f i libvcruntime:per_thread_data.obj
 0001:00018905       ?get@?$__crt_unique_heap_ptr@U__vcrt_ptd@@U__crt_internal_free_policy@@@@QBEPAU__vcrt_ptd@@XZ 10019905 f i libvcruntime:per_thread_data.obj
 0001:00018908       ?is_valid@?$__crt_unique_heap_ptr@U__vcrt_ptd@@U__crt_internal_free_policy@@@@QBE_NXZ 10019908 f i libvcruntime:per_thread_data.obj
 0001:0001890f       ?release@?$__crt_unique_heap_ptr@U__vcrt_ptd@@U__crt_internal_free_policy@@@@QAEXXZ 1001990f f i libvcruntime:per_thread_data.obj
 0001:00018939       ___vcrt_freefls@4          10019939 f   libvcruntime:per_thread_data.obj
 0001:00018955       ___vcrt_freeptd            10019955 f   libvcruntime:per_thread_data.obj
 0001:0001898b       ___vcrt_getptd             1001998b f   libvcruntime:per_thread_data.obj
 0001:00018999       ___vcrt_getptd_noexit      10019999 f   libvcruntime:per_thread_data.obj
 0001:00018a2b       ___vcrt_getptd_noinit      10019a2b f   libvcruntime:per_thread_data.obj
 0001:00018a62       ___vcrt_initialize_ptd     10019a62 f   libvcruntime:per_thread_data.obj
 0001:00018a95       ___vcrt_uninitialize_ptd   10019a95 f   libvcruntime:per_thread_data.obj
 0001:00018ab0       ___vcrt_initialize_locks   10019ab0 f   libvcruntime:locks.obj
 0001:00018aec       ___vcrt_lock               10019aec f   libvcruntime:locks.obj
 0001:00018b01       ___vcrt_uninitialize_locks 10019b01 f   libvcruntime:locks.obj
 0001:00018b30       ___vcrt_unlock             10019b30 f   libvcruntime:locks.obj
 0001:00018b50       __global_unwind2           10019b50 f   libvcruntime:exsup.obj
 0001:00018bd0       __local_unwind2            10019bd0 f   libvcruntime:exsup.obj
 0001:00018c70       __abnormal_termination     10019c70 f   libvcruntime:exsup.obj
 0001:00018ca0       __NLG_Notify1              10019ca0 f   libvcruntime:exsup.obj
 0001:00018cb0       __NLG_Notify               10019cb0 f   libvcruntime:exsup.obj
 0001:00018cc7       __NLG_Dispatch             10019cc7     libvcruntime:exsup.obj
 0001:00018cc7       __NLG_Dispatch2            10019cc7     libvcruntime:exsup.obj
 0001:00018cd0       __NLG_Call                 10019cd0 f   libvcruntime:exsup.obj
 0001:00018cd2       __NLG_Return2              10019cd2     libvcruntime:exsup.obj
 0001:00018cd3       ??$__crt_interlocked_exchange_pointer@$$A6AXXZP6AXXZ@@YAP6AXXZPDS6AXXZQ6AXXZ@Z 10019cd3 f i libvcruntime:purevirt.obj
 0001:00018ce0       ??$__crt_interlocked_read_pointer@$$A6AXXZ@@YAP6AXXZPDS6AXXZ@Z 10019ce0 f i libvcruntime:purevirt.obj
 0001:00018ceb       __get_purecall_handler     10019ceb f   libvcruntime:purevirt.obj
 0001:00018cf2       __purecall                 10019cf2 f   libvcruntime:purevirt.obj
 0001:00018d0e       __set_purecall_handler     10019d0e f   libvcruntime:purevirt.obj
 0001:00018d1d       ??$?0AAViterator@TryBlockMap@__FrameHandler3@@AAV012@$0A@@?$pair@Viterator@TryBlockMap@__FrameHandler3@@V123@@std@@QAE@AAViterator@TryBlockMap@__FrameHandler3@@0@Z 10019d1d f i libvcruntime:trnsctrl.obj
 0001:00018d41       ??$forward@AAViterator@TryBlockMap@__FrameHandler3@@@std@@YAAAViterator@TryBlockMap@__FrameHandler3@@AAV123@@Z 10019d41 f i libvcruntime:trnsctrl.obj
 0001:00018d49       ??0iterator@TryBlockMap@__FrameHandler3@@QAE@AAV12@I@Z 10019d49 f i libvcruntime:trnsctrl.obj
 0001:00018d5d       ?GetRangeOfTrysToCheck@__FrameHandler3@@SA?AU?$pair@Viterator@TryBlockMap@__FrameHandler3@@V123@@std@@AAVTryBlockMap@1@HPAXPBU_s_FuncInfo@@H@Z 10019d5d f   libvcruntime:trnsctrl.obj
 0001:00018dcd       ?_CallCatchBlock2@@YAPAXPAUEHRegistrationNode@@PBU_s_FuncInfo@@PAXHK@Z 10019dcd f   libvcruntime:trnsctrl.obj
 0001:00018e2a       ?_CallSETranslator@@YAHPAUEHExceptionRecord@@PAUEHRegistrationNode@@PAX2PBU_s_FuncInfo@@H1@Z 10019e2a f   libvcruntime:trnsctrl.obj
 0001:00018f20       ?_JumpToContinuation@@YGXPAXPAUEHRegistrationNode@@@Z 10019f20 f   libvcruntime:trnsctrl.obj
 0001:00018f50       ?_UnwindNestedFrames@@YGXPAUEHRegistrationNode@@PAUEHExceptionRecord@@@Z 10019f50 f   libvcruntime:trnsctrl.obj
 0001:00018fa3       __CatchGuardHandler        10019fa3 f   libvcruntime:trnsctrl.obj
 0001:00018fd4       __CreateFrameInfo          10019fd4 f   libvcruntime:trnsctrl.obj
 0001:00018ff8       __FindAndUnlinkFrame       10019ff8 f   libvcruntime:trnsctrl.obj
 0001:00019040       __TranslatorGuardHandler   1001a040 f   libvcruntime:trnsctrl.obj
 0001:000190dd       ___CxxFrameHandler         1001a0dd f   libvcruntime:trnsctrl.obj
 0001:00019113       ___CxxFrameHandler2        1001a113 f   libvcruntime:trnsctrl.obj
 0001:00019149       ___CxxFrameHandler3        1001a149 f   libvcruntime:trnsctrl.obj
 0001:0001917f       ___CxxLongjmpUnwind@4      1001a17f f   libvcruntime:trnsctrl.obj
 0001:000191b0       _memcpy                    1001a1b0 f   libvcruntime:memcpy.obj
 0001:00019724       ??$__crt_interlocked_exchange_pointer@UHINSTANCE__@@PAU1@@@YAPAUHINSTANCE__@@PDSAU0@QAU0@@Z 1001a724 f i libvcruntime:winapi_downlevel.obj
 0001:00019731       ??$__crt_interlocked_exchange_pointer@UHINSTANCE__@@PAX@@YAPAUHINSTANCE__@@PDSAU0@QAX@Z 1001a731 f i libvcruntime:winapi_downlevel.obj
 0001:0001973e       ??$__crt_interlocked_exchange_pointer@XPAX@@YAPAXPDSAXQAX@Z 1001a73e f i libvcruntime:winapi_downlevel.obj
 0001:0001974b       ??$__crt_interlocked_read_pointer@UHINSTANCE__@@@@YAPAUHINSTANCE__@@PDSAU0@@Z 1001a74b f i libvcruntime:winapi_downlevel.obj
 0001:00019756       ??$__crt_interlocked_read_pointer@X@@YAPAXPDSAX@Z 1001a756 f i libvcruntime:winapi_downlevel.obj
 0001:00019989       ___vcrt_FlsAlloc           1001a989 f   libvcruntime:winapi_downlevel.obj
 0001:000199c4       ___vcrt_FlsFree            1001a9c4 f   libvcruntime:winapi_downlevel.obj
 0001:000199ff       ___vcrt_FlsGetValue        1001a9ff f   libvcruntime:winapi_downlevel.obj
 0001:00019a3a       ___vcrt_FlsSetValue        1001aa3a f   libvcruntime:winapi_downlevel.obj
 0001:00019a78       ___vcrt_InitializeCriticalSectionEx 1001aa78 f   libvcruntime:winapi_downlevel.obj
 0001:0001a1f1       ??$TypeMatchHelper@V__FrameHandler3@@@@YAHPBU_s_HandlerType@@PBU_s_CatchableType@@PBU_s_ThrowInfo@@@Z 1001b1f1 f i libvcruntime:frame.obj
 0001:0001a27f       ??$__InternalCxxFrameHandler@V__FrameHandler3@@@@YA?AW4_EXCEPTION_DISPOSITION@@PAUEHExceptionRecord@@PAUEHRegistrationNode@@PAU_CONTEXT@@PAXPBU_s_FuncInfo@@H1E@Z 1001b27f f i libvcruntime:frame.obj
 0001:0001a381       ??0HandlerMap@__FrameHandler3@@QAE@PBU_s_TryBlockMapEntry@@II@Z 1001b381 f i libvcruntime:frame.obj
 0001:0001a398       ??0TryBlockMap@__FrameHandler3@@QAE@PBU_s_FuncInfo@@I@Z 1001b398 f i libvcruntime:frame.obj
 0001:0001a3ac       ??0bad_exception@std@@QAE@ABV01@@Z 1001b3ac f i libvcruntime:frame.obj
 0001:0001a3c7       ??0bad_exception@std@@QAE@XZ 1001b3c7 f i libvcruntime:frame.obj
 0001:0001a3df       ??0exception@std@@QAE@ABV01@@Z 1001b3df f i libvcruntime:frame.obj
 0001:0001a40b       ??0exception@std@@QAE@QBDH@Z 1001b40b f i libvcruntime:frame.obj
 0001:0001a428       ??0iterator@HandlerMap@__FrameHandler3@@QAE@AAV12@I@Z 1001b428 f i libvcruntime:frame.obj
 0001:0001a43c       ??1bad_exception@std@@UAE@XZ 1001b43c f i libvcruntime:frame.obj
 0001:0001a44d       ??1exception@std@@UAE@XZ   1001b44d f i libvcruntime:frame.obj
 0001:0001a45e       ??8iterator@HandlerMap@__FrameHandler3@@QBE_NABV012@@Z 1001b45e f i libvcruntime:frame.obj
 0001:0001a471       ??8type_info@@QBE_NABV0@@Z 1001b471 f i libvcruntime:frame.obj
 0001:0001a490       ??9iterator@HandlerMap@__FrameHandler3@@QBE_NABV012@@Z 1001b490 f i libvcruntime:frame.obj
 0001:0001a4a3       ??Diterator@HandlerMap@__FrameHandler3@@QAE?BU_s_HandlerType@@XZ 1001b4a3 f i libvcruntime:frame.obj
 0001:0001a4c2       ??Diterator@TryBlockMap@__FrameHandler3@@QAE?BU_s_TryBlockMapEntry@@XZ 1001b4c2 f i libvcruntime:frame.obj
 0001:0001a4e4       ??Eiterator@HandlerMap@__FrameHandler3@@QAEAAV012@XZ 1001b4e4 f i libvcruntime:frame.obj
 0001:0001a4ea       ??Eiterator@TryBlockMap@__FrameHandler3@@QAEAAV012@XZ 1001b4ea f i libvcruntime:frame.obj
 0001:0001a4f0       ??Miterator@TryBlockMap@__FrameHandler3@@QBE_NABV012@@Z 1001b4f0 f i libvcruntime:frame.obj
 0001:0001a503       ??_Ebad_exception@std@@UAEPAXI@Z 1001b503 f i libvcruntime:frame.obj
 0001:0001a503       ??_Gbad_exception@std@@UAEPAXI@Z 1001b503 f i libvcruntime:frame.obj
 0001:0001a530       ??_Gexception@std@@UAEPAXI@Z 1001b530 f i libvcruntime:frame.obj
 0001:0001a530       ??_Eexception@std@@UAEPAXI@Z 1001b530 f i libvcruntime:frame.obj
 0001:0001a55d       ?BuildCatchObject@__FrameHandler3@@SAXPAUEHExceptionRecord@@PAXPBU_s_HandlerType@@PBU_s_CatchableType@@@Z 1001b55d f   libvcruntime:frame.obj
 0001:0001a562       ?BuildCatchObjectHelper@__FrameHandler3@@SAHPAUEHExceptionRecord@@PAXPBU_s_HandlerType@@PBU_s_CatchableType@@@Z 1001b562 f   libvcruntime:frame.obj
 0001:0001a7c3       ?FrameUnwindToEmptyState@__FrameHandler3@@SAXPAUEHRegistrationNode@@PAXPBU_s_FuncInfo@@@Z 1001b7c3 f   libvcruntime:frame.obj
 0001:0001a7db       ?FrameUnwindToState@__FrameHandler3@@SAXPAUEHRegistrationNode@@PAXPBU_s_FuncInfo@@H@Z 1001b7db f   libvcruntime:frame.obj
 0001:0001a8c3       ?GetMaxState@__FrameHandler3@@SAHPAXPBU_s_FuncInfo@@@Z 1001b8c3 f i libvcruntime:frame.obj
 0001:0001a9a1       ?TypeMatch@__FrameHandler3@@SAHPBU_s_HandlerType@@PBU_s_CatchableType@@PBU_s_ThrowInfo@@@Z 1001b9a1 f   libvcruntime:frame.obj
 0001:0001a9aa       ?_CallMemberFunction1@@YGXQAX00@Z 1001b9aa f i libvcruntime:frame.obj
 0001:0001a9ba       ?_CallMemberFunction2@@YGXQAX00H@Z 1001b9ba f i libvcruntime:frame.obj
 0001:0001a9cd       ?begin@HandlerMap@__FrameHandler3@@QAE?AViterator@12@XZ 1001b9cd f i libvcruntime:frame.obj
 0001:0001a9dd       ?end@HandlerMap@__FrameHandler3@@QAE?AViterator@12@XZ 1001b9dd f i libvcruntime:frame.obj
 0001:0001a9ee       ?getESTypes@__FrameHandler3@@SAPBU_s_ESTypeList@@PBU_s_FuncInfo@@@Z 1001b9ee f i libvcruntime:frame.obj
 0001:0001a9f9       ?getLastEntry@HandlerMap@__FrameHandler3@@QAEPBU_s_HandlerType@@XZ 1001b9f9 f i libvcruntime:frame.obj
 0001:0001aa07       ?getMagicNum@__FrameHandler3@@SAIPBU_s_FuncInfo@@@Z 1001ba07 f i libvcruntime:frame.obj
 0001:0001aa16       ?getNumTryBlocks@TryBlockMap@__FrameHandler3@@QAEIXZ 1001ba16 f i libvcruntime:frame.obj
 0001:0001aa1c       ?isEHs@__FrameHandler3@@SA_NPBU_s_FuncInfo@@@Z 1001ba1c f i libvcruntime:frame.obj
 0001:0001aa29       ?isNoExcept@__FrameHandler3@@SA_NPBU_s_FuncInfo@@@Z 1001ba29 f i libvcruntime:frame.obj
 0001:0001aa39       ?what@exception@std@@UBEPBDXZ 1001ba39 f i libvcruntime:frame.obj
 0001:0001aa46       ___BuildCatchObject        1001ba46 f   libvcruntime:frame.obj
 0001:0001aa4b       ___BuildCatchObjectHelper  1001ba4b f   libvcruntime:frame.obj
 0001:0001aa54       ___TypeMatch               1001ba54 f   libvcruntime:frame.obj
 0001:0001aa5d       ___vcrt_EncodePointer      1001ba5d f i libvcruntime:frame.obj
 0001:0001aa70       __CallSettingFrame@12      1001ba70 f   libvcruntime:lowhelpr.obj
 0001:0001aa97       __NLG_Return               1001ba97     libvcruntime:lowhelpr.obj
 0001:0001aad0       __get_unexpected           1001bad0 f   libvcruntime:unexpected.obj
 0001:0001aae2       _set_unexpected            1001bae2 f   libvcruntime:unexpected.obj
 0001:0001ab00       _unexpected                1001bb00 f   libvcruntime:unexpected.obj
 0001:0001ab1d       ?GetCurrentState@__FrameHandler3@@SAHPAUEHRegistrationNode@@PAXPBU_s_FuncInfo@@@Z 1001bb1d f   libvcruntime:ehstate.obj
 0001:0001ab3a       ?SetState@__FrameHandler3@@SAXPAUEHRegistrationNode@@PBU_s_FuncInfo@@H@Z 1001bb3a f   libvcruntime:ehstate.obj
 0001:0001ab48       ??$?RD@__crt_public_free_policy@@QBEXQBD@Z 1001bb48 f i libvcruntime:std_exception.obj
 0001:0001ab58       ??0?$__crt_unique_heap_ptr@DU__crt_public_free_policy@@@@QAE@QAD@Z 1001bb58 f i libvcruntime:std_exception.obj
 0001:0001ab66       ??1?$__crt_unique_heap_ptr@DU__crt_public_free_policy@@@@QAE@XZ 1001bb66 f i libvcruntime:std_exception.obj
 0001:0001ab76       ??B?$__crt_unique_heap_ptr@DU__crt_public_free_policy@@@@QBE_NXZ 1001bb76 f i libvcruntime:std_exception.obj
 0001:0001ab7d       ?detach@?$__crt_unique_heap_ptr@DU__crt_public_free_policy@@@@QAEPADXZ 1001bb7d f i libvcruntime:std_exception.obj
 0001:0001ab83       ?get@?$__crt_unique_heap_ptr@DU__crt_public_free_policy@@@@QBEPADXZ 1001bb83 f i libvcruntime:std_exception.obj
 0001:0001ab86       ?is_valid@?$__crt_unique_heap_ptr@DU__crt_public_free_policy@@@@QBE_NXZ 1001bb86 f i libvcruntime:std_exception.obj
 0001:0001ab8d       ?release@?$__crt_unique_heap_ptr@DU__crt_public_free_policy@@@@QAEXXZ 1001bb8d f i libvcruntime:std_exception.obj
 0001:0001ab9d       ___std_exception_copy      1001bb9d f   libvcruntime:std_exception.obj
 0001:0001ac00       ___std_exception_destroy   1001bc00 f   libvcruntime:std_exception.obj
 0001:0001ac1f       __CxxThrowException@8      1001bc1f f   libvcruntime:throw.obj
 0001:0001ac90       _memmove                   1001bc90 f   libvcruntime:memmove.obj
 0001:0001b594       __lseek                    1001c594 f   libucrt:lseek.obj
 0001:0001b59f       __lseek_nolock             1001c59f f   libucrt:lseek.obj
 0001:0001b5aa       __lseeki64                 1001c5aa f   libucrt:lseek.obj
 0001:0001b5c5       __lseeki64_nolock          1001c5c5 f   libucrt:lseek.obj
 0001:0001b692       ??$__acrt_mbs_to_wcs_cp@U__crt_win32_buffer_internal_dynamic_resizing@@@@YAHQBDAAV?$__crt_win32_buffer@_WU__crt_win32_buffer_internal_dynamic_resizing@@@@I@Z 1001c692 f i libucrt:open.obj
 0001:0001b999       ??$tsopen_nolock@PAHABQAHABQBDABHABHABHABH@?$__crt_char_traits@D@@SAH$$QAPAHABQAHABQBDABH333@Z 1001c999 f i libucrt:open.obj
 0001:0001b9cb       ??$tsopen_nolock@PAHABQAHABQB_WABHABHABHABH@?$__crt_char_traits@_W@@SAH$$QAPAHABQAHABQB_WABH333@Z 1001c9cb f i libucrt:open.obj
 0001:0001b9fd       ??$tsopen_nolock@PAHPAHABQBDABHHABHH@?$__crt_char_traits@D@@SAH$$QAPAH0ABQBDABH$$QAH23@Z 1001c9fd f i libucrt:open.obj
 0001:0001ba2f       ??$tsopen_nolock@PAHPAHABQB_WABHHABHH@?$__crt_char_traits@_W@@SAH$$QAPAH0ABQB_WABH$$QAH23@Z 1001ca2f f i libucrt:open.obj
 0001:0001ba61       ??0?$__crt_win32_buffer@_WU__crt_win32_buffer_internal_dynamic_resizing@@@@QAE@XZ 1001ca61 f i libucrt:open.obj
 0001:0001ba77       ??0_LocaleUpdate@@QAE@QAU__crt_locale_pointers@@@Z 1001ca77 f i libucrt:open.obj
 0001:0001bafa       ??1?$__crt_win32_buffer@_WU__crt_win32_buffer_internal_dynamic_resizing@@@@QAE@XZ 1001cafa f i libucrt:open.obj
 0001:0001baff       ??1_LocaleUpdate@@QAE@XZ   1001caff f i libucrt:open.obj
 0001:0001bb30       ?GetLocaleT@_LocaleUpdate@@QAEPAU__crt_locale_pointers@@XZ 1001cb30 f i libucrt:open.obj
 0001:0001bb34       ?__acrt_get_utf8_acp_compatibility_codepage@@YAIXZ 1001cb34 f i libucrt:open.obj
 0001:0001bb73       ?_deallocate@?$__crt_win32_buffer@_WU__crt_win32_buffer_internal_dynamic_resizing@@@@AAEXXZ 1001cb73 f i libucrt:open.obj
 0001:0001bb8d       ?allocate@?$__crt_win32_buffer@_WU__crt_win32_buffer_internal_dynamic_resizing@@@@QAEHI@Z 1001cb8d f i libucrt:open.obj
 0001:0001bbcc       ?allocate@__crt_win32_buffer_internal_dynamic_resizing@@SAHQAPAXIABV__crt_win32_buffer_empty_debug_info@@@Z 1001cbcc f i libucrt:open.obj
 0001:0001bbeb       ?capacity@?$__crt_win32_buffer@_WU__crt_win32_buffer_internal_dynamic_resizing@@@@QBEIXZ 1001cbeb f i libucrt:open.obj
 0001:0001be67       ?data@?$__crt_win32_buffer@_WU__crt_win32_buffer_internal_dynamic_resizing@@@@QAEPA_WXZ 1001ce67 f i libucrt:open.obj
 0001:0001be6b       ?deallocate@__crt_win32_buffer_internal_dynamic_resizing@@SAXQAXABV__crt_win32_buffer_empty_debug_info@@@Z 1001ce6b f i libucrt:open.obj
 0001:0001be7b       ?debug_info@?$__crt_win32_buffer@_WU__crt_win32_buffer_internal_dynamic_resizing@@@@QBEABV__crt_win32_buffer_empty_debug_info@@XZ 1001ce7b f i libucrt:open.obj
 0001:0001c154       ?set_to_nullptr@?$__crt_win32_buffer@_WU__crt_win32_buffer_internal_dynamic_resizing@@@@QAEXXZ 1001d154 f i libucrt:open.obj
 0001:0001c16b       ?size@?$__crt_win32_buffer@_WU__crt_win32_buffer_internal_dynamic_resizing@@@@QAEXI@Z 1001d16b f i libucrt:open.obj
 0001:0001c224       ___acrt_disable_global_locale_sync 1001d224 f i libucrt:open.obj
 0001:0001c237       ___acrt_enable_global_locale_sync 1001d237 f i libucrt:open.obj
 0001:0001c24c       ___acrt_locale_changed     1001d24c f i libucrt:open.obj
 0001:0001c257       __invoke_watson_if_error   1001d257 f i libucrt:open.obj
 0001:0001c279       __open                     1001d279 f   libucrt:open.obj
 0001:0001c291       __sopen                    1001d291 f   libucrt:open.obj
 0001:0001c2c4       __sopen_dispatch           1001d2c4 f   libucrt:open.obj
 0001:0001c2cf       __sopen_nolock             1001d2cf f   libucrt:open.obj
 0001:0001c33d       __sopen_s                  1001d33d f   libucrt:open.obj
 0001:0001c35d       __wopen                    1001d35d f   libucrt:open.obj
 0001:0001c375       __wsopen                   1001d375 f   libucrt:open.obj
 0001:0001c3a8       __wsopen_dispatch          1001d3a8 f   libucrt:open.obj
 0001:0001c3b3       __wsopen_nolock            1001d3b3 f   libucrt:open.obj
 0001:0001c6dd       __wsopen_s                 1001d6dd f   libucrt:open.obj
 0001:0001c9d3       __wcstombs_l               1001d9d3 f   libucrt:wcstombs.obj
 0001:0001c9de       __wcstombs_s_l             1001d9de f   libucrt:wcstombs.obj
 0001:0001caa5       _wcstombs                  1001daa5 f   libucrt:wcstombs.obj
 0001:0001cabf       _wcstombs_s                1001dabf f   libucrt:wcstombs.obj
 0001:0001cadf       ??$?0ABV?$stream_output_adapter@D@__crt_stdio_output@@AB_KABQBDABQAU__crt_locale_pointers@@ABQAD@?$format_validation_base@DV?$stream_output_adapter@D@__crt_stdio_output@@@__crt_stdio_output@@IAE@ABV?$stream_output_adapter@D@1@AB_KABQBDABQAU__crt_locale_pointers@@ABQAD@Z 1001dadf f i libucrt:output.obj
 0001:0001cb02       ??$?0ABV?$stream_output_adapter@D@__crt_stdio_output@@AB_KABQBDABQAU__crt_locale_pointers@@ABQAD@?$positional_parameter_base@DV?$stream_output_adapter@D@__crt_stdio_output@@@__crt_stdio_output@@IAE@ABV?$stream_output_adapter@D@1@AB_KABQBDABQAU__crt_locale_pointers@@ABQAD@Z 1001db02 f i libucrt:output.obj
 0001:0001cb4a       ??$?0ABV?$stream_output_adapter@D@__crt_stdio_output@@AB_KABQBDABQAU__crt_locale_pointers@@ABQAD@?$standard_base@DV?$stream_output_adapter@D@__crt_stdio_output@@@__crt_stdio_output@@IAE@ABV?$stream_output_adapter@D@1@AB_KABQBDABQAU__crt_locale_pointers@@ABQAD@Z 1001db4a f i libucrt:output.obj
 0001:0001cb7f       ??$?0ABV?$stream_output_adapter@_W@__crt_stdio_output@@AB_KABQB_WABQAU__crt_locale_pointers@@ABQAD@?$format_validation_base@_WV?$stream_output_adapter@_W@__crt_stdio_output@@@__crt_stdio_output@@IAE@ABV?$stream_output_adapter@_W@1@AB_KABQB_WABQAU__crt_locale_pointers@@ABQAD@Z 1001db7f f i libucrt:output.obj
 0001:0001cba2       ??$?0ABV?$stream_output_adapter@_W@__crt_stdio_output@@AB_KABQB_WABQAU__crt_locale_pointers@@ABQAD@?$positional_parameter_base@_WV?$stream_output_adapter@_W@__crt_stdio_output@@@__crt_stdio_output@@IAE@ABV?$stream_output_adapter@_W@1@AB_KABQB_WABQAU__crt_locale_pointers@@ABQAD@Z 1001dba2 f i libucrt:output.obj
 0001:0001cbea       ??$?0ABV?$stream_output_adapter@_W@__crt_stdio_output@@AB_KABQB_WABQAU__crt_locale_pointers@@ABQAD@?$standard_base@_WV?$stream_output_adapter@_W@__crt_stdio_output@@@__crt_stdio_output@@IAE@ABV?$stream_output_adapter@_W@1@AB_KABQB_WABQAU__crt_locale_pointers@@ABQAD@Z 1001dbea f i libucrt:output.obj
 0001:0001cc1f       ??$?0ABV?$string_output_adapter@D@__crt_stdio_output@@AB_KABQBDABQAU__crt_locale_pointers@@ABQAD@?$format_validation_base@DV?$string_output_adapter@D@__crt_stdio_output@@@__crt_stdio_output@@IAE@ABV?$string_output_adapter@D@1@AB_KABQBDABQAU__crt_locale_pointers@@ABQAD@Z 1001dc1f f i libucrt:output.obj
 0001:0001cc42       ??$?0ABV?$string_output_adapter@D@__crt_stdio_output@@AB_KABQBDABQAU__crt_locale_pointers@@ABQAD@?$positional_parameter_base@DV?$string_output_adapter@D@__crt_stdio_output@@@__crt_stdio_output@@IAE@ABV?$string_output_adapter@D@1@AB_KABQBDABQAU__crt_locale_pointers@@ABQAD@Z 1001dc42 f i libucrt:output.obj
 0001:0001cc8a       ??$?0ABV?$string_output_adapter@D@__crt_stdio_output@@AB_KABQBDABQAU__crt_locale_pointers@@ABQAD@?$standard_base@DV?$string_output_adapter@D@__crt_stdio_output@@@__crt_stdio_output@@IAE@ABV?$string_output_adapter@D@1@AB_KABQBDABQAU__crt_locale_pointers@@ABQAD@Z 1001dc8a f i libucrt:output.obj
 0001:0001ccbf       ??$?0ABV?$string_output_adapter@_W@__crt_stdio_output@@AB_KABQB_WABQAU__crt_locale_pointers@@ABQAD@?$format_validation_base@_WV?$string_output_adapter@_W@__crt_stdio_output@@@__crt_stdio_output@@IAE@ABV?$string_output_adapter@_W@1@AB_KABQB_WABQAU__crt_locale_pointers@@ABQAD@Z 1001dcbf f i libucrt:output.obj
 0001:0001cce2       ??$?0ABV?$string_output_adapter@_W@__crt_stdio_output@@AB_KABQB_WABQAU__crt_locale_pointers@@ABQAD@?$positional_parameter_base@_WV?$string_output_adapter@_W@__crt_stdio_output@@@__crt_stdio_output@@IAE@ABV?$string_output_adapter@_W@1@AB_KABQB_WABQAU__crt_locale_pointers@@ABQAD@Z 1001dce2 f i libucrt:output.obj
 0001:0001cd2a       ??$?0ABV?$string_output_adapter@_W@__crt_stdio_output@@AB_KABQB_WABQAU__crt_locale_pointers@@ABQAD@?$standard_base@_WV?$string_output_adapter@_W@__crt_stdio_output@@@__crt_stdio_output@@IAE@ABV?$string_output_adapter@_W@1@AB_KABQB_WABQAU__crt_locale_pointers@@ABQAD@Z 1001dd2a f i libucrt:output.obj
 0001:0001d065       ??$__crt_interlocked_read@J@@YAJPDJ@Z 1001e065 f i libucrt:output.obj
 0001:0001df31       ??$count@D@formatting_buffer@__crt_stdio_output@@QBEIXZ 1001ef31 f i libucrt:output.obj
 0001:0001df49       ??$count@_W@formatting_buffer@__crt_stdio_output@@QBEIXZ 1001ef49 f i libucrt:output.obj
 0001:0001df62       ??$data@D@formatting_buffer@__crt_stdio_output@@QAEPADXZ 1001ef62 f i libucrt:output.obj
 0001:0001df6f       ??$data@_W@formatting_buffer@__crt_stdio_output@@QAEPA_WXZ 1001ef6f f i libucrt:output.obj
 0001:0001df7c       ??$ensure_buffer_is_big_enough@D@formatting_buffer@__crt_stdio_output@@QAE_NI@Z 1001ef7c f i libucrt:output.obj
 0001:0001dff9       ??$ensure_buffer_is_big_enough@_W@formatting_buffer@__crt_stdio_output@@QAE_NI@Z 1001eff9 f i libucrt:output.obj
 0001:0001e077       ??$extract_argument_from_va_list@C_J@?$positional_parameter_base@DV?$stream_output_adapter@D@__crt_stdio_output@@@__crt_stdio_output@@IAE_NAA_J@Z 1001f077 f i libucrt:output.obj
 0001:0001e0f0       ??$extract_argument_from_va_list@C_J@?$positional_parameter_base@DV?$string_output_adapter@D@__crt_stdio_output@@@__crt_stdio_output@@IAE_NAA_J@Z 1001f0f0 f i libucrt:output.obj
 0001:0001e169       ??$extract_argument_from_va_list@C_J@?$positional_parameter_base@_WV?$stream_output_adapter@_W@__crt_stdio_output@@@__crt_stdio_output@@IAE_NAA_J@Z 1001f169 f i libucrt:output.obj
 0001:0001e1e2       ??$extract_argument_from_va_list@C_J@?$positional_parameter_base@_WV?$string_output_adapter@_W@__crt_stdio_output@@@__crt_stdio_output@@IAE_NAA_J@Z 1001f1e2 f i libucrt:output.obj
 0001:0001e25b       ??$extract_argument_from_va_list@C_J@?$standard_base@DV?$stream_output_adapter@D@__crt_stdio_output@@@__crt_stdio_output@@IAE_NAA_J@Z 1001f25b f i libucrt:output.obj
 0001:0001e27a       ??$extract_argument_from_va_list@C_J@?$standard_base@DV?$string_output_adapter@D@__crt_stdio_output@@@__crt_stdio_output@@IAE_NAA_J@Z 1001f27a f i libucrt:output.obj
 0001:0001e299       ??$extract_argument_from_va_list@C_J@?$standard_base@_WV?$stream_output_adapter@_W@__crt_stdio_output@@@__crt_stdio_output@@IAE_NAA_J@Z 1001f299 f i libucrt:output.obj
 0001:0001e2b8       ??$extract_argument_from_va_list@C_J@?$standard_base@_WV?$string_output_adapter@_W@__crt_stdio_output@@@__crt_stdio_output@@IAE_NAA_J@Z 1001f2b8 f i libucrt:output.obj
 0001:0001e2d7       ??$extract_argument_from_va_list@E_J@?$positional_parameter_base@DV?$stream_output_adapter@D@__crt_stdio_output@@@__crt_stdio_output@@IAE_NAA_J@Z 1001f2d7 f i libucrt:output.obj
 0001:0001e350       ??$extract_argument_from_va_list@E_J@?$positional_parameter_base@DV?$string_output_adapter@D@__crt_stdio_output@@@__crt_stdio_output@@IAE_NAA_J@Z 1001f350 f i libucrt:output.obj
 0001:0001e3c9       ??$extract_argument_from_va_list@E_J@?$positional_parameter_base@_WV?$stream_output_adapter@_W@__crt_stdio_output@@@__crt_stdio_output@@IAE_NAA_J@Z 1001f3c9 f i libucrt:output.obj
 0001:0001e442       ??$extract_argument_from_va_list@E_J@?$positional_parameter_base@_WV?$string_output_adapter@_W@__crt_stdio_output@@@__crt_stdio_output@@IAE_NAA_J@Z 1001f442 f i libucrt:output.obj
 0001:0001e4bb       ??$extract_argument_from_va_list@E_J@?$standard_base@DV?$stream_output_adapter@D@__crt_stdio_output@@@__crt_stdio_output@@IAE_NAA_J@Z 1001f4bb f i libucrt:output.obj
 0001:0001e4da       ??$extract_argument_from_va_list@E_J@?$standard_base@DV?$string_output_adapter@D@__crt_stdio_output@@@__crt_stdio_output@@IAE_NAA_J@Z 1001f4da f i libucrt:output.obj
 0001:0001e4f9       ??$extract_argument_from_va_list@E_J@?$standard_base@_WV?$stream_output_adapter@_W@__crt_stdio_output@@@__crt_stdio_output@@IAE_NAA_J@Z 1001f4f9 f i libucrt:output.obj
 0001:0001e518       ??$extract_argument_from_va_list@E_J@?$standard_base@_WV?$string_output_adapter@_W@__crt_stdio_output@@@__crt_stdio_output@@IAE_NAA_J@Z 1001f518 f i libucrt:output.obj
 0001:0001e537       ??$extract_argument_from_va_list@F_J@?$positional_parameter_base@DV?$stream_output_adapter@D@__crt_stdio_output@@@__crt_stdio_output@@IAE_NAA_J@Z 1001f537 f i libucrt:output.obj
 0001:0001e5b0       ??$extract_argument_from_va_list@F_J@?$positional_parameter_base@DV?$string_output_adapter@D@__crt_stdio_output@@@__crt_stdio_output@@IAE_NAA_J@Z 1001f5b0 f i libucrt:output.obj
 0001:0001e629       ??$extract_argument_from_va_list@F_J@?$positional_parameter_base@_WV?$stream_output_adapter@_W@__crt_stdio_output@@@__crt_stdio_output@@IAE_NAA_J@Z 1001f629 f i libucrt:output.obj
 0001:0001e6a2       ??$extract_argument_from_va_list@F_J@?$positional_parameter_base@_WV?$string_output_adapter@_W@__crt_stdio_output@@@__crt_stdio_output@@IAE_NAA_J@Z 1001f6a2 f i libucrt:output.obj
 0001:0001e71b       ??$extract_argument_from_va_list@F_J@?$standard_base@DV?$stream_output_adapter@D@__crt_stdio_output@@@__crt_stdio_output@@IAE_NAA_J@Z 1001f71b f i libucrt:output.obj
 0001:0001e73a       ??$extract_argument_from_va_list@F_J@?$standard_base@DV?$string_output_adapter@D@__crt_stdio_output@@@__crt_stdio_output@@IAE_NAA_J@Z 1001f73a f i libucrt:output.obj
 0001:0001e759       ??$extract_argument_from_va_list@F_J@?$standard_base@_WV?$stream_output_adapter@_W@__crt_stdio_output@@@__crt_stdio_output@@IAE_NAA_J@Z 1001f759 f i libucrt:output.obj
 0001:0001e778       ??$extract_argument_from_va_list@F_J@?$standard_base@_WV?$string_output_adapter@_W@__crt_stdio_output@@@__crt_stdio_output@@IAE_NAA_J@Z 1001f778 f i libucrt:output.obj
 0001:0001e797       ??$extract_argument_from_va_list@GD@?$positional_parameter_base@DV?$stream_output_adapter@D@__crt_stdio_output@@@__crt_stdio_output@@IAE_NAAD@Z 1001f797 f i libucrt:output.obj
 0001:0001e80f       ??$extract_argument_from_va_list@GD@?$positional_parameter_base@DV?$string_output_adapter@D@__crt_stdio_output@@@__crt_stdio_output@@IAE_NAAD@Z 1001f80f f i libucrt:output.obj
 0001:0001e887       ??$extract_argument_from_va_list@GD@?$standard_base@DV?$stream_output_adapter@D@__crt_stdio_output@@@__crt_stdio_output@@IAE_NAAD@Z 1001f887 f i libucrt:output.obj
 0001:0001e8a1       ??$extract_argument_from_va_list@GD@?$standard_base@DV?$string_output_adapter@D@__crt_stdio_output@@@__crt_stdio_output@@IAE_NAAD@Z 1001f8a1 f i libucrt:output.obj
 0001:0001e8bb       ??$extract_argument_from_va_list@G_J@?$positional_parameter_base@DV?$stream_output_adapter@D@__crt_stdio_output@@@__crt_stdio_output@@IAE_NAA_J@Z 1001f8bb f i libucrt:output.obj
 0001:0001e934       ??$extract_argument_from_va_list@G_J@?$positional_parameter_base@DV?$string_output_adapter@D@__crt_stdio_output@@@__crt_stdio_output@@IAE_NAA_J@Z 1001f934 f i libucrt:output.obj
 0001:0001e9ad       ??$extract_argument_from_va_list@G_J@?$positional_parameter_base@_WV?$stream_output_adapter@_W@__crt_stdio_output@@@__crt_stdio_output@@IAE_NAA_J@Z 1001f9ad f i libucrt:output.obj
 0001:0001ea26       ??$extract_argument_from_va_list@G_J@?$positional_parameter_base@_WV?$string_output_adapter@_W@__crt_stdio_output@@@__crt_stdio_output@@IAE_NAA_J@Z 1001fa26 f i libucrt:output.obj
 0001:0001ea9f       ??$extract_argument_from_va_list@G_J@?$standard_base@DV?$stream_output_adapter@D@__crt_stdio_output@@@__crt_stdio_output@@IAE_NAA_J@Z 1001fa9f f i libucrt:output.obj
 0001:0001eabe       ??$extract_argument_from_va_list@G_J@?$standard_base@DV?$string_output_adapter@D@__crt_stdio_output@@@__crt_stdio_output@@IAE_NAA_J@Z 1001fabe f i libucrt:output.obj
 0001:0001eadd       ??$extract_argument_from_va_list@G_J@?$standard_base@_WV?$stream_output_adapter@_W@__crt_stdio_output@@@__crt_stdio_output@@IAE_NAA_J@Z 1001fadd f i libucrt:output.obj
 0001:0001eafc       ??$extract_argument_from_va_list@G_J@?$standard_base@_WV?$string_output_adapter@_W@__crt_stdio_output@@@__crt_stdio_output@@IAE_NAA_J@Z 1001fafc f i libucrt:output.obj
 0001:0001eb1b       ??$extract_argument_from_va_list@H_J@?$positional_parameter_base@DV?$stream_output_adapter@D@__crt_stdio_output@@@__crt_stdio_output@@IAE_NAA_J@Z 1001fb1b f i libucrt:output.obj
 0001:0001eb92       ??$extract_argument_from_va_list@H_J@?$positional_parameter_base@DV?$string_output_adapter@D@__crt_stdio_output@@@__crt_stdio_output@@IAE_NAA_J@Z 1001fb92 f i libucrt:output.obj
 0001:0001ec09       ??$extract_argument_from_va_list@H_J@?$positional_parameter_base@_WV?$stream_output_adapter@_W@__crt_stdio_output@@@__crt_stdio_output@@IAE_NAA_J@Z 1001fc09 f i libucrt:output.obj
 0001:0001ec80       ??$extract_argument_from_va_list@H_J@?$positional_parameter_base@_WV?$string_output_adapter@_W@__crt_stdio_output@@@__crt_stdio_output@@IAE_NAA_J@Z 1001fc80 f i libucrt:output.obj
 0001:0001ecf7       ??$extract_argument_from_va_list@H_J@?$standard_base@DV?$stream_output_adapter@D@__crt_stdio_output@@@__crt_stdio_output@@IAE_NAA_J@Z 1001fcf7 f i libucrt:output.obj
 0001:0001ed15       ??$extract_argument_from_va_list@H_J@?$standard_base@DV?$string_output_adapter@D@__crt_stdio_output@@@__crt_stdio_output@@IAE_NAA_J@Z 1001fd15 f i libucrt:output.obj
 0001:0001ed33       ??$extract_argument_from_va_list@H_J@?$standard_base@_WV?$stream_output_adapter@_W@__crt_stdio_output@@@__crt_stdio_output@@IAE_NAA_J@Z 1001fd33 f i libucrt:output.obj
 0001:0001ed51       ??$extract_argument_from_va_list@H_J@?$standard_base@_WV?$string_output_adapter@_W@__crt_stdio_output@@@__crt_stdio_output@@IAE_NAA_J@Z 1001fd51 f i libucrt:output.obj
 0001:0001ed6f       ??$extract_argument_from_va_list@I_J@?$positional_parameter_base@DV?$stream_output_adapter@D@__crt_stdio_output@@@__crt_stdio_output@@IAE_NAA_J@Z 1001fd6f f i libucrt:output.obj
 0001:0001edef       ??$extract_argument_from_va_list@I_J@?$positional_parameter_base@DV?$string_output_adapter@D@__crt_stdio_output@@@__crt_stdio_output@@IAE_NAA_J@Z 1001fdef f i libucrt:output.obj
[...]
 0002:0000d6c8       __sehtable$??$?RV<lambda_2cc53f568c5a2bb6f192f930a45d44ea>@@AAV<lambda_ab61a845afdef5b7c387490eaf3616ee>@@V<lambda_c2ffc0b7726aa6be21d5f0026187e748>@@@?$__crt_seh_guarded_call@X@@QAEX$$QAV<lambda_2cc53f568c5a2bb6f192f930a45d44ea>@@AAV<lambda_ab61a845afdef5b7c387490eaf3616ee>@@$$QAV<lambda_c2ffc0b7726aa6be21d5f0026187e748>@@@Z 100636c8     libucrt:fflush.obj
 0002:0000d6e8       __sehtable$??$?RV<lambda_6d20deecaf4856105ebacbad442d1079>@@AAV<lambda_9a32fed5bf61b6b509b2d3f6003082a1>@@V<lambda_63ea2239ed67c638ddbae41947fdf875>@@@?$__crt_seh_guarded_call@H@@QAEH$$QAV<lambda_6d20deecaf4856105ebacbad442d1079>@@AAV<lambda_9a32fed5bf61b6b509b2d3f6003082a1>@@$$QAV<lambda_63ea2239ed67c638ddbae41947fdf875>@@@Z 100636e8     libucrt:fflush.obj
 0002:0000d708       __sehtable$?update_thread_multibyte_data_internal@@YAPAU__crt_multibyte_data@@QAU__acrt_ptd@@QAPAU1@@Z 10063708     libucrt:mbctype.obj
 0002:0000d728       __sehtable$??$?RV<lambda_ceb1ee4838e85a9d631eb091e2fbe199>@@AAV<lambda_ae742caa10f662c28703da3d2ea5e57e>@@V<lambda_cd08b5d6af4937fe54fc07d0c9bf6b37>@@@?$__crt_seh_guarded_call@X@@QAEX$$QAV<lambda_ceb1ee4838e85a9d631eb091e2fbe199>@@AAV<lambda_ae742caa10f662c28703da3d2ea5e57e>@@$$QAV<lambda_cd08b5d6af4937fe54fc07d0c9bf6b37>@@@Z 10063728     libucrt:mbctype.obj
 0002:0000d748       __sehtable$__query_new_handler 10063748     libucrt:new_handler.obj
 0002:0000d768       __sehtable$__set_new_handler 10063768     libucrt:new_handler.obj
 0002:0000d788       __sehtable$_signal         10063788     libucrt:signal.obj
 0002:0000d7a8       __sehtable$_raise          100637a8     libucrt:signal.obj
 0002:0000d7c8       __sehtable$?ctrlevent_capture@@YGHK@Z 100637c8     libucrt:signal.obj
 0002:0000d7e8       __sehtable$??$?RV<lambda_cbab9ec6f41b0180b23cc171c22676b0>@@AAV<lambda_44731a7d0e6d81c3e6aa82d741081786>@@V<lambda_4b292cb8dd18144e164572427af410ab>@@@?$__crt_seh_guarded_call@P6AXH@Z@@QAEP6AXH@Z$$QAV<lambda_cbab9ec6f41b0180b23cc171c22676b0>@@AAV<lambda_44731a7d0e6d81c3e6aa82d741081786>@@$$QAV<lambda_4b292cb8dd18144e164572427af410ab>@@@Z 100637e8     libucrt:signal.obj
 0002:0000d808       __sehtable$___acrt_update_thread_locale_data 10063808     libucrt:locale_refcounting.obj
 0002:0000d828       __sehtable$__fcloseall     10063828     libucrt:closeall.obj
 0002:0000d848       __sehtable$??$?RV<lambda_9e9de3de5fa147e2223d7db92bc10aa6>@@AAV<lambda_38ce7e780aa69e748d6df282ebc68efe>@@V<lambda_8ca6da459f0f6780f1cff60fdc3d00e5>@@@?$__crt_seh_guarded_call@H@@QAEH$$QAV<lambda_9e9de3de5fa147e2223d7db92bc10aa6>@@AAV<lambda_38ce7e780aa69e748d6df282ebc68efe>@@$$QAV<lambda_8ca6da459f0f6780f1cff60fdc3d00e5>@@@Z 10063848     libucrt:commit.obj
 0002:0000d868       __sehtable$___set_fpsr_sse2 10063868     libucrt:fpctrl.obj
 0002:0000d888       __sehtable$__IsNonwritableInCurrentImage 10063888     LIBCMT:pesect.obj
 0002:0000d8b0       .edata                     100638b0     zlibwapi.exp
 0002:0000d8d8       rgpv                       100638d8     zlibwapi.exp
 0002:0000db94       rgszName                   10063b94     zlibwapi.exp
 0002:0000dd98       rgwOrd                     10063d98     zlibwapi.exp
 0002:0000de9a       szName                     10063e9a     zlibwapi.exp
 0002:0000dea7       $N00001                    10063ea7     zlibwapi.exp
 0002:0000deaf       $N00140                    10063eaf     zlibwapi.exp
 0002:0000debf       $N00174                    10063ebf     zlibwapi.exp
 0002:0000dec9       $N00039                    10063ec9     zlibwapi.exp
 0002:0000ded3       $N00002                    10063ed3     zlibwapi.exp
 0002:0000dedc       $N00046                    10063edc     zlibwapi.exp
 0002:0000deea       $N00003                    10063eea     zlibwapi.exp
 0002:0000def0       $N00142                    10063ef0     zlibwapi.exp
 0002:0000defe       $N00175                    10063efe     zlibwapi.exp
 0002:0000df06       $N00004                    10063f06     zlibwapi.exp
 0002:0000df0e       $N00047                    10063f0e     zlibwapi.exp
 0002:0000df1b       $N00005                    10063f1b     zlibwapi.exp
 0002:0000df27       $N00006                    10063f27     zlibwapi.exp
 0002:0000df32       $N00173                    10063f32     zlibwapi.exp
 0002:0000df47       $N00007                    10063f47     zlibwapi.exp
 0002:0000df55       $N00008                    10063f55     zlibwapi.exp
 0002:0000df62       $N00009                    10063f62     zlibwapi.exp
 0002:0000df70       $N00052                    10063f70     zlibwapi.exp
 0002:0000df7f       $N00051                    10063f7f     zlibwapi.exp
 0002:0000df8c       $N00010                    10063f8c     zlibwapi.exp
 0002:0000df99       $N00164                    10063f99     zlibwapi.exp
 0002:0000dfaa       $N00011                    10063faa     zlibwapi.exp
 0002:0000dfbf       $N00144                    10063fbf     zlibwapi.exp
 0002:0000dfd0       $N00145                    10063fd0     zlibwapi.exp
 0002:0000dfdc       $N00110                    10063fdc     zlibwapi.exp
 0002:0000dff0       $N00111                    10063ff0     zlibwapi.exp
 0002:0000e006       $N00112                    10064006     zlibwapi.exp
 0002:0000e01d       $N00113                    1006401d     zlibwapi.exp
 0002:0000e034       $N00038                    10064034     zlibwapi.exp
 0002:0000e042       $N00146                    10064042     zlibwapi.exp
 0002:0000e04b       $N00048                    1006404b     zlibwapi.exp
 0002:0000e056       $N00012                    10064056     zlibwapi.exp
 0002:0000e05e       $N00147                    1006405e     zlibwapi.exp
 0002:0000e068       $N00148                    10064068     zlibwapi.exp
 0002:0000e072       $N00149                    10064072     zlibwapi.exp
 0002:0000e07b       $N00013                    1006407b     zlibwapi.exp
 0002:0000e083       $N00034                    10064083     zlibwapi.exp
 0002:0000e089       $N00014                    10064089     zlibwapi.exp
 0002:0000e091       $N00015                    10064091     zlibwapi.exp
 0002:0000e099       $N00171                    10064099     zlibwapi.exp
 0002:0000e0a1       $N00172                    100640a1     zlibwapi.exp
 0002:0000e0aa       $N00030                    100640aa     zlibwapi.exp
 0002:0000e0b1       $N00161                    100640b1     zlibwapi.exp
 0002:0000e0b9       $N00041                    100640b9     zlibwapi.exp
 0002:0000e0c0       $N00150                    100640c0     zlibwapi.exp
 0002:0000e0c9       $N00016                    100640c9     zlibwapi.exp
 0002:0000e0d0       $N00165                    100640d0     zlibwapi.exp
 0002:0000e0d9       $N00028                    100640d9     zlibwapi.exp
 0002:0000e0e2       $N00029                    100640e2     zlibwapi.exp
 0002:0000e0e9       $N00040                    100640e9     zlibwapi.exp
 0002:0000e0f0       $N00017                    100640f0     zlibwapi.exp
 0002:0000e0f7       $N00032                    100640f7     zlibwapi.exp
 0002:0000e100       $N00031                    10064100     zlibwapi.exp
 0002:0000e107       $N00035                    10064107     zlibwapi.exp
 0002:0000e113       $N00033                    10064113     zlibwapi.exp
 0002:0000e11a       $N00049                    1006411a     zlibwapi.exp
 0002:0000e123       $N00167                    10064123     zlibwapi.exp
 0002:0000e12d       $N00018                    1006412d     zlibwapi.exp
 0002:0000e135       $N00019                    10064135     zlibwapi.exp
 0002:0000e13d       $N00044                    1006413d     zlibwapi.exp
 0002:0000e149       $N00045                    10064149     zlibwapi.exp
 0002:0000e158       $N00043                    10064158     zlibwapi.exp
 0002:0000e169       $N00168                    10064169     zlibwapi.exp
 0002:0000e17a       $N00042                    1006417a     zlibwapi.exp
 0002:0000e186       $N00020                    10064186     zlibwapi.exp
 0002:0000e191       $N00166                    10064191     zlibwapi.exp
 0002:0000e1a6       $N00156                    100641a6     zlibwapi.exp
 0002:0000e1b7       $N00021                    100641b7     zlibwapi.exp
 0002:0000e1c5       $N00022                    100641c5     zlibwapi.exp
 0002:0000e1d2       $N00157                    100641d2     zlibwapi.exp
 0002:0000e1de       $N00158                    100641de     zlibwapi.exp
 0002:0000e1eb       $N00159                    100641eb     zlibwapi.exp
 0002:0000e1f9       $N00023                    100641f9     zlibwapi.exp
 0002:0000e206       $N00163                    10064206     zlibwapi.exp
 0002:0000e217       $N00024                    10064217     zlibwapi.exp
 0002:0000e22c       $N00025                    1006422c     zlibwapi.exp
 0002:0000e238       $N00037                    10064238     zlibwapi.exp
 0002:0000e249       $N00160                    10064249     zlibwapi.exp
 0002:0000e25a       $N00169                    1006425a     zlibwapi.exp
 0002:0000e26a       $N00170                    1006426a     zlibwapi.exp
 0002:0000e276       $N00026                    10064276     zlibwapi.exp
 0002:0000e281       $N00062                    10064281     zlibwapi.exp
 0002:0000e28a       $N00072                    1006428a     zlibwapi.exp
 0002:0000e29e       $N00124                    1006429e     zlibwapi.exp
 0002:0000e2b6       $N00064                    100642b6     zlibwapi.exp
 0002:0000e2cc       $N00125                    100642cc     zlibwapi.exp
 0002:0000e2ea       $N00127                    100642ea     zlibwapi.exp
 0002:0000e2fa       $N00100                    100642fa     zlibwapi.exp
 0002:0000e308       $N00073                    10064308     zlibwapi.exp
 0002:0000e31c       $N00122                    1006431c     zlibwapi.exp
 0002:0000e32f       $N00063                    1006432f     zlibwapi.exp
 0002:0000e340       $N00076                    10064340     zlibwapi.exp
 0002:0000e356       $N00128                    10064356     zlibwapi.exp
 0002:0000e367       $N00101                    10064367     zlibwapi.exp
 0002:0000e376       $N00065                    10064376     zlibwapi.exp
 0002:0000e387       $N00066                    10064387     zlibwapi.exp
 0002:0000e397       $N00075                    10064397     zlibwapi.exp
 0002:0000e3a5       $N00077                    100643a5     zlibwapi.exp
 0002:0000e3ae       $N00121                    100643ae     zlibwapi.exp
 0002:0000e3ba       $N00120                    100643ba     zlibwapi.exp
 0002:0000e3c4       $N00061                    100643c4     zlibwapi.exp
 0002:0000e3cc       $N00078                    100643cc     zlibwapi.exp
 0002:0000e3e0       $N00069                    100643e0     zlibwapi.exp
 0002:0000e3f4       $N00067                    100643f4     zlibwapi.exp
 0002:0000e407       $N00079                    10064407     zlibwapi.exp
 0002:0000e422       $N00068                    10064422     zlibwapi.exp
 0002:0000e435       $N00074                    10064435     zlibwapi.exp
 0002:0000e44e       $N00071                    1006444e     zlibwapi.exp
 0002:0000e455       $N00126                    10064455     zlibwapi.exp
 0002:0000e45f       $N00070                    1006445f     zlibwapi.exp
 0002:0000e467       $N00036                    10064467     zlibwapi.exp
 0002:0000e46e       $N00084                    1006446e     zlibwapi.exp
 0002:0000e477       $N00083                    10064477     zlibwapi.exp
 0002:0000e489       $N00136                    10064489     zlibwapi.exp
 0002:0000e4a0       $N00087                    100644a0     zlibwapi.exp
 0002:0000e4b5       $N00088                    100644b5     zlibwapi.exp
 0002:0000e4be       $N00131                    100644be     zlibwapi.exp
 0002:0000e4ca       $N00130                    100644ca     zlibwapi.exp
 0002:0000e4d4       $N00080                    100644d4     zlibwapi.exp
 0002:0000e4dc       $N00086                    100644dc     zlibwapi.exp
 0002:0000e4f1       $N00133                    100644f1     zlibwapi.exp
 0002:0000e509       $N00089                    10064509     zlibwapi.exp
 0002:0000e51e       $N00134                    1006451e     zlibwapi.exp
 0002:0000e536       $N00135                    10064536     zlibwapi.exp
 0002:0000e54e       $N00132                    1006454e     zlibwapi.exp
 0002:0000e564       $N00081                    10064564     zlibwapi.exp
 0002:0000e578       $N00082                    10064578     zlibwapi.exp
 0002:0000e58c       $N00050                    1006458c     zlibwapi.exp
 0002:0000e59d       $N00027                    1006459d     zlibwapi.exp
 0002:0000e788       .idata$6                   10064788     kernel32:KERNEL32.dll
 0003:00000020       ?prefix@?1??getDimension@UnDecorator@@CA?AVDName@@_N@Z@4UStringLiteral@@A 10065020     libvcruntime:undname.obj
 0003:00000028       ?__vcrt_flsindex@@3KA      10065028     libvcruntime:per_thread_data.obj
 0003:00000140       ?errno_no_memory@@3HA      10065140     libucrt:errno.obj
 0003:00000144       ?doserrno_no_memory@@3KA   10065144     libucrt:errno.obj
 0003:00000188       ?__acrt_flsindex@@3KA      10065188     libucrt:per_thread_data.obj
 0003:0000018c       __ctype_loc_style          1006518c     libucrt:wsetlocale.obj
 0003:00000528       __mbctypes                 10065528     libucrt:mbctype.obj
 0003:00000630       __mbcasemaps               10065630     libucrt:mbctype.obj
 0003:00000730       ?__rgctypeflag@@3PADA      10065730     libucrt:mbctype.obj
 0003:00000738       ?__rgcode_page_info@@3PAUcode_page_info@@A 10065738     libucrt:mbctype.obj
 0003:0000088c       ?__dcrt_lowio_console_output_handle@@3PAXA 1006588c     libucrt:initcon.obj
 0003:00000890       ?__DAZ_ENABLED@?1??__set_fpsr_sse2@@9@9 10065890     libucrt:fpctrl.obj
 0003:000009c0       ?__proc_attached@@3HA      100659c0     LIBCMT:dll_dllmain.obj
 0003:000009e8       ?is_initialized_as_dll@@3_NA 100659e8     LIBCMT:utility.obj
 0003:000009e9       ?module_local_atexit_table_initialized@@3_NA 100659e9     LIBCMT:utility.obj
 0003:000009ec       ?module_local_atexit_table@@3U_onexit_table_t@@A 100659ec     LIBCMT:utility.obj
 0003:000009f8       ?module_local_at_quick_exit_table@@3U_onexit_table_t@@A 100659f8     LIBCMT:utility.obj
 0003:00000a10       _GS_ExceptionRecord        10065a10     LIBCMT:gs_report.obj
 0003:00000a60       _GS_ContextRecord          10065a60     LIBCMT:gs_report.obj
 0003:00000d58       ?heap@@3V_HeapManager@@A   10065d58     libvcruntime:undname.obj
 0003:00000d6c       ?__vcrt_startup_thread_ptd@@3U__vcrt_ptd@@A 10065d6c     libvcruntime:per_thread_data.obj
 0003:00000d94       ___vcrt_lock_table         10065d94     libvcruntime:locks.obj
 0003:00000dac       ___vcrt_locks_initialized  10065dac     libvcruntime:locks.obj
 0003:00000db0       ?module_handles@@3PAPAUHINSTANCE__@@A 10065db0     libvcruntime:winapi_downlevel.obj
 0003:00000dbc       ?function_pointers@@3PAPAXA 10065dbc     libvcruntime:winapi_downlevel.obj
 0003:00000dd4       ?c_termination_complete@@3JA 10065dd4     libucrt:exit.obj
 0003:00000dd8       ?thread_local_exit_callback_func@@3P6GXPAXK0@ZA 10065dd8     libucrt:exit.obj
 0003:00000de0       ?program_name@?1???$common_configure_argv@D@@YAHW4_crt_argv_mode@@@Z@4PADA 10065de0     libucrt:argv_parsing.obj
 0003:00000ee8       ?program_name@?1???$common_configure_argv@_W@@YAHW4_crt_argv_mode@@@Z@4PA_WA 10065ee8     libucrt:argv_parsing.obj
 0003:0000111c       ?__acrt_invalid_parameter_handler@@3V?$dual_state_global@P6AXPB_W00II@Z@__crt_state_management@@A 1006611c     libucrt:invalid_parameter.obj
 0003:00001328       ?module_handles@@3PAPAUHINSTANCE__@@A 10066328     libucrt:winapi_thunks.obj
 0003:00001378       ?encoded_function_pointers@@3PAPAXA 10066378     libucrt:winapi_thunks.obj
 0003:00001400       ?static_enum_proc@?1??enum_system_locales_ex_nolock@@YAHQ6GHPA_WKJ@Z@Z@4P6GH0KJ@ZA 10066400     libucrt:winapi_thunks.obj
 0003:00001410       ?local_state@?6??_wcrtomb_s_l@@YAHQAHQADI_WQAU_Mbstatet@@QAU__crt_locale_pointers@@@Z@4U2@A 10066410     libucrt:wcrtomb.obj
 0003:00001418       ?internal_state@?1??_mbtowc_l@@9@4U_Mbstatet@@A 10066418     libucrt:mbtowc.obj
 0003:0000142c       ?enable_percent_n@@3IA     1006642c     libucrt:printf_count_output.obj
 0003:00001438       ?mbst@?1??mbrlen@@9@4U_Mbstatet@@A 10066438     libucrt:mbrtowc.obj
 0003:00001440       ?mbst@?1??mbrtowc@@9@4U_Mbstatet@@A 10066440     libucrt:mbrtowc.obj
 0003:00001448       ?mbst@?1??_mbsrtowcs_helper@@YAIPA_WPAPBDIPAU_Mbstatet@@@Z@4U2@A 10066448     libucrt:mbrtowc.obj
 0003:00001450       ?__acrt_lock_table@@3PAU_RTL_CRITICAL_SECTION@@A 10066450     libucrt:locks.obj
 0003:000015a0       ?__acrt_locks_initialized@@3IA 100665a0     libucrt:locks.obj
 0003:000015a4       ?state_cache@?1???$get_cached_win_policy@Ubegin_thread_init_policy_properties@?1??__acrt_get_begin_thread_init_policy@@YA?AW4begin_thread_init_policy@@XZ@@@YA?AW4begin_thread_init_policy@@W4AppPolicyThreadInitializationType@@@Z@4JA 100665a4     libucrt:win_policies.obj
 0003:000015a8       ?state_cache@?1???$get_cached_win_policy@Udeveloper_information_policy_properties@?1??__acrt_get_developer_information_policy@@YA?AW4developer_information_policy@@XZ@@@YA?AW4developer_information_policy@@W4AppPolicyShowDeveloperDiagnostic@@@Z@4JA 100665a8     libucrt:win_policies.obj
 0003:000015ac       ?state_cache@?1???$get_cached_win_policy@Uwindowing_model_policy_properties@?1??__acrt_get_windowing_model_policy@@YA?AW4windowing_model_policy@@XZ@@@YA?AW4windowing_model_policy@@W4AppPolicyWindowingModel@@@Z@4JA 100665ac     libucrt:win_policies.obj
 0003:000015bc       ?fSystemSet@@3HA           100665bc     libucrt:mbctype.obj
 0003:000015c0       ?initialized@?1??__acrt_initialize_multibyte@@9@4_NA 100665c0     libucrt:mbctype.obj
 0003:000015e4       ?__acrt_new_handler@@3V?$dual_state_global@P6AHI@Z@__crt_state_management@@A 100665e4     libucrt:new_handler.obj
 0003:000015e8       ?console_ctrl_handler_installed@@3_NA 100665e8     libucrt:signal.obj
 0003:000015ec       ?ctrlc_action@@3V?$dual_state_global@P6AXH@Z@__crt_state_management@@A 100665ec     libucrt:signal.obj
 0003:000015f0       ?ctrlbreak_action@@3V?$dual_state_global@P6AXH@Z@__crt_state_management@@A 100665f0     libucrt:signal.obj
 0003:000015f4       ?abort_action@@3V?$dual_state_global@P6AXH@Z@__crt_state_management@@A 100665f4     libucrt:signal.obj
 0003:000015f8       ?term_action@@3V?$dual_state_global@P6AXH@Z@__crt_state_management@@A 100665f8     libucrt:signal.obj
 0003:000015fc       ?user_matherr@@3V?$dual_state_global@P6AHPAU_exception@@@Z@__crt_state_management@@A 100665fc     libucrt:matherr.obj
 0003:00001600       ?__acrt_app_type@@3W4_crt_app_type@@A 10066600     libucrt:report_runtime_error.obj
 0003:00001608       ?outmsg@?9??__acrt_report_runtime_error@@9@4PA_WA 10066608     libucrt:report_runtime_error.obj
 0003:00001c30       ?__acrt_global_new_mode@@3V?$dual_state_global@J@__crt_state_management@@A 10066c30     libucrt:new_mode.obj
 0003:00001c40       ?internal_pst@?1??__c16rtomb_utf8@__crt_mbstring@@YAIPAD_SPAU_Mbstatet@@@Z@4U3@A 10066c40     libucrt:c16rtomb.obj
 0003:00001c48       ?internal_pst@?1??__mbrtoc32_utf8@__crt_mbstring@@YAIPA_UPBDIPAU_Mbstatet@@@Z@4U3@A 10066c48     libucrt:mbrtoc32.obj
 0003:00001c54       ___acrt_error_mode         10066c54     libucrt:set_error_mode.obj
 0003:00001c5c       __pmatherr_set             10066c5c     libucrt:libm_error.obj
 0003:00001c60       ?calls@?1??crypthead@@9@9  10066c60     zip.obj
 0004:00000060       $R000000                   10067060     zlib.res
