 zlibwapi

 Timestamp is 627863e2 (Sun May  8 19:44:18 2022)

 Preferred load address is 0000000180000000

 Start         Length     Name                   Class
 0001:00000000 00012580H .text$mn                CODE
 0001:00012580 00000036H .text$mn$00             CODE
 0001:000125b6 00000092H .text$x                 CODE
 0002:00000000 00000248H .idata$5                DATA
 0002:00000248 00000038H .00cfg                  DATA
 0002:00000280 00000008H .CRT$XCA                DATA
 0002:00000288 00000008H .CRT$XCZ                DATA
 0002:00000290 00000008H .CRT$XIA                DATA
 0002:00000298 00000008H .CRT$XIZ                DATA
 0002:000002a0 00000008H .CRT$XPA                DATA
 0002:000002a8 00000008H .CRT$XPZ                DATA
 0002:000002b0 00000008H .CRT$XTA                DATA
 0002:000002b8 00000008H .CRT$XTZ                DATA
 0002:000002c0 00000000H .gehcont$y              DATA
 0002:000002c0 00000000H .gfids$y                DATA
 0002:000002c0 000044c0H .rdata                  DATA
 0002:00004780 00000080H .rdata$CastGuardVftablesA DATA
 0002:00004800 00000080H .rdata$CastGuardVftablesC DATA
 0002:00004880 00000078H .rdata$voltmd           DATA
 0002:000048f8 00000328H .rdata$zzzdbg           DATA
 0002:00004c20 00000008H .rtc$IAA                DATA
 0002:00004c28 00000008H .rtc$IZZ                DATA
 0002:00004c30 00000008H .rtc$TAA                DATA
 0002:00004c38 00000008H .rtc$TZZ                DATA
 0002:00004c40 000017a0H .xdata                  DATA
 0002:000063e0 00000cfcH .edata                  DATA
 0002:000070dc 000000a0H .idata$2                DATA
 0002:0000717c 00000014H .idata$3                DATA
 0002:00007190 00000248H .idata$4                DATA
 0002:000073d8 00000522H .idata$6                DATA
 0003:00000000 00000040H .data                   DATA
 0003:00000040 000000a0H .bss                    DATA
 0004:00000000 00001110H .pdata                  DATA
 0005:00000000 00000060H .rsrc$01                DATA
 0005:00000060 00000338H .rsrc$02                DATA

  Address         Publics by Value              Rva+Base               Lib:Object

 0000:00000000       __guard_iat_count          0000000000000000     <absolute>
 0000:00000000       ___safe_se_handler_table   0000000000000000     <absolute>
 0000:00000000       __enclave_config           0000000000000000     <absolute>
 0000:00000000       __AbsoluteZero             0000000000000000     <absolute>
 0000:00000000       __arm64x_extra_rfe_table   0000000000000000     <absolute>
 0000:00000000       __guard_eh_cont_table      0000000000000000     <absolute>
 0000:00000000       __guard_check_icall_a64n_fptr 0000000000000000     <absolute>
 0000:00000000       __hybrid_auxiliary_iat_copy 0000000000000000     <absolute>
 0000:00000000       __hybrid_auxiliary_iat     0000000000000000     <absolute>
 0000:00000000       __arm64x_redirection_metadata 0000000000000000     <absolute>
 0000:00000000       __guard_eh_cont_count      0000000000000000     <absolute>
 0000:00000000       __guard_fids_table         0000000000000000     <absolute>
 0000:00000000       __x64_code_ranges_to_entry_points 0000000000000000     <absolute>
 0000:00000000       __dynamic_value_reloc_table 0000000000000000     <absolute>
 0000:00000000       __hybrid_code_map_count    0000000000000000     <absolute>
 0000:00000000       ___safe_se_handler_count   0000000000000000     <absolute>
 0000:00000000       __arm64x_redirection_metadata_count 0000000000000000     <absolute>
 0000:00000000       __guard_longjmp_count      0000000000000000     <absolute>
 0000:00000000       __arm64x_native_entrypoint 0000000000000000     <absolute>
 0000:00000000       __x64_code_ranges_to_entry_points_count 0000000000000000     <absolute>
 0000:00000000       __arm64x_extra_rfe_table_size 0000000000000000     <absolute>
 0000:00000000       __guard_fids_count         0000000000000000     <absolute>
 0000:00000000       __guard_iat_table          0000000000000000     <absolute>
 0000:00000000       __guard_longjmp_table      0000000000000000     <absolute>
 0000:00000000       __hybrid_code_map          0000000000000000     <absolute>
 0000:00000100       __guard_flags              0000000000000100     <absolute>
 0000:00000000       __ImageBase                0000000180000000     <linker-defined>
 0001:00000000       adler32_z                  0000000180001000 f   adler32.obj
 0001:000002e0       adler32                    00000001800012e0 f   adler32.obj
 0001:000003d0       adler32_combine            00000001800013d0 f   adler32.obj
 0001:000003e0       compress2                  00000001800013e0 f   compress.obj
 0001:000004e0       compress                   00000001800014e0 f   compress.obj
 0001:00000500       compressBound              0000000180001500 f   compress.obj
 0001:00000520       get_crc_table              0000000180001520 f   crc32.obj
 0001:00000530       crc32_z                    0000000180001530 f   crc32.obj
 0001:00000540       crc32                      0000000180001540 f   crc32.obj
 0001:00000df0       crc32_combine              0000000180001df0 f   crc32.obj
 0001:00000e80       deflateInit_               0000000180001e80 f   deflate.obj
 0001:00000ec0       deflateInit2_              0000000180001ec0 f   deflate.obj
 0001:000011b0       deflateSetDictionary       00000001800021b0 f   deflate.obj
 0001:000013a0       deflateGetDictionary       00000001800023a0 f   deflate.obj
 0001:00001420       deflateResetKeep           0000000180002420 f   deflate.obj
 0001:000014d0       deflateReset               00000001800024d0 f   deflate.obj
 0001:00001500       deflateSetHeader           0000000180002500 f   deflate.obj
 0001:00001540       deflatePending             0000000180002540 f   deflate.obj
 0001:00001590       deflatePrime               0000000180002590 f   deflate.obj
 0001:00001640       deflateParams              0000000180002640 f   deflate.obj
 0001:000017b0       deflateTune                00000001800027b0 f   deflate.obj
 0001:00001800       deflateBound               0000000180002800 f   deflate.obj
 0001:000019d0       deflate                    00000001800029d0 f   deflate.obj
 0001:00002320       deflateEnd                 0000000180003320 f   deflate.obj
 0001:000023d0       deflateCopy                00000001800033d0 f   deflate.obj
 0001:00003bc0       gzclose                    0000000180004bc0 f   gzclose.obj
 0001:00003be0       __local_stdio_printf_options 0000000180004be0 f i gzlib.obj
 0001:00003bf0       vsnprintf                  0000000180004bf0 f i gzlib.obj
 0001:00003c60       snprintf                   0000000180004c60 f i gzlib.obj
 0001:00004040       gzopen                     0000000180005040 f   gzlib.obj
 0001:00004050       gzdopen                    0000000180005050 f   gzlib.obj
 0001:000040e0       gzopen_w                   00000001800050e0 f   gzlib.obj
 0001:000040f0       gzbuffer                   00000001800050f0 f   gzlib.obj
 0001:00004130       gzrewind                   0000000180005130 f   gzlib.obj
 0001:00004190       gzseek64                   0000000180005190 f   gzlib.obj
 0001:000042e0       gzseek                     00000001800052e0 f   gzlib.obj
 0001:00004310       gztell64                   0000000180005310 f   gzlib.obj
 0001:00004350       gztell                     0000000180005350 f   gzlib.obj
 0001:00004370       gzoffset64                 0000000180005370 f   gzlib.obj
 0001:000043d0       gzoffset                   00000001800053d0 f   gzlib.obj
 0001:000043f0       gzeof                      00000001800053f0 f   gzlib.obj
 0001:00004410       gzerror                    0000000180005410 f   gzlib.obj
 0001:00004460       gzclearerr                 0000000180005460 f   gzlib.obj
 0001:000044a0       gz_error                   00000001800054a0 f   gzlib.obj
 0001:00004ca0       gzread                     0000000180005ca0 f   gzread.obj
 0001:00004d10       gzfread                    0000000180005d10 f   gzread.obj
 0001:00004d90       gzgetc                     0000000180005d90 f   gzread.obj
 0001:00004e10       gzgetc_                    0000000180005e10 f   gzread.obj
 0001:00004e20       gzungetc                   0000000180005e20 f   gzread.obj
 0001:00004f40       gzgets                     0000000180005f40 f   gzread.obj
 0001:00005080       gzdirect                   0000000180006080 f   gzread.obj
 0001:000050c0       gzclose_r                  00000001800060c0 f   gzread.obj
 0001:00005650       gzwrite                    0000000180006650 f   gzwrite.obj
 0001:000056a0       gzfwrite                   00000001800066a0 f   gzwrite.obj
 0001:00005720       gzputc                     0000000180006720 f   gzwrite.obj
 0001:000057f0       gzputs                     00000001800067f0 f   gzwrite.obj
 0001:00005860       gzvprintf                  0000000180006860 f   gzwrite.obj
 0001:000059f0       gzprintf                   00000001800069f0 f   gzwrite.obj
 0001:00005a20       gzflush                    0000000180006a20 f   gzwrite.obj
 0001:00005a90       gzsetparams                0000000180006a90 f   gzwrite.obj
 0001:00005b40       gzclose_w                  0000000180006b40 f   gzwrite.obj
 0001:00005c10       inflateBackInit_           0000000180006c10 f   infback.obj
 0001:00005d60       inflateBack                0000000180006d60 f   infback.obj
 0001:00006c70       inflateBackEnd             0000000180007c70 f   infback.obj
 0001:00006cc0       inflate_fast               0000000180007cc0 f   inffas8664.obj
 0001:00006ed0       inflateResetKeep           0000000180007ed0 f   inflate.obj
 0001:00006f60       inflateReset               0000000180007f60 f   inflate.obj
 0001:00006f90       inflateReset2              0000000180007f90 f   inflate.obj
 0001:00007030       inflateInit2_              0000000180008030 f   inflate.obj
 0001:00007130       inflateInit_               0000000180008130 f   inflate.obj
 0001:00007140       inflatePrime               0000000180008140 f   inflate.obj
 0001:000072e0       inflate                    00000001800082e0 f   inflate.obj
 0001:00008af0       inflateEnd                 0000000180009af0 f   inflate.obj
 0001:00008b50       inflateGetDictionary       0000000180009b50 f   inflate.obj
 0001:00008be0       inflateSetDictionary       0000000180009be0 f   inflate.obj
 0001:00008ca0       inflateGetHeader           0000000180009ca0 f   inflate.obj
 0001:00008d50       inflateSync                0000000180009d50 f   inflate.obj
 0001:00008e70       inflateSyncPoint           0000000180009e70 f   inflate.obj
 0001:00008eb0       inflateCopy                0000000180009eb0 f   inflate.obj
 0001:00009060       inflateUndermine           000000018000a060 f   inflate.obj
 0001:00009090       inflateValidate            000000018000a090 f   inflate.obj
 0001:000090d0       inflateMark                000000018000a0d0 f   inflate.obj
 0001:00009140       inflateCodesUsed           000000018000a140 f   inflate.obj
 0001:00009180       inflate_table              000000018000a180 f   inftrees.obj
 0001:00009740       call_zopen64               000000018000a740 f   ioapi.obj
 0001:00009760       call_zseek64               000000018000a760 f   ioapi.obj
 0001:00009790       call_ztell64               000000018000a790 f   ioapi.obj
 0001:000097d0       fill_zlib_filefunc64_32_def_from_filefunc32 000000018000a7d0 f   ioapi.obj
 0001:00009a00       fill_fopen64_filefunc      000000018000aa00 f   ioapi.obj
 0001:00009b30       win32_open64_file_func     000000018000ab30 f   iowin32.obj
 0001:00009bb0       win32_open64_file_funcA    000000018000abb0 f   iowin32.obj
 0001:00009c30       win32_open64_file_funcW    000000018000ac30 f   iowin32.obj
 0001:00009cb0       win32_open_file_func       000000018000acb0 f   iowin32.obj
 0001:00009d30       win32_read_file_func       000000018000ad30 f   iowin32.obj
 0001:00009da0       win32_write_file_func      000000018000ada0 f   iowin32.obj
 0001:00009e80       win32_tell_file_func       000000018000ae80 f   iowin32.obj
 0001:00009ee0       win32_tell64_file_func     000000018000aee0 f   iowin32.obj
 0001:00009f40       win32_seek_file_func       000000018000af40 f   iowin32.obj
 0001:00009fc0       win32_seek64_file_func     000000018000afc0 f   iowin32.obj
 0001:0000a040       win32_close_file_func      000000018000b040 f   iowin32.obj
 0001:0000a080       win32_error_file_func      000000018000b080 f   iowin32.obj
 0001:0000a090       fill_win32_filefunc        000000018000b090 f   iowin32.obj
 0001:0000a0f0       fill_win32_filefunc64      000000018000b0f0 f   iowin32.obj
 0001:0000a150       fill_win32_filefunc64A     000000018000b150 f   iowin32.obj
 0001:0000a1b0       fill_win32_filefunc64W     000000018000b1b0 f   iowin32.obj
 0001:0000a220       _tr_init                   000000018000b220 f   trees.obj
 0001:0000b4b0       _tr_stored_block           000000018000c4b0 f   trees.obj
 0001:0000b5c0       _tr_flush_bits             000000018000c5c0 f   trees.obj
 0001:0000b5d0       _tr_align                  000000018000c5d0 f   trees.obj
 0001:0000b6c0       _tr_flush_block            000000018000c6c0 f   trees.obj
 0001:0000bee0       uncompress2                000000018000cee0 f   uncompr.obj
 0001:0000c040       uncompress                 000000018000d040 f   uncompr.obj
 0001:0000c410       unzStringFileNameCompare   000000018000d410 f   unzip.obj
 0001:0000cc40       unzOpen2                   000000018000dc40 f   unzip.obj
 0001:0000cc90       unzOpen2_64                000000018000dc90 f   unzip.obj
 0001:0000ccf0       unzOpen                    000000018000dcf0 f   unzip.obj
 0001:0000cd00       unzOpen64                  000000018000dd00 f   unzip.obj
 0001:0000cd10       unzClose                   000000018000dd10 f   unzip.obj
 0001:0000cd60       unzGetGlobalInfo64         000000018000dd60 f   unzip.obj
 0001:0000cd80       unzGetGlobalInfo           000000018000dd80 f   unzip.obj
 0001:0000d380       unzGetCurrentFileInfo64    000000018000e380 f   unzip.obj
 0001:0000d3d0       unzGetCurrentFileInfo      000000018000e3d0 f   unzip.obj
 0001:0000d4d0       unzGoToFirstFile           000000018000e4d0 f   unzip.obj
 0001:0000d550       unzGoToNextFile            000000018000e550 f   unzip.obj
 0001:0000d610       unzLocateFile              000000018000e610 f   unzip.obj
 0001:0000d800       unzGetFilePos64            000000018000e800 f   unzip.obj
 0001:0000d840       unzGetFilePos              000000018000e840 f   unzip.obj
 0001:0000d870       unzGoToFilePos64           000000018000e870 f   unzip.obj
 0001:0000d8f0       unzGoToFilePos             000000018000e8f0 f   unzip.obj
 0001:0000db50       unzOpenCurrentFile3        000000018000eb50 f   unzip.obj
 0001:0000dde0       unzOpenCurrentFile         000000018000ede0 f   unzip.obj
 0001:0000de00       unzOpenCurrentFilePassword 000000018000ee00 f   unzip.obj
 0001:0000de20       unzOpenCurrentFile2        000000018000ee20 f   unzip.obj
 0001:0000de40       unzGetCurrentFileZStreamPos64 000000018000ee40 f   unzip.obj
 0001:0000de60       unzReadCurrentFile         000000018000ee60 f   unzip.obj
 0001:0000e110       unztell                    000000018000f110 f   unzip.obj
 0001:0000e130       unztell64                  000000018000f130 f   unzip.obj
 0001:0000e160       unzeof                     000000018000f160 f   unzip.obj
 0001:0000e190       unzGetLocalExtrafield      000000018000f190 f   unzip.obj
 0001:0000e280       unzCloseCurrentFile        000000018000f280 f   unzip.obj
 0001:0000e340       unzGetGlobalComment        000000018000f340 f   unzip.obj
 0001:0000ef80       LoadCentralDirectoryRecord 000000018000ff80 f   zip.obj
 0001:0000f340       zipOpen3                   0000000180010340 f   zip.obj
 0001:0000f4e0       zipOpen2                   00000001800104e0 f   zip.obj
 0001:0000f530       zipOpen2_64                0000000180010530 f   zip.obj
 0001:0000f590       zipOpen                    0000000180010590 f   zip.obj
 0001:0000f5a0       zipOpen64                  00000001800105a0 f   zip.obj
 0001:0000f5b0       Write_LocalFileHeader      00000001800105b0 f   zip.obj
 0001:0000f810       zipOpenNewFileInZip4_64    0000000180010810 f   zip.obj
 0001:0000fdb0       zipOpenNewFileInZip3       0000000180010db0 f   zip.obj
 0001:0000fe60       zipOpenNewFileInZip3_64    0000000180010e60 f   zip.obj
 0001:0000ff20       zipOpenNewFileInZip2       0000000180010f20 f   zip.obj
 0001:0000ffb0       zipOpenNewFileInZip2_64    0000000180010fb0 f   zip.obj
 0001:00010050       zipOpenNewFileInZip64      0000000180011050 f   zip.obj
 0001:000100e0       zipOpenNewFileInZip        00000001800110e0 f   zip.obj
 0001:00010250       zipWriteInFileInZip        0000000180011250 f   zip.obj
 0001:000103d0       zipCloseFileInZipRaw       00000001800113d0 f   zip.obj
 0001:000103e0       zipCloseFileInZipRaw64     00000001800113e0 f   zip.obj
 0001:00010870       zipCloseFileInZip          0000000180011870 f   zip.obj
 0001:00010880       Write_Zip64EndOfCentralDirectoryLocator 0000000180011880 f   zip.obj
 0001:00010900       Write_Zip64EndOfCentralDirectoryRecord 0000000180011900 f   zip.obj
 0001:00010a30       Write_EndOfCentralDirectoryRecord 0000000180011a30 f   zip.obj
 0001:00010b60       Write_GlobalComment        0000000180011b60 f   zip.obj
 0001:00010bf0       zipClose                   0000000180011bf0 f   zip.obj
 0001:00010d60       zlibVersion                0000000180011d60 f   zutil.obj
 0001:00010d70       zlibCompileFlags           0000000180011d70 f   zutil.obj
 0001:00010d80       zError                     0000000180011d80 f   zutil.obj
 0001:00010da0       zcalloc                    0000000180011da0 f   zutil.obj
 0001:00010db0       zcfree                     0000000180011db0 f   zutil.obj
 0001:00010dc0       longest_match              0000000180011dc0 f   gvmat64.obj
 0001:00011098       match_init                 0000000180012098 f   gvmat64.obj
 0001:000110a0       inffas8664fnc              00000001800120a0 f   inffasx64.obj
 0001:000113b7       ReadFile                   00000001800123b7 f   kernel32:KERNEL32.dll
 0001:000113bd       WriteFile                  00000001800123bd f   kernel32:KERNEL32.dll
 0001:000113c3       SetFilePointer             00000001800123c3 f   kernel32:KERNEL32.dll
 0001:000113c9       CreateFileW                00000001800123c9 f   kernel32:KERNEL32.dll
 0001:000113cf       GetLastError               00000001800123cf f   kernel32:KERNEL32.dll
 0001:000113d5       CreateFileA                00000001800123d5 f   kernel32:KERNEL32.dll
 0001:000113db       CloseHandle                00000001800123db f   kernel32:KERNEL32.dll
 0001:00011720       _CRT_INIT                  0000000180012720 f   MSVCRT:dll_dllmain.obj
 0001:00011728       _DllMainCRTStartup         0000000180012728 f   MSVCRT:dll_dllmain.obj
 0001:000117d4       __security_init_cookie     00000001800127d4 f   MSVCRT:gs_support.obj
 0001:00011880       DllMain                    0000000180012880 f   MSVCRT:dll_dllmain_stub.obj
 0001:000118a4       ?__scrt_initialize_type_info@@YAXXZ 00000001800128a4 f   MSVCRT:tncleanup.obj
 0001:000118b4       ?__scrt_uninitialize_type_info@@YAXXZ 00000001800128b4 f   MSVCRT:tncleanup.obj
 0001:000118c0       __local_stdio_scanf_options 00000001800128c0 f i MSVCRT:default_local_stdio_options.obj
 0001:000118c8       __scrt_initialize_default_local_stdio_options 00000001800128c8 f   MSVCRT:default_local_stdio_options.obj
 0001:000118e4       ?configure_argv@__scrt_narrow_argv_policy@@SAHXZ 00000001800128e4 f i MSVCRT:utility.obj
 0001:00011944       ?initialize_environment@__scrt_narrow_environment_policy@@SAHXZ 0000000180012944 f i MSVCRT:utility.obj
 0001:0001197c       NtCurrentTeb               000000018001297c f i MSVCRT:utility.obj
 0001:00011988       __scrt_acquire_startup_lock 0000000180012988 f   MSVCRT:utility.obj
 0001:000119c4       __scrt_dllmain_after_initialize_c 00000001800129c4 f   MSVCRT:utility.obj
 0001:000119f8       __scrt_dllmain_before_initialize_c 00000001800129f8 f   MSVCRT:utility.obj
 0001:00011a10       __scrt_dllmain_crt_thread_attach 0000000180012a10 f   MSVCRT:utility.obj
 0001:00011a38       __scrt_dllmain_crt_thread_detach 0000000180012a38 f   MSVCRT:utility.obj
 0001:00011a50       __scrt_dllmain_exception_filter 0000000180012a50 f   MSVCRT:utility.obj
 0001:00011ab0       __scrt_dllmain_uninitialize_c 0000000180012ab0 f   MSVCRT:utility.obj
 0001:00011ae0       __scrt_dllmain_uninitialize_critical 0000000180012ae0 f   MSVCRT:utility.obj
 0001:00011af4       __scrt_initialize_crt      0000000180012af4 f   MSVCRT:utility.obj
 0001:00011b40       __scrt_initialize_onexit_tables 0000000180012b40 f   MSVCRT:utility.obj
 0001:00011bcc       __scrt_is_nonwritable_in_current_image 0000000180012bcc f   MSVCRT:utility.obj
 0001:00011c64       __scrt_release_startup_lock 0000000180012c64 f   MSVCRT:utility.obj
 0001:00011c88       __scrt_uninitialize_crt    0000000180012c88 f   MSVCRT:utility.obj
 0001:00011cb4       _onexit                    0000000180012cb4 f   MSVCRT:utility.obj
 0001:00011cf0       at_quick_exit              0000000180012cf0 f   MSVCRT:utility.obj
 0001:00011d10       atexit                     0000000180012d10 f   MSVCRT:utility.obj
 0001:00011d28       __scrt_get_dyn_tls_init_callback 0000000180012d28 f   MSVCRT:dyn_tls_init.obj
 0001:00011d30       __crt_debugger_hook        0000000180012d30 f   MSVCRT:utility_desktop.obj
 0001:00011d38       __scrt_fastfail            0000000180012d38 f   MSVCRT:utility_desktop.obj
 0001:00011e84       __scrt_get_show_window_mode 0000000180012e84 f   MSVCRT:utility_desktop.obj
 0001:00011ec0       __scrt_initialize_mta      0000000180012ec0 f   MSVCRT:utility_desktop.obj
 0001:00011ec8       __scrt_initialize_winrt    0000000180012ec8 f   MSVCRT:utility_desktop.obj
 0001:00011ecc       __scrt_is_managed_app      0000000180012ecc f   MSVCRT:utility_desktop.obj
 0001:00011f20       __scrt_set_unhandled_exception_filter 0000000180012f20 f   MSVCRT:utility_desktop.obj
 0001:00011f30       __scrt_exe_initialize_mta  0000000180012f30 f   MSVCRT:utility_desktop.obj
 0001:00011f30       __scrt_stub_for_initialize_mta 0000000180012f30 f   MSVCRT:utility_desktop.obj
 0001:00011f34       __scrt_unhandled_exception_filter 0000000180012f34 f   MSVCRT:utility_desktop.obj
 0001:00011f90       _RTC_Initialize            0000000180012f90 f   MSVCRT:initsect.obj
 0001:00011fcc       _RTC_Terminate             0000000180012fcc f   MSVCRT:initsect.obj
 0001:00012008       _guard_check_icall_nop     0000000180013008 f i MSVCRT:guard_support.obj
 0001:0001200c       ReadNoFence64              000000018001300c f i MSVCRT:guard_support.obj
 0001:00012010       ReadPointerNoFence         0000000180013010 f i MSVCRT:guard_support.obj
 0001:00012014       __castguard_check_failure_debugbreak 0000000180013014 f i MSVCRT:guard_support.obj
 0001:00012030       __castguard_check_failure_fastfail 0000000180013030 f i MSVCRT:guard_support.obj
 0001:00012054       __castguard_check_failure_nop 0000000180013054 f i MSVCRT:guard_support.obj
 0001:00012058       __castguard_check_failure_os_handled 0000000180013058 f i MSVCRT:guard_support.obj
 0001:000120d4       __castguard_slow_path_check_debugbreak 00000001800130d4 f i MSVCRT:guard_support.obj
 0001:00012108       __castguard_slow_path_check_fastfail 0000000180013108 f i MSVCRT:guard_support.obj
 0001:00012144       __castguard_slow_path_check_nop 0000000180013144 f i MSVCRT:guard_support.obj
 0001:00012148       __castguard_slow_path_check_os_handled 0000000180013148 f i MSVCRT:guard_support.obj
 0001:000121b8       _guard_icall_checks_enforced 00000001800131b8 f i MSVCRT:guard_support.obj
 0001:000121d0       _guard_rf_checks_enforced  00000001800131d0 f i MSVCRT:guard_support.obj
 0001:000121d4       __isa_available_init       00000001800131d4 f   MSVCRT:cpu_disp.obj
 0001:00012380       _get_startup_argv_mode     0000000180013380 f   MSVCRT:argv_mode.obj
 0001:00012388       __scrt_is_ucrt_dll_in_use  0000000180013388 f   MSVCRT:ucrt_detection.obj
 0001:000123a0       __C_specific_handler       00000001800133a0 f   vcruntime:VCRUNTIME140.dll
 0001:000123a6       __std_type_info_destroy_list 00000001800133a6 f   vcruntime:VCRUNTIME140.dll
 0001:000123ac       __current_exception        00000001800133ac f   vcruntime:VCRUNTIME140.dll
 0001:000123b2       __current_exception_context 00000001800133b2 f   vcruntime:VCRUNTIME140.dll
 0001:000123b8       memset                     00000001800133b8 f   vcruntime:VCRUNTIME140.dll
 0001:000123be       _lseeki64                  00000001800133be f   ucrt:api-ms-win-crt-stdio-l1-1-0.dll
 0001:000123c4       _wopen                     00000001800133c4 f   ucrt:api-ms-win-crt-stdio-l1-1-0.dll
 0001:000123ca       _open                      00000001800133ca f   ucrt:api-ms-win-crt-stdio-l1-1-0.dll
 0001:000123d0       wcstombs                   00000001800133d0 f   ucrt:api-ms-win-crt-convert-l1-1-0.dll
 0001:000123d6       __stdio_common_vsprintf    00000001800133d6 f   ucrt:api-ms-win-crt-stdio-l1-1-0.dll
 0001:000123dc       free                       00000001800133dc f   ucrt:api-ms-win-crt-heap-l1-1-0.dll
 0001:000123e2       malloc                     00000001800133e2 f   ucrt:api-ms-win-crt-heap-l1-1-0.dll
 0001:000123e8       _read                      00000001800133e8 f   ucrt:api-ms-win-crt-stdio-l1-1-0.dll
 0001:000123ee       _close                     00000001800133ee f   ucrt:api-ms-win-crt-stdio-l1-1-0.dll
 0001:000123f4       _errno                     00000001800133f4 f   ucrt:api-ms-win-crt-runtime-l1-1-0.dll
 0001:000123fa       strerror                   00000001800133fa f   ucrt:api-ms-win-crt-runtime-l1-1-0.dll
 0001:00012400       _write                     0000000180013400 f   ucrt:api-ms-win-crt-stdio-l1-1-0.dll
 0001:00012406       ftell                      0000000180013406 f   ucrt:api-ms-win-crt-stdio-l1-1-0.dll
 0001:0001240c       ferror                     000000018001340c f   ucrt:api-ms-win-crt-stdio-l1-1-0.dll
 0001:00012412       fopen                      0000000180013412 f   ucrt:api-ms-win-crt-stdio-l1-1-0.dll
 0001:00012418       fclose                     0000000180013418 f   ucrt:api-ms-win-crt-stdio-l1-1-0.dll
 0001:0001241e       fseek                      000000018001341e f   ucrt:api-ms-win-crt-stdio-l1-1-0.dll
 0001:00012424       fwrite                     0000000180013424 f   ucrt:api-ms-win-crt-stdio-l1-1-0.dll
 0001:0001242a       _ftelli64                  000000018001342a f   ucrt:api-ms-win-crt-stdio-l1-1-0.dll
 0001:00012430       fread                      0000000180013430 f   ucrt:api-ms-win-crt-stdio-l1-1-0.dll
 0001:00012436       _fseeki64                  0000000180013436 f   ucrt:api-ms-win-crt-stdio-l1-1-0.dll
 0001:0001243c       srand                      000000018001343c f   ucrt:api-ms-win-crt-utility-l1-1-0.dll
 0001:00012442       rand                       0000000180013442 f   ucrt:api-ms-win-crt-utility-l1-1-0.dll
 0001:00012448       _time64                    0000000180013448 f   ucrt:api-ms-win-crt-time-l1-1-0.dll
 0001:0001244e       _initterm                  000000018001344e f   ucrt:api-ms-win-crt-runtime-l1-1-0.dll
 0001:00012454       _initterm_e                0000000180013454 f   ucrt:api-ms-win-crt-runtime-l1-1-0.dll
 0001:0001245a       _seh_filter_dll            000000018001345a f   ucrt:api-ms-win-crt-runtime-l1-1-0.dll
 0001:00012460       _configure_narrow_argv     0000000180013460 f   ucrt:api-ms-win-crt-runtime-l1-1-0.dll
 0001:00012466       _initialize_narrow_environment 0000000180013466 f   ucrt:api-ms-win-crt-runtime-l1-1-0.dll
 0001:0001246c       _initialize_onexit_table   000000018001346c f   ucrt:api-ms-win-crt-runtime-l1-1-0.dll
 0001:00012472       _register_onexit_function  0000000180013472 f   ucrt:api-ms-win-crt-runtime-l1-1-0.dll
 0001:00012478       _execute_onexit_table      0000000180013478 f   ucrt:api-ms-win-crt-runtime-l1-1-0.dll
 0001:0001247e       _crt_atexit                000000018001347e f   ucrt:api-ms-win-crt-runtime-l1-1-0.dll
 0001:00012484       _crt_at_quick_exit         0000000180013484 f   ucrt:api-ms-win-crt-runtime-l1-1-0.dll
 0001:0001248a       _cexit                     000000018001348a f   ucrt:api-ms-win-crt-runtime-l1-1-0.dll
 0001:00012490       terminate                  0000000180013490 f   ucrt:api-ms-win-crt-runtime-l1-1-0.dll
 0001:00012496       QueryPerformanceCounter    0000000180013496 f   kernel32:KERNEL32.dll
 0001:0001249c       GetCurrentProcessId        000000018001349c f   kernel32:KERNEL32.dll
 0001:000124a2       GetCurrentThreadId         00000001800134a2 f   kernel32:KERNEL32.dll
 0001:000124a8       GetSystemTimeAsFileTime    00000001800134a8 f   kernel32:KERNEL32.dll
 0001:000124ae       DisableThreadLibraryCalls  00000001800134ae f   kernel32:KERNEL32.dll
 0001:000124b4       InitializeSListHead        00000001800134b4 f   kernel32:KERNEL32.dll
 0001:000124ba       RtlCaptureContext          00000001800134ba f   kernel32:KERNEL32.dll
 0001:000124c0       RtlLookupFunctionEntry     00000001800134c0 f   kernel32:KERNEL32.dll
 0001:000124c6       RtlVirtualUnwind           00000001800134c6 f   kernel32:KERNEL32.dll
 0001:000124cc       IsDebuggerPresent          00000001800134cc f   kernel32:KERNEL32.dll
 0001:000124d2       UnhandledExceptionFilter   00000001800134d2 f   kernel32:KERNEL32.dll
 0001:000124d8       SetUnhandledExceptionFilter 00000001800134d8 f   kernel32:KERNEL32.dll
 0001:000124de       GetStartupInfoW            00000001800134de f   kernel32:KERNEL32.dll
 0001:000124e4       IsProcessorFeaturePresent  00000001800134e4 f   kernel32:KERNEL32.dll
 0001:000124ea       GetModuleHandleW           00000001800134ea f   kernel32:KERNEL32.dll
 0001:000124f0       __acrt_initialize          00000001800134f0 f   MSVCRT:ucrt_stubs.obj
 0001:000124f0       __vcrt_initialize          00000001800134f0 f   MSVCRT:ucrt_stubs.obj
 0001:000124f0       __scrt_stub_for_acrt_initialize 00000001800134f0 f   MSVCRT:ucrt_stubs.obj
 0001:000124f4       __vcrt_thread_attach       00000001800134f4 f   MSVCRT:ucrt_stubs.obj
 0001:000124f4       __scrt_stub_for_acrt_thread_attach 00000001800134f4 f   MSVCRT:ucrt_stubs.obj
 0001:000124f4       __acrt_thread_attach       00000001800134f4 f   MSVCRT:ucrt_stubs.obj
 0001:000124f8       __acrt_thread_detach       00000001800134f8 f   MSVCRT:ucrt_stubs.obj
 0001:000124f8       __scrt_stub_for_acrt_thread_detach 00000001800134f8 f   MSVCRT:ucrt_stubs.obj
 0001:000124f8       __vcrt_thread_detach       00000001800134f8 f   MSVCRT:ucrt_stubs.obj
 0001:000124fc       __vcrt_uninitialize        00000001800134fc f   MSVCRT:ucrt_stubs.obj
 0001:000124fc       __scrt_stub_for_acrt_uninitialize 00000001800134fc f   MSVCRT:ucrt_stubs.obj
 0001:000124fc       __acrt_uninitialize        00000001800134fc f   MSVCRT:ucrt_stubs.obj
 0001:00012500       __acrt_uninitialize_critical 0000000180013500 f   MSVCRT:ucrt_stubs.obj
 0001:00012500       __vcrt_uninitialize_critical 0000000180013500 f   MSVCRT:ucrt_stubs.obj
 0001:00012500       __scrt_stub_for_acrt_uninitialize_critical 0000000180013500 f   MSVCRT:ucrt_stubs.obj
 0001:00012504       _is_c_termination_complete 0000000180013504 f   MSVCRT:ucrt_stubs.obj
 0001:00012504       __scrt_stub_for_is_c_termination_complete 0000000180013504 f   MSVCRT:ucrt_stubs.obj
 0001:00012520       __chkstk                   0000000180013520 f   MSVCRT:chkstk.obj
 0001:00012520       _alloca_probe              0000000180013520 f   MSVCRT:chkstk.obj
 0001:0001256e       memchr                     000000018001356e f   vcruntime:VCRUNTIME140.dll
 0001:00012574       memcpy                     0000000180013574 f   vcruntime:VCRUNTIME140.dll
 0001:00012590       _guard_dispatch_icall_nop  0000000180013590 f   MSVCRT:guard_dispatch.obj
 0001:000125b0       _guard_xfg_dispatch_icall_nop 00000001800135b0 f   MSVCRT:guard_xfg_dispatch.obj
 0002:00000000       __imp_ReadFile             0000000180014000     kernel32:KERNEL32.dll
 0002:00000008       __imp_WriteFile            0000000180014008     kernel32:KERNEL32.dll
 0002:00000010       __imp_SetFilePointer       0000000180014010     kernel32:KERNEL32.dll
 0002:00000018       __imp_CreateFileW          0000000180014018     kernel32:KERNEL32.dll
 0002:00000020       __imp_GetLastError         0000000180014020     kernel32:KERNEL32.dll
 0002:00000028       __imp_CreateFileA          0000000180014028     kernel32:KERNEL32.dll
 0002:00000030       __imp_CloseHandle          0000000180014030     kernel32:KERNEL32.dll
 0002:00000038       __imp_GetCurrentProcessId  0000000180014038     kernel32:KERNEL32.dll
 0002:00000040       __imp_GetCurrentThreadId   0000000180014040     kernel32:KERNEL32.dll
 0002:00000048       __imp_GetSystemTimeAsFileTime 0000000180014048     kernel32:KERNEL32.dll
 0002:00000050       __imp_DisableThreadLibraryCalls 0000000180014050     kernel32:KERNEL32.dll
 0002:00000058       __imp_InitializeSListHead  0000000180014058     kernel32:KERNEL32.dll
 0002:00000060       __imp_RtlCaptureContext    0000000180014060     kernel32:KERNEL32.dll
 0002:00000068       __imp_RtlLookupFunctionEntry 0000000180014068     kernel32:KERNEL32.dll
 0002:00000070       __imp_GetModuleHandleW     0000000180014070     kernel32:KERNEL32.dll
 0002:00000078       __imp_IsProcessorFeaturePresent 0000000180014078     kernel32:KERNEL32.dll
 0002:00000080       __imp_GetStartupInfoW      0000000180014080     kernel32:KERNEL32.dll
 0002:00000088       __imp_SetUnhandledExceptionFilter 0000000180014088     kernel32:KERNEL32.dll
 0002:00000090       __imp_UnhandledExceptionFilter 0000000180014090     kernel32:KERNEL32.dll
 0002:00000098       __imp_IsDebuggerPresent    0000000180014098     kernel32:KERNEL32.dll
 0002:000000a0       __imp_RtlVirtualUnwind     00000001800140a0     kernel32:KERNEL32.dll
 0002:000000a8       __imp_QueryPerformanceCounter 00000001800140a8     kernel32:KERNEL32.dll
 0002:000000b0       \177KERNEL32_NULL_THUNK_DATA 00000001800140b0     kernel32:KERNEL32.dll
 0002:000000b8       __imp___current_exception  00000001800140b8     vcruntime:VCRUNTIME140.dll
 0002:000000c0       __imp___std_type_info_destroy_list 00000001800140c0     vcruntime:VCRUNTIME140.dll
 0002:000000c8       __imp___C_specific_handler 00000001800140c8     vcruntime:VCRUNTIME140.dll
 0002:000000d0       __imp___current_exception_context 00000001800140d0     vcruntime:VCRUNTIME140.dll
 0002:000000d8       __imp_memset               00000001800140d8     vcruntime:VCRUNTIME140.dll
 0002:000000e0       __imp_memchr               00000001800140e0     vcruntime:VCRUNTIME140.dll
 0002:000000e8       __imp_memcpy               00000001800140e8     vcruntime:VCRUNTIME140.dll
 0002:000000f0       \177VCRUNTIME140_NULL_THUNK_DATA 00000001800140f0     vcruntime:VCRUNTIME140.dll
 0002:000000f8       __imp_wcstombs             00000001800140f8     ucrt:api-ms-win-crt-convert-l1-1-0.dll
 0002:00000100       \177api-ms-win-crt-convert-l1-1-0_NULL_THUNK_DATA 0000000180014100     ucrt:api-ms-win-crt-convert-l1-1-0.dll
 0002:00000108       __imp_free                 0000000180014108     ucrt:api-ms-win-crt-heap-l1-1-0.dll
 0002:00000110       __imp_malloc               0000000180014110     ucrt:api-ms-win-crt-heap-l1-1-0.dll
 0002:00000118       \177api-ms-win-crt-heap-l1-1-0_NULL_THUNK_DATA 0000000180014118     ucrt:api-ms-win-crt-heap-l1-1-0.dll
 0002:00000120       __imp_strerror             0000000180014120     ucrt:api-ms-win-crt-runtime-l1-1-0.dll
 0002:00000128       __imp__cexit               0000000180014128     ucrt:api-ms-win-crt-runtime-l1-1-0.dll
 0002:00000130       __imp__initterm            0000000180014130     ucrt:api-ms-win-crt-runtime-l1-1-0.dll
 0002:00000138       __imp__initterm_e          0000000180014138     ucrt:api-ms-win-crt-runtime-l1-1-0.dll
 0002:00000140       __imp__seh_filter_dll      0000000180014140     ucrt:api-ms-win-crt-runtime-l1-1-0.dll
 0002:00000148       __imp__configure_narrow_argv 0000000180014148     ucrt:api-ms-win-crt-runtime-l1-1-0.dll
 0002:00000150       __imp__initialize_narrow_environment 0000000180014150     ucrt:api-ms-win-crt-runtime-l1-1-0.dll
 0002:00000158       __imp__initialize_onexit_table 0000000180014158     ucrt:api-ms-win-crt-runtime-l1-1-0.dll
 0002:00000160       __imp__register_onexit_function 0000000180014160     ucrt:api-ms-win-crt-runtime-l1-1-0.dll
 0002:00000168       __imp__execute_onexit_table 0000000180014168     ucrt:api-ms-win-crt-runtime-l1-1-0.dll
 0002:00000170       __imp__crt_atexit          0000000180014170     ucrt:api-ms-win-crt-runtime-l1-1-0.dll
 0002:00000178       __imp__crt_at_quick_exit   0000000180014178     ucrt:api-ms-win-crt-runtime-l1-1-0.dll
 0002:00000180       __imp__errno               0000000180014180     ucrt:api-ms-win-crt-runtime-l1-1-0.dll
 0002:00000188       __imp_terminate            0000000180014188     ucrt:api-ms-win-crt-runtime-l1-1-0.dll
 0002:00000190       \177api-ms-win-crt-runtime-l1-1-0_NULL_THUNK_DATA 0000000180014190     ucrt:api-ms-win-crt-runtime-l1-1-0.dll
 0002:00000198       __imp__lseeki64            0000000180014198     ucrt:api-ms-win-crt-stdio-l1-1-0.dll
 0002:000001a0       __imp_fseek                00000001800141a0     ucrt:api-ms-win-crt-stdio-l1-1-0.dll
 0002:000001a8       __imp__wopen               00000001800141a8     ucrt:api-ms-win-crt-stdio-l1-1-0.dll
 0002:000001b0       __imp__open                00000001800141b0     ucrt:api-ms-win-crt-stdio-l1-1-0.dll
 0002:000001b8       __imp__ftelli64            00000001800141b8     ucrt:api-ms-win-crt-stdio-l1-1-0.dll
 0002:000001c0       __imp_fopen                00000001800141c0     ucrt:api-ms-win-crt-stdio-l1-1-0.dll
 0002:000001c8       __imp_ferror               00000001800141c8     ucrt:api-ms-win-crt-stdio-l1-1-0.dll
 0002:000001d0       __imp_ftell                00000001800141d0     ucrt:api-ms-win-crt-stdio-l1-1-0.dll
 0002:000001d8       __imp__write               00000001800141d8     ucrt:api-ms-win-crt-stdio-l1-1-0.dll
 0002:000001e0       __imp_fclose               00000001800141e0     ucrt:api-ms-win-crt-stdio-l1-1-0.dll
 0002:000001e8       __imp_fread                00000001800141e8     ucrt:api-ms-win-crt-stdio-l1-1-0.dll
 0002:000001f0       __imp__close               00000001800141f0     ucrt:api-ms-win-crt-stdio-l1-1-0.dll
 0002:000001f8       __imp__read                00000001800141f8     ucrt:api-ms-win-crt-stdio-l1-1-0.dll
 0002:00000200       __imp_fwrite               0000000180014200     ucrt:api-ms-win-crt-stdio-l1-1-0.dll
 0002:00000208       __imp__fseeki64            0000000180014208     ucrt:api-ms-win-crt-stdio-l1-1-0.dll
 0002:00000210       __imp___stdio_common_vsprintf 0000000180014210     ucrt:api-ms-win-crt-stdio-l1-1-0.dll
 0002:00000218       \177api-ms-win-crt-stdio-l1-1-0_NULL_THUNK_DATA 0000000180014218     ucrt:api-ms-win-crt-stdio-l1-1-0.dll
 0002:00000220       __imp__time64              0000000180014220     ucrt:api-ms-win-crt-time-l1-1-0.dll
 0002:00000228       \177api-ms-win-crt-time-l1-1-0_NULL_THUNK_DATA 0000000180014228     ucrt:api-ms-win-crt-time-l1-1-0.dll
 0002:00000230       __imp_srand                0000000180014230     ucrt:api-ms-win-crt-utility-l1-1-0.dll
 0002:00000238       __imp_rand                 0000000180014238     ucrt:api-ms-win-crt-utility-l1-1-0.dll
 0002:00000240       \177api-ms-win-crt-utility-l1-1-0_NULL_THUNK_DATA 0000000180014240     ucrt:api-ms-win-crt-utility-l1-1-0.dll
 0002:00000248       __guard_check_icall_fptr   0000000180014248     MSVCRT:guard_support.obj
 0002:00000250       __guard_xfg_check_icall_fptr 0000000180014250     MSVCRT:guard_support.obj
 0002:00000258       __guard_dispatch_icall_fptr 0000000180014258     MSVCRT:guard_support.obj
 0002:00000260       __guard_xfg_dispatch_icall_fptr 0000000180014260     MSVCRT:guard_support.obj
 0002:00000268       __guard_xfg_table_dispatch_icall_fptr 0000000180014268     MSVCRT:guard_support.obj
 0002:00000270       __castguard_check_failure_os_handled_fptr 0000000180014270     MSVCRT:guard_support.obj
 0002:00000278       __guard_memcpy_fptr        0000000180014278     vcruntime:softmemtag.obj
 0002:00000280       __xc_a                     0000000180014280     MSVCRT:initializers.obj
 0002:00000288       __xc_z                     0000000180014288     MSVCRT:initializers.obj
 0002:00000290       __xi_a                     0000000180014290     MSVCRT:initializers.obj
 0002:00000298       __xi_z                     0000000180014298     MSVCRT:initializers.obj
 0002:000002a0       __xp_a                     00000001800142a0     MSVCRT:initializers.obj
 0002:000002a8       __xp_z                     00000001800142a8     MSVCRT:initializers.obj
 0002:000002b0       __xt_a                     00000001800142b0     MSVCRT:initializers.obj
 0002:000002b8       __xt_z                     00000001800142b8     MSVCRT:initializers.obj
 0002:000002c0       _pRawDllMain               00000001800142c0     MSVCRT:dll_dllmain.obj
 0002:000002c0       _pDefaultRawDllMain        00000001800142c0     MSVCRT:dll_dllmain.obj
 0002:000002d0       __xmm@ffffffffffffffffffffffffffffffff 00000001800142d0     MSVCRT:utility.obj
 0002:000002e0       ??_C@_06CJNJFBNP@1?42?411@ 00000001800142e0     compress.obj
 0002:00003600       _length_code               0000000180017600     trees.obj
 0002:00003700       _dist_code                 0000000180017700     trees.obj
 0002:000040d0       unz_copyright              00000001800180d0     unzip.obj
 0002:00004130       z_errmsg                   0000000180018130     zutil.obj
 0002:00004180       ??_C@_02DKCKIIND@?$CFs@    0000000180018180     gzlib.obj
 0002:00004188       ??_C@_07EBNKNFJN@?$DMfd?3?$CFd?$DO@ 0000000180018188     gzlib.obj
 0002:00004190       ??_C@_0O@BNNCBLEN@out?5of?5memory@ 0000000180018190     gzlib.obj
 0002:0000419e       ??_C@_00CNPNBAHC@@         000000018001819e     gzlib.obj
 0002:000041a0       ??_C@_02LMMGGCAJ@?3?5@     00000001800181a0     gzlib.obj
 0002:000041a4       ??_C@_06DIJPEION@?$CFs?$CFs?$CFs@ 00000001800181a4     gzlib.obj
 0002:000041b0       ??_C@_0BH@CFIIDOJD@unexpected?5end?5of?5file@ 00000001800181b0     gzread.obj
 0002:000041c8       ??_C@_0CH@CPOLIEKA@internal?5error?3?5inflate?5stream?5@ 00000001800181c8     gzread.obj
 0002:000041f0       ??_C@_0BG@HCKBMIHF@compressed?5data?5error@ 00000001800181f0     gzread.obj
 0002:00004208       ??_C@_0BP@HLDABFKK@request?5does?5not?5fit?5in?5an?5int@ 0000000180018208     gzread.obj
 0002:00004228       ??_C@_0CB@EGGJDMIK@request?5does?5not?5fit?5in?5a?5size_@ 0000000180018228     gzread.obj
 0002:00004250       ??_C@_0BP@IIKIGMCC@out?5of?5room?5to?5push?5characters@ 0000000180018250     gzread.obj
 0002:00004270       ??_C@_0CH@DEEGAHIB@internal?5error?3?5deflate?5stream?5@ 0000000180018270     gzwrite.obj
 0002:00004298       ??_C@_0CF@MLPJFDMM@requested?5length?5does?5not?5fit?5i@ 0000000180018298     gzwrite.obj
 0002:000042c0       ??_C@_0BD@PJCBIDD@invalid?5block?5type@ 00000001800182c0     infback.obj
 0002:000042d8       ??_C@_0BN@LGAADGOK@invalid?5stored?5block?5lengths@ 00000001800182d8     infback.obj
 0002:000042f8       ??_C@_0CE@GMIGFPBB@too?5many?5length?5or?5distance?5sym@ 00000001800182f8     infback.obj
 0002:00004320       ??_C@_0BJ@HDEPPGOH@invalid?5code?5lengths?5set@ 0000000180018320     infback.obj
 0002:00004340       ??_C@_0BK@BMMPFBBH@invalid?5bit?5length?5repeat@ 0000000180018340     infback.obj
 0002:00004360       ??_C@_0CF@DGDMADCD@invalid?5code?5?9?9?5missing?5end?9of?9@ 0000000180018360     infback.obj
 0002:00004388       ??_C@_0BM@IIMGAINC@invalid?5literal?1lengths?5set@ 0000000180018388     infback.obj
 0002:000043a8       ??_C@_0BG@GMDFCBGP@invalid?5distances?5set@ 00000001800183a8     infback.obj
 0002:000043c0       ??_C@_0BM@FFFLPBBC@invalid?5literal?1length?5code@ 00000001800183c0     infback.obj
 0002:000043e0       ??_C@_0BG@LBKINIKP@invalid?5distance?5code@ 00000001800183e0     infback.obj
 0002:000043f8       ??_C@_0BO@ECPMAOGG@invalid?5distance?5too?5far?5back@ 00000001800183f8     infback.obj
 0002:00004418       ??_C@_0BH@LIBMMIGA@incorrect?5header?5check@ 0000000180018418     inflate.obj
 0002:00004430       ??_C@_0BL@IHKGDAEE@unknown?5compression?5method@ 0000000180018430     inflate.obj
 0002:00004450       ??_C@_0BE@EMOGCLGO@invalid?5window?5size@ 0000000180018450     inflate.obj
 0002:00004468       ??_C@_0BJ@BLBBCOMO@unknown?5header?5flags?5set@ 0000000180018468     inflate.obj
 0002:00004488       ??_C@_0BE@GONKLEPM@header?5crc?5mismatch@ 0000000180018488     inflate.obj
 0002:000044a0       ??_C@_0BF@MEIGEHBE@incorrect?5data?5check@ 00000001800184a0     inflate.obj
 0002:000044b8       ??_C@_0BH@FGKKJGOC@incorrect?5length?5check@ 00000001800184b8     inflate.obj
 0002:000044d0       ??_C@_02JDPG@rb@           00000001800184d0     ioapi.obj
 0002:000044d4       ??_C@_03HMFOOINA@r?$CLb@   00000001800184d4     ioapi.obj
 0002:000044d8       ??_C@_02GMLFBBN@wb@        00000001800184d8     ioapi.obj
 0002:000044dc       ??_C@_01JOAMLHOP@?9@       00000001800184dc     zip.obj
 0002:000044e0       ??_C@_0BA@MOKMMFOD@need?5dictionary@ 00000001800184e0     zutil.obj
 0002:000044f0       ??_C@_0L@FNAOCBOG@stream?5end@ 00000001800184f0     zutil.obj
 0002:00004500       ??_C@_0L@KIJFAKBJ@file?5error@ 0000000180018500     zutil.obj
 0002:00004510       ??_C@_0N@MKKNPMJD@stream?5error@ 0000000180018510     zutil.obj
 0002:00004520       ??_C@_0L@HAHMBNLP@data?5error@ 0000000180018520     zutil.obj
 0002:00004530       ??_C@_0BE@OGGJBMCE@insufficient?5memory@ 0000000180018530     zutil.obj
 0002:00004548       ??_C@_0N@DFPGLBGC@buffer?5error@ 0000000180018548     zutil.obj
 0002:00004558       ??_C@_0BF@CJFPCCEG@incompatible?5version@ 0000000180018558     zutil.obj
 0002:00004570       _load_config_used          0000000180018570     MSVCRT:loadcfg.obj
 0002:00004780       __CastGuardVftablesStart   0000000180018780     MSVCRT:guard_support.obj
 0002:00004800       __CastGuardVftablesEnd     0000000180018800     MSVCRT:guard_support.obj
 0002:00004880       __volatile_metadata        0000000180018880     <linker-defined>
 0002:00004c20       __rtc_iaa                  0000000180018c20     MSVCRT:initsect.obj
 0002:00004c28       __rtc_izz                  0000000180018c28     MSVCRT:initsect.obj
 0002:00004c30       __rtc_taa                  0000000180018c30     MSVCRT:initsect.obj
 0002:00004c38       __rtc_tzz                  0000000180018c38     MSVCRT:initsect.obj
 0002:000070dc       __IMPORT_DESCRIPTOR_KERNEL32 000000018001b0dc     kernel32:KERNEL32.dll
 0002:000070f0       __IMPORT_DESCRIPTOR_VCRUNTIME140 000000018001b0f0     vcruntime:VCRUNTIME140.dll
 0002:00007104       __IMPORT_DESCRIPTOR_api-ms-win-crt-stdio-l1-1-0 000000018001b104     ucrt:api-ms-win-crt-stdio-l1-1-0.dll
 0002:00007118       __IMPORT_DESCRIPTOR_api-ms-win-crt-convert-l1-1-0 000000018001b118     ucrt:api-ms-win-crt-convert-l1-1-0.dll
 0002:0000712c       __IMPORT_DESCRIPTOR_api-ms-win-crt-heap-l1-1-0 000000018001b12c     ucrt:api-ms-win-crt-heap-l1-1-0.dll
 0002:00007140       __IMPORT_DESCRIPTOR_api-ms-win-crt-runtime-l1-1-0 000000018001b140     ucrt:api-ms-win-crt-runtime-l1-1-0.dll
 0002:00007154       __IMPORT_DESCRIPTOR_api-ms-win-crt-utility-l1-1-0 000000018001b154     ucrt:api-ms-win-crt-utility-l1-1-0.dll
 0002:00007168       __IMPORT_DESCRIPTOR_api-ms-win-crt-time-l1-1-0 000000018001b168     ucrt:api-ms-win-crt-time-l1-1-0.dll
 0002:0000717c       __NULL_IMPORT_DESCRIPTOR   000000018001b17c     kernel32:KERNEL32.dll
 0003:00000000       __scrt_native_dllmain_reason 000000018001c000     MSVCRT:utility.obj
 0003:00000008       __security_cookie          000000018001c008     MSVCRT:gs_cookie.obj
 0003:00000010       __security_cookie_complement 000000018001c010     MSVCRT:gs_cookie.obj
 0003:00000018       __isa_available            000000018001c018     MSVCRT:cpu_disp.obj
 0003:0000001c       __isa_enabled              000000018001c01c     MSVCRT:cpu_disp.obj
 0003:00000020       __memset_fast_string_threshold 000000018001c020     MSVCRT:cpu_disp.obj
 0003:00000028       __memset_nt_threshold      000000018001c028     MSVCRT:cpu_disp.obj
 0003:00000030       __scrt_ucrt_dll_is_in_use  000000018001c030     MSVCRT:ucrt_stubs.obj
 0003:00000050       ?__type_info_root_node@@3U__type_info_node@@A 000000018001c050     MSVCRT:tncleanup.obj
 0003:00000060       ?_OptionsStorage@?1??__local_stdio_printf_options@@9@4_KA 000000018001c060     MSVCRT:default_local_stdio_options.obj
 0003:00000068       ?_OptionsStorage@?1??__local_stdio_scanf_options@@9@4_KA 000000018001c068     MSVCRT:default_local_stdio_options.obj
 0003:00000070       __scrt_current_native_startup_state 000000018001c070     MSVCRT:utility.obj
 0003:00000078       __scrt_native_startup_lock 000000018001c078     MSVCRT:utility.obj
 0003:000000b8       __scrt_debugger_hook_flag  000000018001c0b8     MSVCRT:utility_desktop.obj
 0003:000000bc       __favor                    000000018001c0bc     MSVCRT:cpu_disp.obj
 0003:000000c8       __dyn_tls_init_callback    000000018001c0c8     <common>
 0003:000000d0       ?_OptionsStorage@?1??__local_stdio_printf_options@@9@9 000000018001c0d0     <common>
 0003:000000d8       ?_OptionsStorage@?1??__local_stdio_scanf_options@@9@9 000000018001c0d8     <common>

 entry point at        0001:00011728

 Static symbols

 0000:fffdf000       .debug$S                   0000000180000000     zlibwapi.exp
 0000:fffdf000       .debug$S                   0000000180000000     ucrt:api-ms-win-crt-convert-l1-1-0.dll
 0000:fffdf000       .debug$S                   0000000180000000     ucrt:api-ms-win-crt-heap-l1-1-0.dll
 0000:fffdf000       .debug$S                   0000000180000000     ucrt:api-ms-win-crt-heap-l1-1-0.dll
 0000:fffdf000       .debug$S                   0000000180000000     ucrt:api-ms-win-crt-runtime-l1-1-0.dll
 0000:fffdf000       .debug$S                   0000000180000000     ucrt:api-ms-win-crt-runtime-l1-1-0.dll
 0000:fffdf000       .debug$S                   0000000180000000     ucrt:api-ms-win-crt-runtime-l1-1-0.dll
 0000:fffdf000       .debug$S                   0000000180000000     ucrt:api-ms-win-crt-runtime-l1-1-0.dll
 0000:fffdf000       .debug$S                   0000000180000000     ucrt:api-ms-win-crt-runtime-l1-1-0.dll
 0000:fffdf000       .debug$S                   0000000180000000     ucrt:api-ms-win-crt-runtime-l1-1-0.dll
 0000:fffdf000       .debug$S                   0000000180000000     ucrt:api-ms-win-crt-runtime-l1-1-0.dll
 0000:fffdf000       .debug$S                   0000000180000000     ucrt:api-ms-win-crt-runtime-l1-1-0.dll
 0000:fffdf000       .debug$S                   0000000180000000     ucrt:api-ms-win-crt-runtime-l1-1-0.dll
 0000:fffdf000       .debug$S                   0000000180000000     ucrt:api-ms-win-crt-runtime-l1-1-0.dll
 0000:fffdf000       .debug$S                   0000000180000000     ucrt:api-ms-win-crt-runtime-l1-1-0.dll
 0000:fffdf000       .debug$S                   0000000180000000     ucrt:api-ms-win-crt-runtime-l1-1-0.dll
 0000:fffdf000       .debug$S                   0000000180000000     ucrt:api-ms-win-crt-runtime-l1-1-0.dll
 0000:fffdf000       .debug$S                   0000000180000000     ucrt:api-ms-win-crt-runtime-l1-1-0.dll
 0000:fffdf000       .debug$S                   0000000180000000     ucrt:api-ms-win-crt-stdio-l1-1-0.dll
 0000:fffdf000       .debug$S                   0000000180000000     ucrt:api-ms-win-crt-stdio-l1-1-0.dll
 0000:fffdf000       .debug$S                   0000000180000000     ucrt:api-ms-win-crt-stdio-l1-1-0.dll
 0000:fffdf000       .debug$S                   0000000180000000     ucrt:api-ms-win-crt-stdio-l1-1-0.dll
 0000:fffdf000       .debug$S                   0000000180000000     ucrt:api-ms-win-crt-stdio-l1-1-0.dll
 0000:fffdf000       .debug$S                   0000000180000000     ucrt:api-ms-win-crt-stdio-l1-1-0.dll
 0000:fffdf000       .debug$S                   0000000180000000     ucrt:api-ms-win-crt-stdio-l1-1-0.dll
 0000:fffdf000       .debug$S                   0000000180000000     ucrt:api-ms-win-crt-stdio-l1-1-0.dll
 0000:fffdf000       .debug$S                   0000000180000000     ucrt:api-ms-win-crt-stdio-l1-1-0.dll
 0000:fffdf000       .debug$S                   0000000180000000     ucrt:api-ms-win-crt-stdio-l1-1-0.dll
 0000:fffdf000       .debug$S                   0000000180000000     ucrt:api-ms-win-crt-stdio-l1-1-0.dll
 0000:fffdf000       .debug$S                   0000000180000000     ucrt:api-ms-win-crt-stdio-l1-1-0.dll
 0000:fffdf000       .debug$S                   0000000180000000     ucrt:api-ms-win-crt-stdio-l1-1-0.dll
 0000:fffdf000       .debug$S                   0000000180000000     ucrt:api-ms-win-crt-stdio-l1-1-0.dll
 0000:fffdf000       .debug$S                   0000000180000000     ucrt:api-ms-win-crt-stdio-l1-1-0.dll
 0000:fffdf000       .debug$S                   0000000180000000     ucrt:api-ms-win-crt-stdio-l1-1-0.dll
 0000:fffdf000       .debug$S                   0000000180000000     ucrt:api-ms-win-crt-time-l1-1-0.dll
 0000:fffdf000       .debug$S                   0000000180000000     ucrt:api-ms-win-crt-utility-l1-1-0.dll
 0000:fffdf000       .debug$S                   0000000180000000     ucrt:api-ms-win-crt-utility-l1-1-0.dll
 0000:fffdf000       .debug$S                   0000000180000000     kernel32:KERNEL32.dll
 0000:fffdf000       .debug$S                   0000000180000000     kernel32:KERNEL32.dll
 0000:fffdf000       .debug$S                   0000000180000000     kernel32:KERNEL32.dll
 0000:fffdf000       .debug$S                   0000000180000000     kernel32:KERNEL32.dll
 0000:fffdf000       .debug$S                   0000000180000000     kernel32:KERNEL32.dll
 0000:fffdf000       .debug$S                   0000000180000000     kernel32:KERNEL32.dll
 0000:fffdf000       .debug$S                   0000000180000000     kernel32:KERNEL32.dll
 0000:fffdf000       .debug$S                   0000000180000000     kernel32:KERNEL32.dll
 0000:fffdf000       .debug$S                   0000000180000000     kernel32:KERNEL32.dll
 0000:fffdf000       .debug$S                   0000000180000000     kernel32:KERNEL32.dll
 0000:fffdf000       .debug$S                   0000000180000000     kernel32:KERNEL32.dll
 0000:fffdf000       .debug$S                   0000000180000000     kernel32:KERNEL32.dll
 0000:fffdf000       .debug$S                   0000000180000000     kernel32:KERNEL32.dll
 0000:fffdf000       .debug$S                   0000000180000000     kernel32:KERNEL32.dll
 0000:fffdf000       .debug$S                   0000000180000000     kernel32:KERNEL32.dll
 0000:fffdf000       .debug$S                   0000000180000000     kernel32:KERNEL32.dll
 0000:fffdf000       .debug$S                   0000000180000000     kernel32:KERNEL32.dll
 0000:fffdf000       .debug$S                   0000000180000000     kernel32:KERNEL32.dll
 0000:fffdf000       .debug$S                   0000000180000000     kernel32:KERNEL32.dll
 0000:fffdf000       .debug$S                   0000000180000000     kernel32:KERNEL32.dll
 0000:fffdf000       .debug$S                   0000000180000000     kernel32:KERNEL32.dll
 0000:fffdf000       .debug$S                   0000000180000000     kernel32:KERNEL32.dll
 0000:00000000       _volmd                     0000000180000000     MSVCRT:cpu_disp.obj
 0002:fffec000       __guard_ehcont_?dllmain_dispatch@@YAHQEAUHINSTANCE__@@KQEAX@Z 0000000180000000     MSVCRT:dll_dllmain.obj
 0002:fffec000       __guard_fids_?dllmain_dispatch@@YAHQEAUHINSTANCE__@@KQEAX@Z 0000000180000000     MSVCRT:dll_dllmain.obj
 0002:fffec000       __guard_fids__             0000000180000000     MSVCRT:guard_support.obj
 0002:fffec000       __guard_fids__             0000000180000000     MSVCRT:guard_support.obj
 0002:fffec000       __guard_fids__guard_icall_checks_enforced 0000000180000000     MSVCRT:guard_support.obj
 0000:00000000       _volmd                     0000000180000000     MSVCRT:guard_support.obj
 0000:00000000       _volmd                     0000000180000000     MSVCRT:guard_support.obj
 0000:00000000       _volmd                     0000000180000000     MSVCRT:guard_support.obj
 0000:00000000       _volmd                     0000000180000000     MSVCRT:guard_support.obj
 0000:00000000       _volmd                     0000000180000000     MSVCRT:guard_support.obj
 0000:00000000       _volmd                     0000000180000000     MSVCRT:guard_support.obj
 0002:fffec000       __guard_ehcont___scrt_is_nonwritable_in_current_image 0000000180000000     MSVCRT:utility.obj
 0000:00000000       _volmd                     0000000180000000     MSVCRT:utility.obj
 0000:00000000       _volmd                     0000000180000000     MSVCRT:utility.obj
 0000:00000000       _volmd                     0000000180000000     MSVCRT:utility.obj
 0002:fffec000       __guard_fids___scrt_set_unhandled_exception_filter 0000000180000000     MSVCRT:utility_desktop.obj
 0000:00000000       _volmd                     0000000180000000     MSVCRT:utility_desktop.obj
 0000:fffdf000       .debug$S                   0000000180000000     vcruntime:VCRUNTIME140.dll
 0000:fffdf000       .debug$S                   0000000180000000     vcruntime:VCRUNTIME140.dll
 0000:fffdf000       .debug$S                   0000000180000000     vcruntime:VCRUNTIME140.dll
 0000:fffdf000       .debug$S                   0000000180000000     vcruntime:VCRUNTIME140.dll
 0000:fffdf000       .debug$S                   0000000180000000     vcruntime:VCRUNTIME140.dll
 0000:fffdf000       .debug$S                   0000000180000000     vcruntime:VCRUNTIME140.dll
 0000:fffdf000       .debug$S                   0000000180000000     vcruntime:VCRUNTIME140.dll
 0002:fffec000       __guard_fids__             0000000180000000     vcruntime:softmemtag.obj
 0001:000002f0       adler32_combine_           00000001800012f0 f   adler32.obj
 0001:00000550       crc32_little               0000000180001550 f   crc32.obj
 0001:00000860       crc32_big                  0000000180001860 f   crc32.obj
 0001:00000be0       gf2_matrix_times           0000000180001be0 f   crc32.obj
 0001:00000c00       gf2_matrix_square          0000000180001c00 f   crc32.obj
 0001:00000c40       crc32_combine_             0000000180001c40 f   crc32.obj
 0001:00000e00       slide_hash                 0000000180001e00 f   deflate.obj
 0001:00001150       deflateStateCheck          0000000180002150 f   deflate.obj
 0001:00001920       putShortMSB                0000000180002920 f   deflate.obj
 0001:00001950       flush_pending              0000000180002950 f   deflate.obj
 0001:000025e0       read_buf                   00000001800035e0 f   deflate.obj
 0001:00002680       lm_init                    0000000180003680 f   deflate.obj
 0001:00002740       fill_window                0000000180003740 f   deflate.obj
 0001:00002960       deflate_stored             0000000180003960 f   deflate.obj
 0001:00002d70       deflate_fast               0000000180003d70 f   deflate.obj
 0001:00003190       deflate_slow               0000000180004190 f   deflate.obj
 0001:000036b0       deflate_rle                00000001800046b0 f   deflate.obj
 0001:000039f0       deflate_huff               00000001800049f0 f   deflate.obj
 0001:00003cc0       gz_reset                   0000000180004cc0 f   gzlib.obj
 0001:00003d10       gz_open                    0000000180004d10 f   gzlib.obj
 0001:00003fc0       $LN55                      0000000180004fc0     gzlib.obj
 0001:00003fec       $LN54                      0000000180004fec     gzlib.obj
 0001:000045b0       gz_load                    00000001800055b0 f   gzread.obj
 0001:00004660       gz_avail                   0000000180005660 f   gzread.obj
 0001:000046f0       gz_look                    00000001800056f0 f   gzread.obj
 0001:000048d0       gz_decomp                  00000001800058d0 f   gzread.obj
 0001:00004a00       gz_fetch                   0000000180005a00 f   gzread.obj
 0001:00004ab0       gz_skip                    0000000180005ab0 f   gzread.obj
 0001:00004b30       gz_read                    0000000180005b30 f   gzread.obj
 0001:00005170       gz_init                    0000000180006170 f   gzwrite.obj
 0001:000052a0       gz_comp                    00000001800062a0 f   gzwrite.obj
 0001:00005460       gz_zero                    0000000180006460 f   gzwrite.obj
 0001:00005510       gz_write                   0000000180006510 f   gzwrite.obj
 0001:00005d30       fixedtables                0000000180006d30 f   infback.obj
 0001:00006c18       $LN481                     0000000180007c18     infback.obj
 0001:00006e90       inflateStateCheck          0000000180007e90 f   inflate.obj
 0001:000071a0       fixedtables                00000001800081a0 f   inflate.obj
 0001:000071d0       updatewindow               00000001800081d0 f   inflate.obj
 0001:00008a64       $LN820                     0000000180009a64     inflate.obj
 0001:00008ce0       syncsearch                 0000000180009ce0 f   inflate.obj
 0001:00009820       fopen_file_func            000000018000a820 f   ioapi.obj
 0001:00009870       fopen64_file_func          000000018000a870 f   ioapi.obj
 0001:000098c0       fread_file_func            000000018000a8c0 f   ioapi.obj
 0001:000098e0       fwrite_file_func           000000018000a8e0 f   ioapi.obj
 0001:00009900       ftell_file_func            000000018000a900 f   ioapi.obj
 0001:00009910       ftell64_file_func          000000018000a910 f   ioapi.obj
 0001:00009920       fseek_file_func            000000018000a920 f   ioapi.obj
 0001:00009980       fseek64_file_func          000000018000a980 f   ioapi.obj
 0001:000099e0       fclose_file_func           000000018000a9e0 f   ioapi.obj
 0001:000099f0       ferror_file_func           000000018000a9f0 f   ioapi.obj
 0001:00009a60       win32_translate_open_mode  000000018000aa60 f   iowin32.obj
 0001:00009ac0       win32_build_iowin          000000018000aac0 f   iowin32.obj
 0001:00009e10       MySetFilePointerEx         000000018000ae10 f   iowin32.obj
 0001:0000a210       tr_static_init             000000018000b210 f   trees.obj
 0001:0000a290       init_block                 000000018000b290 f   trees.obj
 0001:0000a460       pqdownheap                 000000018000b460 f   trees.obj
 0001:0000a550       gen_bitlen                 000000018000b550 f   trees.obj
 0001:0000a760       gen_codes                  000000018000b760 f   trees.obj
 0001:0000a880       build_tree                 000000018000b880 f   trees.obj
 0001:0000aac0       scan_tree                  000000018000bac0 f   trees.obj
 0001:0000abd0       send_tree                  000000018000bbd0 f   trees.obj
 0001:0000b140       build_bl_tree              000000018000c140 f   trees.obj
 0001:0000b210       send_all_trees             000000018000c210 f   trees.obj
 0001:0000b900       compress_block             000000018000c900 f   trees.obj
 0001:0000bd60       detect_data_type           000000018000cd60 f   trees.obj
 0001:0000bde0       bi_reverse                 000000018000cde0 f   trees.obj
 0001:0000be00       bi_flush                   000000018000ce00 f   trees.obj
 0001:0000be80       bi_windup                  000000018000ce80 f   trees.obj
 0001:0000c060       unz64local_getByte         000000018000d060 f   unzip.obj
 0001:0000c0d0       unz64local_getShort        000000018000d0d0 f   unzip.obj
 0001:0000c150       unz64local_getLong         000000018000d150 f   unzip.obj
 0001:0000c220       unz64local_getLong64       000000018000d220 f   unzip.obj
 0001:0000c3a0       strcmpcasenosensitive_internal 000000018000d3a0 f   unzip.obj
 0001:0000c450       unz64local_SearchCentralDir 000000018000d450 f   unzip.obj
 0001:0000c5c0       unz64local_SearchCentralDir64 000000018000d5c0 f   unzip.obj
 0001:0000c7e0       unzOpenInternal            000000018000d7e0 f   unzip.obj
 0001:0000cda0       unz64local_DosDateToTmuDate 000000018000dda0 f   unzip.obj
 0001:0000ce00       unz64local_GetCurrentFileInfoInternal 000000018000de00 f   unzip.obj
 0001:0000d930       unz64local_CheckCurrentFileCoherencyHeader 000000018000e930 f   unzip.obj
 0001:0000e3f0       time                       000000018000f3f0 f   zip.obj
 0001:0000e400       decrypt_byte               000000018000f400 f   zip.obj
 0001:0000e420       update_keys                000000018000f420 f   zip.obj
 0001:0000e470       init_keys                  000000018000f470 f   zip.obj
 0001:0000e4e0       crypthead                  000000018000f4e0 f   zip.obj
 0001:0000e630       allocate_new_datablock     000000018000f630 f   zip.obj
 0001:0000e660       free_datablock             000000018000f660 f   zip.obj
 0001:0000e690       init_linkedlist            000000018000f690 f   zip.obj
 0001:0000e6a0       free_linkedlist            000000018000f6a0 f   zip.obj
 0001:0000e6c0       add_data_in_datablock      000000018000f6c0 f   zip.obj
 0001:0000e7a0       zip64local_putValue        000000018000f7a0 f   zip.obj
 0001:0000e820       zip64local_putValue_inmemory 000000018000f820 f   zip.obj
 0001:0000e860       zip64local_TmzDateToDosDate 000000018000f860 f   zip.obj
 0001:0000e8b0       zip64local_getByte         000000018000f8b0 f   zip.obj
 0001:0000e920       zip64local_getShort        000000018000f920 f   zip.obj
 0001:0000e9a0       zip64local_getLong         000000018000f9a0 f   zip.obj
 0001:0000ea70       zip64local_getLong64       000000018000fa70 f   zip.obj
 0001:0000ebf0       zip64local_SearchCentralDir 000000018000fbf0 f   zip.obj
 0001:0000ed60       zip64local_SearchCentralDir64 000000018000fd60 f   zip.obj
 0001:00010170       zip64FlushWriteBuffer      0000000180011170 f   zip.obj
 0001:00010dc0       $$000000                   0000000180011dc0     gvmat64.obj
 0001:000110a0       $$000000                   00000001800120a0     inffasx64.obj
 0001:000113e4       ?dllmain_crt_dispatch@@YAHQEAUHINSTANCE__@@KQEAX@Z 00000001800123e4 f   MSVCRT:dll_dllmain.obj
 0001:00011434       ?dllmain_crt_process_attach@@YAHQEAUHINSTANCE__@@QEAX@Z 0000000180012434 f   MSVCRT:dll_dllmain.obj
 0001:0001154c       ?dllmain_crt_process_detach@@YAH_N@Z 000000018001254c f   MSVCRT:dll_dllmain.obj
 0001:000115d0       ?dllmain_dispatch@@YAHQEAUHINSTANCE__@@KQEAX@Z 00000001800125d0 f   MSVCRT:dll_dllmain.obj
 0001:00011704       ?dllmain_raw@@YAHQEAUHINSTANCE__@@KQEAX@Z 0000000180012704 f   MSVCRT:dll_dllmain.obj
 0001:00011768       __get_entropy              0000000180012768 f   MSVCRT:gs_support.obj
 0001:000118f8       ?find_pe_section@@YAPEAU_IMAGE_SECTION_HEADER@@QEAE_K@Z 00000001800128f8 f   MSVCRT:utility.obj
 0001:0001194c       ?is_potentially_valid_image_base@@YA_NQEAX@Z 000000018001294c f   MSVCRT:utility.obj
 0001:00012094       __castguard_check_failure_os_handled_wrapper 0000000180013094 f   MSVCRT:guard_support.obj
 0001:000120b4       __castguard_compat_check   00000001800130b4 f   MSVCRT:guard_support.obj
 0001:0001219c       __castguard_slow_path_compat_check 000000018001319c f   MSVCRT:guard_support.obj
 0001:00012510       $$000000                   0000000180013510     MSVCRT:chkstk.obj
 0001:00012580       $$000000                   0000000180013580     MSVCRT:guard_dispatch.obj
 0001:000125a0       $$000000                   00000001800135a0     MSVCRT:guard_xfg_dispatch.obj
 0001:000125b6       ?fin$0@?0??dllmain_crt_process_attach@@YAHQEAUHINSTANCE__@@QEAX@Z@4HA 00000001800135b6 f   MSVCRT:dll_dllmain.obj
 0001:000125cd       ?fin$0@?0??dllmain_crt_process_detach@@YAH_N@Z@4HA 00000001800135cd f   MSVCRT:dll_dllmain.obj
 0001:000125e6       ?fin$1@?0??dllmain_crt_process_detach@@YAH_N@Z@4HA 00000001800135e6 f   MSVCRT:dll_dllmain.obj
 0001:000125fa       ?filt$0@?0??dllmain_dispatch@@YAHQEAUHINSTANCE__@@KQEAX@Z@4HA 00000001800135fa f   MSVCRT:dll_dllmain.obj
 0001:00012630       __scrt_is_nonwritable_in_current_image$filt$0 0000000180013630 f   MSVCRT:utility.obj
 0002:000002f0       crc_table                  00000001800142f0     crc32.obj
 0002:000022f0       ?my_version@?1??deflateInit2_@@9@9 00000001800162f0     deflate.obj
 0002:00002300       configuration_table        0000000180016300     deflate.obj
 0002:000023a0       ?lenfix@?1??fixedtables@@9@9 00000001800163a0     infback.obj
 0002:00002ba0       ?distfix@?1??fixedtables@@9@9 0000000180016ba0     infback.obj
 0002:00002c20       ?order@?1??inflateBack@@9@9 0000000180016c20     infback.obj
 0002:00002c50       ?lenfix@?1??fixedtables@@9@9 0000000180016c50     inflate.obj
 0002:00003450       ?distfix@?1??fixedtables@@9@9 0000000180017450     inflate.obj
 0002:000034d0       ?order@?1??inflate@@9@9    00000001800174d0     inflate.obj
 0002:00003500       ?dext@?1??inflate_table@@9@9 0000000180017500     inftrees.obj
 0002:00003540       ?lext@?1??inflate_table@@9@9 0000000180017540     inftrees.obj
 0002:00003580       ?lbase@?1??inflate_table@@9@9 0000000180017580     inftrees.obj
 0002:000035c0       ?dbase@?1??inflate_table@@9@9 00000001800175c0     inftrees.obj
 0002:00003900       static_dtree               0000000180017900     trees.obj
 0002:00003980       extra_blbits               0000000180017980     trees.obj
 0002:000039d0       extra_lbits                00000001800179d0     trees.obj
 0002:00003a50       base_dist                  0000000180017a50     trees.obj
 0002:00003ad0       base_length                0000000180017ad0     trees.obj
 0002:00003b48       static_l_desc              0000000180017b48     trees.obj
 0002:00003b68       static_bl_desc             0000000180017b68     trees.obj
 0002:00003b90       extra_dbits                0000000180017b90     trees.obj
 0002:00003c10       static_ltree               0000000180017c10     trees.obj
 0002:00004090       static_d_desc              0000000180018090     trees.obj
 0002:000040b0       bl_order                   00000001800180b0     trees.obj
 0002:00004c40       $unwind$adler32_combine_   0000000180018c40     adler32.obj
 0002:00004c48       $unwind$compress2          0000000180018c48     compress.obj
 0002:00004c60       $unwind$compress           0000000180018c60     compress.obj
 0002:00004c68       $unwind$crc32_little       0000000180018c68     crc32.obj
 0002:00004c70       $chain$0$crc32_little      0000000180018c70     crc32.obj
 0002:00004c84       $chain$1$crc32_little      0000000180018c84     crc32.obj
 0002:00004c94       $unwind$crc32_big          0000000180018c94     crc32.obj
 0002:00004c9c       $chain$0$crc32_big         0000000180018c9c     crc32.obj
 0002:00004cb0       $chain$1$crc32_big         0000000180018cb0     crc32.obj
 0002:00004cc0       $unwind$gf2_matrix_square  0000000180018cc0     crc32.obj
 0002:00004cc8       $unwind$crc32_combine_     0000000180018cc8     crc32.obj
 0002:00004ce0       $unwind$slide_hash         0000000180018ce0     deflate.obj
 0002:00004ce8       $unwind$deflateInit_       0000000180018ce8     deflate.obj
 0002:00004cf0       $unwind$deflateInit2_      0000000180018cf0     deflate.obj
 0002:00004d04       $chain$0$deflateInit2_     0000000180018d04     deflate.obj
 0002:00004d18       $chain$1$deflateInit2_     0000000180018d18     deflate.obj
 0002:00004d2c       $chain$2$deflateInit2_     0000000180018d2c     deflate.obj
 0002:00004d3c       $chain$4$deflateInit2_     0000000180018d3c     deflate.obj
 0002:00004d54       $chain$5$deflateInit2_     0000000180018d54     deflate.obj
 0002:00004d68       $chain$6$deflateInit2_     0000000180018d68     deflate.obj
 0002:00004d78       $unwind$deflateSetDictionary 0000000180018d78     deflate.obj
 0002:00004d88       $chain$2$deflateSetDictionary 0000000180018d88     deflate.obj
 0002:00004da4       $chain$3$deflateSetDictionary 0000000180018da4     deflate.obj
 0002:00004db4       $unwind$deflateGetDictionary 0000000180018db4     deflate.obj
 0002:00004dc0       $unwind$deflateResetKeep   0000000180018dc0     deflate.obj
 0002:00004dd0       $unwind$deflateReset       0000000180018dd0     deflate.obj
 0002:00004ddc       $unwind$deflateSetHeader   0000000180018ddc     deflate.obj
 0002:00004de4       $unwind$deflatePending     0000000180018de4     deflate.obj
 0002:00004dec       $unwind$deflatePrime       0000000180018dec     deflate.obj
 0002:00004df8       $unwind$deflateParams      0000000180018df8     deflate.obj
 0002:00004e14       $unwind$deflateTune        0000000180018e14     deflate.obj
 0002:00004e1c       $unwind$deflateBound       0000000180018e1c     deflate.obj
 0002:00004e24       $unwind$flush_pending      0000000180018e24     deflate.obj
 0002:00004e34       $chain$0$flush_pending     0000000180018e34     deflate.obj
 0002:00004e48       $chain$1$flush_pending     0000000180018e48     deflate.obj
 0002:00004e58       $unwind$deflate            0000000180018e58     deflate.obj
 0002:00004e64       $chain$5$deflate           0000000180018e64     deflate.obj
 0002:00004e8c       $chain$7$deflate           0000000180018e8c     deflate.obj
 0002:00004eb4       $chain$8$deflate           0000000180018eb4     deflate.obj
 0002:00004ec8       $chain$9$deflate           0000000180018ec8     deflate.obj
 0002:00004ed8       $unwind$deflateEnd         0000000180018ed8     deflate.obj
 0002:00004eec       $unwind$deflateCopy        0000000180018eec     deflate.obj
 0002:00004ef4       $chain$1$deflateCopy       0000000180018ef4     deflate.obj
 0002:00004f0c       $chain$4$deflateCopy       0000000180018f0c     deflate.obj
 0002:00004f28       $chain$6$deflateCopy       0000000180018f28     deflate.obj
 0002:00004f44       $chain$7$deflateCopy       0000000180018f44     deflate.obj
 0002:00004f54       $unwind$read_buf           0000000180018f54     deflate.obj
 0002:00004f68       $unwind$lm_init            0000000180018f68     deflate.obj
 0002:00004f74       $unwind$fill_window        0000000180018f74     deflate.obj
 0002:00004f84       $unwind$deflate_stored     0000000180018f84     deflate.obj
 0002:00004f94       $chain$3$deflate_stored    0000000180018f94     deflate.obj
 0002:00004fb4       $chain$4$deflate_stored    0000000180018fb4     deflate.obj
 0002:00004fcc       $chain$5$deflate_stored    0000000180018fcc     deflate.obj
 0002:00004fe0       $unwind$deflate_fast       0000000180018fe0     deflate.obj
 0002:00004ffc       $unwind$deflate_slow       0000000180018ffc     deflate.obj
 0002:00005018       $unwind$deflate_rle        0000000180019018     deflate.obj
 0002:00005034       $unwind$deflate_huff       0000000180019034     deflate.obj
 0002:00005044       $unwind$vsnprintf          0000000180019044     gzlib.obj
 0002:00005058       $unwind$snprintf           0000000180019058     gzlib.obj
 0002:00005068       $unwind$gz_reset           0000000180019068     gzlib.obj
 0002:00005074       $unwind$gz_open            0000000180019074     gzlib.obj
 0002:0000508c       $chain$0$gz_open           000000018001908c     gzlib.obj
 0002:000050a0       $chain$1$gz_open           00000001800190a0     gzlib.obj
 0002:000050b0       $chain$2$gz_open           00000001800190b0     gzlib.obj
 0002:000050c4       $chain$3$gz_open           00000001800190c4     gzlib.obj
 0002:000050d4       $unwind$gzdopen            00000001800190d4     gzlib.obj
 0002:000050e4       $unwind$gzrewind           00000001800190e4     gzlib.obj
 0002:000050ec       $unwind$gzseek64           00000001800190ec     gzlib.obj
 0002:00005100       $unwind$gzseek             0000000180019100     gzlib.obj
 0002:00005108       $unwind$gztell             0000000180019108     gzlib.obj
 0002:00005110       $unwind$gzoffset64         0000000180019110     gzlib.obj
 0002:00005118       $unwind$gzoffset           0000000180019118     gzlib.obj
 0002:00005120       $unwind$gz_error           0000000180019120     gzlib.obj
 0002:00005134       $unwind$gz_load            0000000180019134     gzread.obj
 0002:0000514c       $unwind$gz_avail           000000018001914c     gzread.obj
 0002:00005154       $unwind$gz_look            0000000180019154     gzread.obj
 0002:00005164       $unwind$gz_decomp          0000000180019164     gzread.obj
 0002:00005178       $unwind$gz_fetch           0000000180019178     gzread.obj
 0002:00005180       $unwind$gz_skip            0000000180019180     gzread.obj
 0002:0000518c       $unwind$gz_read            000000018001918c     gzread.obj
 0002:000051a8       $unwind$gzread             00000001800191a8     gzread.obj
 0002:000051b0       $unwind$gzfread            00000001800191b0     gzread.obj
 0002:000051b8       $unwind$gzgetc             00000001800191b8     gzread.obj
 0002:000051c0       $unwind$gzungetc           00000001800191c0     gzread.obj
 0002:000051cc       $unwind$gzgets             00000001800191cc     gzread.obj
 0002:000051e8       $unwind$gzdirect           00000001800191e8     gzread.obj
 0002:000051f0       $unwind$gzclose_r          00000001800191f0     gzread.obj
 0002:000051f8       $chain$1$gzclose_r         00000001800191f8     gzread.obj
 0002:00005210       $chain$2$gzclose_r         0000000180019210     gzread.obj
 0002:00005220       $unwind$gz_init            0000000180019220     gzwrite.obj
 0002:00005234       $unwind$gz_comp            0000000180019234     gzwrite.obj
 0002:0000524c       $unwind$gz_zero            000000018001924c     gzwrite.obj
 0002:00005260       $unwind$gz_write           0000000180019260     gzwrite.obj
 0002:00005278       $unwind$gzwrite            0000000180019278     gzwrite.obj
 0002:00005280       $unwind$gzfwrite           0000000180019280     gzwrite.obj
 0002:00005288       $unwind$gzputc             0000000180019288     gzwrite.obj
 0002:00005294       $unwind$gzputs             0000000180019294     gzwrite.obj
 0002:0000529c       $chain$0$gzputs            000000018001929c     gzwrite.obj
 0002:000052b0       $chain$1$gzputs            00000001800192b0     gzwrite.obj
 0002:000052c0       $unwind$gzvprintf          00000001800192c0     gzwrite.obj
 0002:000052d0       $chain$1$gzvprintf         00000001800192d0     gzwrite.obj
 0002:000052e8       $chain$3$gzvprintf         00000001800192e8     gzwrite.obj
 0002:00005300       $chain$4$gzvprintf         0000000180019300     gzwrite.obj
 0002:00005310       $unwind$gzprintf           0000000180019310     gzwrite.obj
 0002:00005318       $unwind$gzflush            0000000180019318     gzwrite.obj
 0002:00005324       $unwind$gzsetparams        0000000180019324     gzwrite.obj
 0002:00005338       $unwind$gzclose_w          0000000180019338     gzwrite.obj
 0002:00005344       $unwind$inflateBackInit_   0000000180019344     infback.obj
 0002:00005354       $chain$1$inflateBackInit_  0000000180019354     infback.obj
 0002:0000536c       $chain$3$inflateBackInit_  000000018001936c     infback.obj
 0002:00005384       $chain$4$inflateBackInit_  0000000180019384     infback.obj
 0002:00005394       $unwind$inflateBack        0000000180019394     infback.obj
 0002:000053a4       $chain$3$inflateBack       00000001800193a4     infback.obj
 0002:000053c4       $chain$4$inflateBack       00000001800193c4     infback.obj
 0002:000053d4       $unwind$inflateBackEnd     00000001800193d4     infback.obj
 0002:000053dc       $unwind$inflate_fast       00000001800193dc     inffas8664.obj
 0002:000053f4       $unwind$inflateResetKeep   00000001800193f4     inflate.obj
 0002:000053fc       $unwind$inflateReset       00000001800193fc     inflate.obj
 0002:00005404       $unwind$inflateReset2      0000000180019404     inflate.obj
 0002:00005418       $unwind$inflateInit2_      0000000180019418     inflate.obj
 0002:00005424       $chain$1$inflateInit2_     0000000180019424     inflate.obj
 0002:0000543c       $chain$3$inflateInit2_     000000018001943c     inflate.obj
 0002:00005454       $chain$4$inflateInit2_     0000000180019454     inflate.obj
[...]
 0002:00005f34       $chain$8$zipOpenNewFileInZip4_64 0000000180019f34     zip.obj
 0002:00005f50       $chain$9$zipOpenNewFileInZip4_64 0000000180019f50     zip.obj
 0002:00005f60       $unwind$zipOpenNewFileInZip3 0000000180019f60     zip.obj
 0002:00005f68       $unwind$zipOpenNewFileInZip3_64 0000000180019f68     zip.obj
 0002:00005f70       $unwind$zipOpenNewFileInZip2 0000000180019f70     zip.obj
 0002:00005f78       $unwind$zipOpenNewFileInZip2_64 0000000180019f78     zip.obj
 0002:00005f80       $unwind$zipOpenNewFileInZip64 0000000180019f80     zip.obj
 0002:00005f88       $unwind$zipOpenNewFileInZip 0000000180019f88     zip.obj
 0002:00005f90       $unwind$zip64FlushWriteBuffer 0000000180019f90     zip.obj
 0002:00005f9c       $chain$0$zip64FlushWriteBuffer 0000000180019f9c     zip.obj
 0002:00005fb0       $chain$2$zip64FlushWriteBuffer 0000000180019fb0     zip.obj
 0002:00005fc8       $chain$3$zip64FlushWriteBuffer 0000000180019fc8     zip.obj
 0002:00005fd8       $chain$4$zip64FlushWriteBuffer 0000000180019fd8     zip.obj
 0002:00005fe8       $unwind$zipWriteInFileInZip 0000000180019fe8     zip.obj
 0002:00005ff8       $chain$1$zipWriteInFileInZip 0000000180019ff8     zip.obj
 0002:00006010       $chain$3$zipWriteInFileInZip 000000018001a010     zip.obj
 0002:00006028       $chain$4$zipWriteInFileInZip 000000018001a028     zip.obj
 0002:00006038       $unwind$zipCloseFileInZipRaw64 000000018001a038     zip.obj
 0002:00006048       $chain$2$zipCloseFileInZipRaw64 000000018001a048     zip.obj
 0002:00006064       $chain$4$zipCloseFileInZipRaw64 000000018001a064     zip.obj
 0002:00006080       $chain$5$zipCloseFileInZipRaw64 000000018001a080     zip.obj
 0002:00006090       $unwind$Write_Zip64EndOfCentralDirectoryLocator 000000018001a090     zip.obj
 0002:0000609c       $unwind$Write_Zip64EndOfCentralDirectoryRecord 000000018001a09c     zip.obj
 0002:000060ac       $unwind$Write_EndOfCentralDirectoryRecord 000000018001a0ac     zip.obj
 0002:000060b8       $chain$0$Write_EndOfCentralDirectoryRecord 000000018001a0b8     zip.obj
 0002:000060cc       $chain$2$Write_EndOfCentralDirectoryRecord 000000018001a0cc     zip.obj
 0002:000060e4       $chain$3$Write_EndOfCentralDirectoryRecord 000000018001a0e4     zip.obj
 0002:000060f4       $chain$4$Write_EndOfCentralDirectoryRecord 000000018001a0f4     zip.obj
 0002:00006104       $unwind$Write_GlobalComment 000000018001a104     zip.obj
 0002:0000611c       $unwind$zipClose           000000018001a11c     zip.obj
 0002:0000612c       $chain$0$zipClose          000000018001a12c     zip.obj
 0002:00006140       $chain$1$zipClose          000000018001a140     zip.obj
 0002:00006154       $chain$2$zipClose          000000018001a154     zip.obj
 0002:00006168       $chain$3$zipClose          000000018001a168     zip.obj
 0002:00006178       $chain$4$zipClose          000000018001a178     zip.obj
 0002:00006188       $chain$5$zipClose          000000018001a188     zip.obj
 0002:00006198       $unwind$?dllmain_crt_process_attach@@YAHQEAUHINSTANCE__@@QEAX@Z 000000018001a198     MSVCRT:dll_dllmain.obj
 0002:000061d4       $unwind$?fin$0@?0??dllmain_crt_process_attach@@YAHQEAUHINSTANCE__@@QEAX@Z@4HA 000000018001a1d4     MSVCRT:dll_dllmain.obj
 0002:000061dc       $unwind$?dllmain_crt_process_detach@@YAH_N@Z 000000018001a1dc     MSVCRT:dll_dllmain.obj
 0002:00006230       $unwind$?fin$0@?0??dllmain_crt_process_detach@@YAH_N@Z@4HA 000000018001a230     MSVCRT:dll_dllmain.obj
 0002:00006238       $unwind$?fin$1@?0??dllmain_crt_process_detach@@YAH_N@Z@4HA 000000018001a238     MSVCRT:dll_dllmain.obj
 0002:00006240       $unwind$?dllmain_crt_dispatch@@YAHQEAUHINSTANCE__@@KQEAX@Z 000000018001a240     MSVCRT:dll_dllmain.obj
 0002:00006248       $unwind$?dllmain_dispatch@@YAHQEAUHINSTANCE__@@KQEAX@Z 000000018001a248     MSVCRT:dll_dllmain.obj
 0002:00006270       $unwind$?filt$0@?0??dllmain_dispatch@@YAHQEAUHINSTANCE__@@KQEAX@Z@4HA 000000018001a270     MSVCRT:dll_dllmain.obj
 0002:00006278       $unwind$_DllMainCRTStartup 000000018001a278     MSVCRT:dll_dllmain.obj
 0002:00006288       $unwind$__security_init_cookie 000000018001a288     MSVCRT:gs_support.obj
 0002:00006294       $unwind$__get_entropy      000000018001a294     MSVCRT:gs_support.obj
 0002:0000629c       $unwind$DllMain            000000018001a29c     MSVCRT:dll_dllmain_stub.obj
 0002:000062a4       $unwind$__scrt_initialize_default_local_stdio_options 000000018001a2a4     MSVCRT:default_local_stdio_options.obj
 0002:000062ac       $unwind$atexit             000000018001a2ac     MSVCRT:utility.obj
 0002:000062b4       $unwind$_onexit            000000018001a2b4     MSVCRT:utility.obj
 0002:000062bc       $unwind$__scrt_is_nonwritable_in_current_image 000000018001a2bc     MSVCRT:utility.obj
 0002:000062dc       $unwind$__scrt_is_nonwritable_in_current_image$filt$0 000000018001a2dc     MSVCRT:utility.obj
 0002:000062e4       $unwind$__scrt_acquire_startup_lock 000000018001a2e4     MSVCRT:utility.obj
 0002:000062ec       $unwind$__scrt_release_startup_lock 000000018001a2ec     MSVCRT:utility.obj
 0002:000062f4       $unwind$__scrt_initialize_crt 000000018001a2f4     MSVCRT:utility.obj
 0002:000062fc       $unwind$__scrt_uninitialize_crt 000000018001a2fc     MSVCRT:utility.obj
 0002:00006304       $unwind$__scrt_initialize_onexit_tables 000000018001a304     MSVCRT:utility.obj
 0002:0000630c       $unwind$__scrt_dllmain_exception_filter 000000018001a30c     MSVCRT:utility.obj
 0002:00006320       $unwind$__scrt_dllmain_before_initialize_c 000000018001a320     MSVCRT:utility.obj
 0002:00006328       $unwind$__scrt_dllmain_after_initialize_c 000000018001a328     MSVCRT:utility.obj
 0002:00006330       $unwind$__scrt_dllmain_uninitialize_c 000000018001a330     MSVCRT:utility.obj
 0002:00006338       $unwind$__scrt_dllmain_uninitialize_critical 000000018001a338     MSVCRT:utility.obj
 0002:00006340       $unwind$__scrt_dllmain_crt_thread_attach 000000018001a340     MSVCRT:utility.obj
 0002:00006348       $unwind$__scrt_dllmain_crt_thread_detach 000000018001a348     MSVCRT:utility.obj
 0002:00006350       $unwind$?configure_argv@__scrt_narrow_argv_policy@@SAHXZ 000000018001a350     MSVCRT:utility.obj
 0002:00006358       $unwind$__scrt_get_show_window_mode 000000018001a358     MSVCRT:utility_desktop.obj
 0002:00006360       $unwind$__scrt_is_managed_app 000000018001a360     MSVCRT:utility_desktop.obj
 0002:00006368       $unwind$__scrt_fastfail    000000018001a368     MSVCRT:utility_desktop.obj
 0002:00006378       $unwind$__scrt_unhandled_exception_filter 000000018001a378     MSVCRT:utility_desktop.obj
 0002:00006384       $unwind$_RTC_Initialize    000000018001a384     MSVCRT:initsect.obj
 0002:00006390       $unwind$_RTC_Terminate     000000018001a390     MSVCRT:initsect.obj
 0002:0000639c       $unwind$__castguard_check_failure_os_handled_wrapper 000000018001a39c     MSVCRT:guard_support.obj
 0002:000063a4       $unwind$__castguard_check_failure_os_handled 000000018001a3a4     MSVCRT:guard_support.obj
 0002:000063ac       $unwind$__castguard_slow_path_check_os_handled 000000018001a3ac     MSVCRT:guard_support.obj
 0002:000063b4       $unwind$__isa_available_init 000000018001a3b4     MSVCRT:cpu_disp.obj
 0002:000063c8       $xdatasym                  000000018001a3c8     MSVCRT:guard_dispatch.obj
 0002:000063d0       $xdatasym                  000000018001a3d0     MSVCRT:guard_xfg_dispatch.obj
 0002:000063d8       $xdatasym                  000000018001a3d8     MSVCRT:chkstk.obj
 0002:000063e0       .edata                     000000018001a3e0     zlibwapi.exp
 0002:00006408       rgpv                       000000018001a408     zlibwapi.exp
 0002:000066c4       rgszName                   000000018001a6c4     zlibwapi.exp
 0002:000068c8       rgwOrd                     000000018001a8c8     zlibwapi.exp
 0002:000069ca       szName                     000000018001a9ca     zlibwapi.exp
 0002:000069d7       $N00001                    000000018001a9d7     zlibwapi.exp
 0002:000069df       $N00140                    000000018001a9df     zlibwapi.exp
 0002:000069ef       $N00174                    000000018001a9ef     zlibwapi.exp
 0002:000069f9       $N00002                    000000018001a9f9     zlibwapi.exp
 0002:00006a02       $N00039                    000000018001aa02     zlibwapi.exp
 0002:00006a0c       $N00046                    000000018001aa0c     zlibwapi.exp
 0002:00006a1a       $N00003                    000000018001aa1a     zlibwapi.exp
 0002:00006a20       $N00142                    000000018001aa20     zlibwapi.exp
 0002:00006a2e       $N00175                    000000018001aa2e     zlibwapi.exp
 0002:00006a36       $N00004                    000000018001aa36     zlibwapi.exp
 0002:00006a3e       $N00047                    000000018001aa3e     zlibwapi.exp
 0002:00006a4b       $N00005                    000000018001aa4b     zlibwapi.exp
 0002:00006a57       $N00006                    000000018001aa57     zlibwapi.exp
 0002:00006a62       $N00173                    000000018001aa62     zlibwapi.exp
 0002:00006a77       $N00007                    000000018001aa77     zlibwapi.exp
 0002:00006a85       $N00008                    000000018001aa85     zlibwapi.exp
 0002:00006a92       $N00009                    000000018001aa92     zlibwapi.exp
 0002:00006aa0       $N00052                    000000018001aaa0     zlibwapi.exp
 0002:00006aaf       $N00051                    000000018001aaaf     zlibwapi.exp
 0002:00006abc       $N00010                    000000018001aabc     zlibwapi.exp
 0002:00006ac9       $N00164                    000000018001aac9     zlibwapi.exp
 0002:00006ada       $N00011                    000000018001aada     zlibwapi.exp
 0002:00006aef       $N00144                    000000018001aaef     zlibwapi.exp
 0002:00006b00       $N00145                    000000018001ab00     zlibwapi.exp
 0002:00006b0c       $N00110                    000000018001ab0c     zlibwapi.exp
 0002:00006b20       $N00111                    000000018001ab20     zlibwapi.exp
 0002:00006b36       $N00112                    000000018001ab36     zlibwapi.exp
 0002:00006b4d       $N00113                    000000018001ab4d     zlibwapi.exp
 0002:00006b64       $N00038                    000000018001ab64     zlibwapi.exp
 0002:00006b72       $N00146                    000000018001ab72     zlibwapi.exp
 0002:00006b7b       $N00048                    000000018001ab7b     zlibwapi.exp
 0002:00006b86       $N00012                    000000018001ab86     zlibwapi.exp
 0002:00006b8e       $N00147                    000000018001ab8e     zlibwapi.exp
 0002:00006b98       $N00148                    000000018001ab98     zlibwapi.exp
 0002:00006ba2       $N00149                    000000018001aba2     zlibwapi.exp
 0002:00006bab       $N00013                    000000018001abab     zlibwapi.exp
 0002:00006bb3       $N00034                    000000018001abb3     zlibwapi.exp
 0002:00006bb9       $N00014                    000000018001abb9     zlibwapi.exp
 0002:00006bc1       $N00015                    000000018001abc1     zlibwapi.exp
 0002:00006bc9       $N00171                    000000018001abc9     zlibwapi.exp
 0002:00006bd1       $N00172                    000000018001abd1     zlibwapi.exp
 0002:00006bda       $N00030                    000000018001abda     zlibwapi.exp
 0002:00006be1       $N00161                    000000018001abe1     zlibwapi.exp
 0002:00006be9       $N00041                    000000018001abe9     zlibwapi.exp
 0002:00006bf0       $N00150                    000000018001abf0     zlibwapi.exp
 0002:00006bf9       $N00016                    000000018001abf9     zlibwapi.exp
 0002:00006c00       $N00165                    000000018001ac00     zlibwapi.exp
 0002:00006c09       $N00028                    000000018001ac09     zlibwapi.exp
 0002:00006c12       $N00029                    000000018001ac12     zlibwapi.exp
 0002:00006c19       $N00040                    000000018001ac19     zlibwapi.exp
 0002:00006c20       $N00017                    000000018001ac20     zlibwapi.exp
 0002:00006c27       $N00032                    000000018001ac27     zlibwapi.exp
 0002:00006c30       $N00031                    000000018001ac30     zlibwapi.exp
 0002:00006c37       $N00035                    000000018001ac37     zlibwapi.exp
 0002:00006c43       $N00033                    000000018001ac43     zlibwapi.exp
 0002:00006c4a       $N00049                    000000018001ac4a     zlibwapi.exp
 0002:00006c53       $N00167                    000000018001ac53     zlibwapi.exp
 0002:00006c5d       $N00018                    000000018001ac5d     zlibwapi.exp
 0002:00006c65       $N00019                    000000018001ac65     zlibwapi.exp
 0002:00006c6d       $N00044                    000000018001ac6d     zlibwapi.exp
 0002:00006c79       $N00045                    000000018001ac79     zlibwapi.exp
 0002:00006c88       $N00043                    000000018001ac88     zlibwapi.exp
 0002:00006c99       $N00168                    000000018001ac99     zlibwapi.exp
 0002:00006caa       $N00042                    000000018001acaa     zlibwapi.exp
 0002:00006cb6       $N00020                    000000018001acb6     zlibwapi.exp
 0002:00006cc1       $N00166                    000000018001acc1     zlibwapi.exp
 0002:00006cd6       $N00156                    000000018001acd6     zlibwapi.exp
 0002:00006ce7       $N00021                    000000018001ace7     zlibwapi.exp
 0002:00006cf5       $N00022                    000000018001acf5     zlibwapi.exp
 0002:00006d02       $N00157                    000000018001ad02     zlibwapi.exp
 0002:00006d0e       $N00158                    000000018001ad0e     zlibwapi.exp
 0002:00006d1b       $N00023                    000000018001ad1b     zlibwapi.exp
 0002:00006d28       $N00159                    000000018001ad28     zlibwapi.exp
 0002:00006d36       $N00163                    000000018001ad36     zlibwapi.exp
 0002:00006d47       $N00024                    000000018001ad47     zlibwapi.exp
 0002:00006d5c       $N00025                    000000018001ad5c     zlibwapi.exp
 0002:00006d68       $N00037                    000000018001ad68     zlibwapi.exp
 0002:00006d79       $N00160                    000000018001ad79     zlibwapi.exp
 0002:00006d8a       $N00169                    000000018001ad8a     zlibwapi.exp
 0002:00006d9a       $N00026                    000000018001ad9a     zlibwapi.exp
 0002:00006da5       $N00170                    000000018001ada5     zlibwapi.exp
 0002:00006db1       $N00062                    000000018001adb1     zlibwapi.exp
 0002:00006dba       $N00072                    000000018001adba     zlibwapi.exp
 0002:00006dce       $N00064                    000000018001adce     zlibwapi.exp
 0002:00006de4       $N00124                    000000018001ade4     zlibwapi.exp
 0002:00006dfc       $N00125                    000000018001adfc     zlibwapi.exp
 0002:00006e1a       $N00100                    000000018001ae1a     zlibwapi.exp
 0002:00006e28       $N00127                    000000018001ae28     zlibwapi.exp
 0002:00006e38       $N00073                    000000018001ae38     zlibwapi.exp
 0002:00006e4c       $N00063                    000000018001ae4c     zlibwapi.exp
 0002:00006e5d       $N00122                    000000018001ae5d     zlibwapi.exp
 0002:00006e70       $N00076                    000000018001ae70     zlibwapi.exp
 0002:00006e86       $N00101                    000000018001ae86     zlibwapi.exp
 0002:00006e95       $N00128                    000000018001ae95     zlibwapi.exp
 0002:00006ea6       $N00065                    000000018001aea6     zlibwapi.exp
 0002:00006eb7       $N00066                    000000018001aeb7     zlibwapi.exp
 0002:00006ec7       $N00075                    000000018001aec7     zlibwapi.exp
 0002:00006ed5       $N00061                    000000018001aed5     zlibwapi.exp
 0002:00006edd       $N00077                    000000018001aedd     zlibwapi.exp
 0002:00006ee6       $N00121                    000000018001aee6     zlibwapi.exp
 0002:00006ef2       $N00120                    000000018001aef2     zlibwapi.exp
 0002:00006efc       $N00067                    000000018001aefc     zlibwapi.exp
 0002:00006f0f       $N00078                    000000018001af0f     zlibwapi.exp
 0002:00006f23       $N00069                    000000018001af23     zlibwapi.exp
 0002:00006f37       $N00079                    000000018001af37     zlibwapi.exp
 0002:00006f52       $N00068                    000000018001af52     zlibwapi.exp
 0002:00006f65       $N00074                    000000018001af65     zlibwapi.exp
 0002:00006f7e       $N00071                    000000018001af7e     zlibwapi.exp
 0002:00006f85       $N00070                    000000018001af85     zlibwapi.exp
 0002:00006f8d       $N00126                    000000018001af8d     zlibwapi.exp
 0002:00006f97       $N00036                    000000018001af97     zlibwapi.exp
 0002:00006f9e       $N00084                    000000018001af9e     zlibwapi.exp
 0002:00006fa7       $N00083                    000000018001afa7     zlibwapi.exp
 0002:00006fb9       $N00087                    000000018001afb9     zlibwapi.exp
 0002:00006fce       $N00136                    000000018001afce     zlibwapi.exp
 0002:00006fe5       $N00080                    000000018001afe5     zlibwapi.exp
 0002:00006fed       $N00088                    000000018001afed     zlibwapi.exp
 0002:00006ff6       $N00131                    000000018001aff6     zlibwapi.exp
 0002:00007002       $N00130                    000000018001b002     zlibwapi.exp
 0002:0000700c       $N00081                    000000018001b00c     zlibwapi.exp
 0002:00007020       $N00086                    000000018001b020     zlibwapi.exp
 0002:00007035       $N00133                    000000018001b035     zlibwapi.exp
 0002:0000704d       $N00089                    000000018001b04d     zlibwapi.exp
 0002:00007062       $N00134                    000000018001b062     zlibwapi.exp
 0002:0000707a       $N00135                    000000018001b07a     zlibwapi.exp
 0002:00007092       $N00132                    000000018001b092     zlibwapi.exp
 0002:000070a8       $N00082                    000000018001b0a8     zlibwapi.exp
 0002:000070bc       $N00050                    000000018001b0bc     zlibwapi.exp
 0002:000070cd       $N00027                    000000018001b0cd     zlibwapi.exp
 0002:0000743c       .idata$6                   000000018001b43c     kernel32:KERNEL32.dll
 0002:000074c0       .idata$6                   000000018001b4c0     vcruntime:VCRUNTIME140.dll
 0002:000076bc       .idata$6                   000000018001b6bc     ucrt:api-ms-win-crt-stdio-l1-1-0.dll
 0002:000076dc       .idata$6                   000000018001b6dc     ucrt:api-ms-win-crt-convert-l1-1-0.dll
 0002:000076fe       .idata$6                   000000018001b6fe     ucrt:api-ms-win-crt-heap-l1-1-0.dll
 0002:0000771e       .idata$6                   000000018001b71e     ucrt:api-ms-win-crt-runtime-l1-1-0.dll
 0002:00007740       .idata$6                   000000018001b740     ucrt:api-ms-win-crt-utility-l1-1-0.dll
 0002:00007762       .idata$6                   000000018001b762     ucrt:api-ms-win-crt-time-l1-1-0.dll
 0003:00000040       ?__proc_attached@@3HA      000000018001c040     MSVCRT:dll_dllmain.obj
 0003:00000080       ?is_initialized_as_dll@@3_NA 000000018001c080     MSVCRT:utility.obj
 0003:00000081       ?module_local_atexit_table_initialized@@3_NA 000000018001c081     MSVCRT:utility.obj
 0003:00000088       ?module_local_atexit_table@@3U_onexit_table_t@@A 000000018001c088     MSVCRT:utility.obj
 0003:000000a0       ?module_local_at_quick_exit_table@@3U_onexit_table_t@@A 000000018001c0a0     MSVCRT:utility.obj
 0003:000000c0       ?calls@?1??crypthead@@9@9  000000018001c0c0     zip.obj
 0005:00000060       $R000000                   000000018001f060     zlib.res
